[Licensing::Module] Trying to connect to existing licensing client channel...
Built from '6000.3/staging' branch; Version is '6000.3.13f1 (8c4f11e4fb20) revision 9195281'; Using compiler version '194234433'; Build Type 'Release'
[Licensing::IpcConnector] Successfully connected to: "LicenseClient-limon" at "2026-06-13T17:45:03.6612191Z"
OS: 'Windows 10  (10.0.19045) 64bit Professional' Language: 'uk' Physical Memory: 16334 MB
BatchMode: 1, IsHumanControllingUs: 0, StartBugReporterOnCrash: 0, Is64bit: 1
System  architecture: x64
Process architecture: x64
Date: 2026-06-13T17:45:03Z

COMMAND LINE ARGUMENTS:
D:\Unity\6000.3.13f1\Editor\Unity.exe
-adb2
-batchMode
-noUpm
-name
AssetImportWorker30
-projectPath
D:/GameDev/DarkPixels
-logFile
Logs/AssetImportWorker30.log
-srvPort
50184
-licensingIpc
LicenseClient-limon
-job-worker-count
5
-background-job-worker-count
8
-gc-helper-count
1
-name
AssetImport
Successfully changed project path to: D:/GameDev/DarkPixels
D:/GameDev/DarkPixels
[UnityMemory] Configuration Parameters - Can be set up in boot.config
    "memorysetup-temp-allocator-size-nav-mesh-worker=65536"
    "memorysetup-temp-allocator-size-audio-worker=65536"
    "memorysetup-temp-allocator-size-gfx=262144"
    "memorysetup-allocator-temp-initial-block-size-main=262144"
    "memorysetup-allocator-temp-initial-block-size-worker=262144"
    "memorysetup-temp-allocator-size-background-worker=32768"
    "memorysetup-temp-allocator-size-job-worker=262144"
    "memorysetup-temp-allocator-size-preload-manager=33554432"
    "memorysetup-temp-allocator-size-gi-baking-worker=262144"
    "memorysetup-temp-allocator-size-gi-baking-worker=262144"
    "memorysetup-temp-allocator-size-gi-baking-worker=262144"
    "memorysetup-temp-allocator-size-gi-baking-worker=262144"
    "memorysetup-temp-allocator-size-gi-baking-worker=262144"
    "memorysetup-bucket-allocator-granularity=16"
    "memorysetup-bucket-allocator-bucket-count=8"
    "memorysetup-bucket-allocator-block-size=33554432"
    "memorysetup-bucket-allocator-block-count=8"
    "memorysetup-main-allocator-block-size=16777216"
    "memorysetup-thread-allocator-block-size=16777216"
    "memorysetup-gfx-main-allocator-block-size=16777216"
    "memorysetup-gfx-thread-allocator-block-size=16777216"
    "memorysetup-cache-allocator-block-size=4194304"
    "memorysetup-typetree-allocator-block-size=2097152"
    "memorysetup-profiler-bucket-allocator-granularity=16"
    "memorysetup-profiler-bucket-allocator-bucket-count=8"
    "memorysetup-profiler-bucket-allocator-block-size=33554432"
    "memorysetup-profiler-bucket-allocator-block-count=8"
    "memorysetup-profiler-allocator-block-size=16777216"
    "memorysetup-profiler-editor-allocator-block-size=1048576"
    "memorysetup-temp-allocator-size-main=16777216"
    "memorysetup-job-temp-allocator-block-size=2097152"
    "memorysetup-job-temp-allocator-block-size-background=1048576"
    "memorysetup-job-temp-allocator-reduction-small-platforms=262144"
    "memorysetup-temp-allocator-size-cloud-worker=32768"
Player connection [28456]  Target information:

Player connection [28456]  * "[IP] 192.168.0.28 [Port] 0 [Flags] 2 [Guid] 1560349395 [EditorId] 1560349395 [Version] 1048832 [Id] WindowsEditor(7,DESKTOP-4DD92S9) [Debug] 1 [PackageName] WindowsEditor [ProjectName] Editor" 

Player connection [28456] Host joined multi-casting on [225.0.0.222:54997]...
Player connection [28456] Host joined alternative multi-casting on [225.0.0.222:34997]...
JobSystem: Creating JobQueue using job-worker-count value 5
Input System module state changed to: Initialized.
[Physics::Module] Initialized fallback backend.
[Physics::Module] Id: 0xdecafbad
Library Redirect Path: Library/
[Physics::Module] Selected backend.
[Physics::Module] Name: PhysX
[Physics::Module] Id: 0xf2b8ea05
[Physics::Module] SDK Version: 4.1.2
[Physics::Module] Integration Version: 1.0.0
[Physics::Module] Threading Mode: Multi-Threaded
[Licensing::Module] Licensing is not yet initialized.
[Licensing::Client] Error: HandshakeResponse reported an error:
	ResponseCode: 505
	ResponseStatus: Unsupported protocol version '1.18.1'.
[Licensing::Module] Error: Failed to handshake to channel: "LicenseClient-limon"
[Licensing::IpcConnector] LicenseClient-limon channel disconnected successfully.
[Licensing::IpcConnector] Successfully connected to: "LicenseClient-limon-6000.3.13" at "2026-06-13T17:45:05.1507753Z"
[Licensing::Client] Handshaking with LicensingClient:
  Version:                 1.18.1+9fbee8e
  Session Id:              dea4f230106a45bc93e13a11eb4c986d
  Correlation Id:          161932b8a59d27e5e212d6a1440c5954
  External correlation Id: 7831181141340730263
  Machine Id:              4D8GW8ETA38K6LsA7GOMWmqZxN4=
[Licensing::Module] Successfully connected to LicensingClient on channel: "LicenseClient-limon-6000.3.13" (connect: 0.00s, validation: 0.00s, handshake: 1.78s)
[Licensing::IpcConnector] Successfully connected to: "LicenseClient-limon-6000.3.13-notifications" at "2026-06-13T17:45:06.9395611Z"
[Licensing::Module] Licensing Background thread has ended after 3.28s
[Licensing::Module] Licensing is initialized (took 3.02s).
[Licensing::Client] Successfully resolved entitlement details
[Licensing::Module] License group:
  Id: 7971680487528-UnityPersXXXX
  Product: Unity Personal
  Type: Assigned
  Expiration: Unlimited
Refreshing native plugins compatible for Editor in 45.00 ms, found 5 plugins.
Preloading 0 native plugins for Editor in 0.00 ms.
Initialize engine version: 6000.3.13f1 (8c4f11e4fb20)
[Subsystems] Discovering subsystems at path D:/Unity/6000.3.13f1/Editor/Data/Resources/UnitySubsystems
[Subsystems] Discovering subsystems at path D:/GameDev/DarkPixels/Assets
GfxDevice: creating device client; kGfxThreadingModeNonThreaded
Direct3D:
    Version:  Direct3D 11.0 [level 11.1]
    Renderer: Radeon RX 590 Series (ID=0x67df)
    Vendor:   ATI
    VRAM:     8170 MB
    Driver:   31.0.21923.1000
Initialize mono
Mono path[0] = 'D:/Unity/6000.3.13f1/Editor/Data/Managed'
Mono path[1] = 'D:/Unity/6000.3.13f1/Editor/Data/MonoBleedingEdge/lib/mono/unityjit-win32'
Mono config path = 'D:/Unity/6000.3.13f1/Editor/Data/MonoBleedingEdge/etc'
Using monoOptions --debugger-agent=transport=dt_socket,embedding=1,server=y,suspend=n,address=127.0.0.1:56324
Begin MonoManager ReloadAssembly
Registering precompiled unity dll's ...
Register platform support module: D:/Unity/6000.3.13f1/Editor/Data/PlaybackEngines/WindowsStandaloneSupport/UnityEditor.WindowsStandalone.Extensions.dll
Register platform support module: D:/Unity/6000.3.13f1/Editor/Data/PlaybackEngines/AndroidPlayer/UnityEditor.Android.Extensions.dll
Registered in 0.004328 seconds.
- Loaded All Assemblies, in  0.725 seconds
Native extension for Android target not found
Native extension for WindowsStandalone target not found
Package Manager log level set to [2]
[Package Manager] Failed to launch server process. Reason: Unity was launched with the -noUpm command-line argument
[Package Manager] Unable to send message (not connected to server process).
[Package Manager] Cannot connect to Unity Package Manager local server
ScheduleIndexationOnStartup MainProcess:False IndexOnStartup:True
Mono: successfully reloaded assembly
- Finished resetting the current domain, in  0.814 seconds
Domain Reload Profiling: 1539ms
	BeginReloadAssembly (235ms)
		ExecutionOrderSort (0ms)
		DisableScriptedObjects (0ms)
		BackupInstance (0ms)
		ReleaseScriptingObjects (0ms)
		CreateAndSetChildDomain (1ms)
	RebuildCommonClasses (68ms)
	RebuildNativeTypeToScriptingClass (21ms)
	initialDomainReloadingComplete (81ms)
	LoadAllAssembliesAndSetupDomain (319ms)
		LoadAssemblies (234ms)
		RebuildTransferFunctionScriptingTraits (0ms)
		AnalyzeDomain (312ms)
			TypeCache.Refresh (310ms)
				TypeCache.ScanAssembly (289ms)
			BuildScriptInfoCaches (0ms)
			ResolveRequiredComponents (1ms)
	FinalizeReload (814ms)
		ReleaseScriptCaches (0ms)
		RebuildScriptCaches (0ms)
		SetupLoadedEditorAssemblies (712ms)
			LogAssemblyErrors (0ms)
			InitializePlatformSupportModulesInManaged (114ms)
			SetLoadedEditorAssemblies (8ms)
			BeforeProcessingInitializeOnLoad (147ms)
			ProcessInitializeOnLoadAttributes (247ms)
			ProcessInitializeOnLoadMethodAttributes (196ms)
			AfterProcessingInitializeOnLoad (0ms)
			EditorAssembliesLoaded (0ms)
		ExecutionOrderSort2 (0ms)
		AwakeInstancesAfterBackupRestoration (0ms)
========================================================================
Worker process is ready to serve import requests
Import Worker Mode flag is 0x00
Begin MonoManager ReloadAssembly
[Licensing::Client] Successfully resolved entitlement details
Duplicate assembly 'log4net.dll' with different versions detected, using 'Packages/com.unity.package-validation-suite/Lib/Editor/log4net.dll, AssemblyName=log4net, Version=2.0.8.0, Culture=neutral, PublicKeyToken=669e0ddf0bb1aa2a' and ignoring 'Packages/com.unity.collab-proxy/Lib/Editor/log4netPlastic.dll, AssemblyName=log4net, Version=1.2.15.0, Culture=neutral, PublicKeyToken=669e0ddf0bb1aa2a'.Symbol file LoadedFromMemory is not a mono symbol file
- Loaded All Assemblies, in  1.832 seconds
Refreshing native plugins compatible for Editor in 12.48 ms, found 5 plugins.
Native extension for Android target not found
Native extension for WindowsStandalone target not found
[Package Manager] Failed to launch server process. Reason: Unity was launched with the -noUpm command-line argument
[Package Manager] Unable to send message (not connected to server process).
[Package Manager] Cannot connect to Unity Package Manager local server
[Package Manager] Failed to launch server process. Reason: Unity was launched with the -noUpm command-line argument
[Package Manager] Unable to send message (not connected to server process).
[Package Manager] Cannot connect to Unity Package Manager local server
Refreshing native plugins compatible for Editor in 11.65 ms, found 5 plugins.
[Package Manager] Failed to launch server process. Reason: Unity was launched with the -noUpm command-line argument
[Package Manager] Unable to send message (not connected to server process).
[Package Manager] Cannot connect to Unity Package Manager local server
ScheduleIndexationOnStartup MainProcess:False IndexOnStartup:True
Mono: successfully reloaded assembly
- Finished resetting the current domain, in  1.796 seconds
Domain Reload Profiling: 3626ms
	BeginReloadAssembly (341ms)
		ExecutionOrderSort (0ms)
		DisableScriptedObjects (12ms)
		BackupInstance (0ms)
		ReleaseScriptingObjects (0ms)
		CreateAndSetChildDomain (54ms)
	RebuildCommonClasses (71ms)
	RebuildNativeTypeToScriptingClass (21ms)
	initialDomainReloadingComplete (64ms)
	LoadAllAssembliesAndSetupDomain (1332ms)
		LoadAssemblies (819ms)
		RebuildTransferFunctionScriptingTraits (0ms)
		AnalyzeDomain (711ms)
			TypeCache.Refresh (509ms)
				TypeCache.ScanAssembly (475ms)
			BuildScriptInfoCaches (169ms)
			ResolveRequiredComponents (24ms)
	FinalizeReload (1797ms)
		ReleaseScriptCaches (0ms)
		RebuildScriptCaches (0ms)
		SetupLoadedEditorAssemblies (1522ms)
			LogAssemblyErrors (0ms)
			InitializePlatformSupportModulesInManaged (12ms)
			SetLoadedEditorAssemblies (7ms)
			BeforeProcessingInitializeOnLoad (260ms)
			ProcessInitializeOnLoadAttributes (706ms)
			ProcessInitializeOnLoadMethodAttributes (532ms)
			AfterProcessingInitializeOnLoad (3ms)
			EditorAssembliesLoaded (1ms)
		ExecutionOrderSort2 (0ms)
		AwakeInstancesAfterBackupRestoration (8ms)
Launched and connected shader compiler UnityShaderCompiler.exe after 0.07 seconds
Refreshing native plugins compatible for Editor in 12.10 ms, found 5 plugins.
Preloading 0 native plugins for Editor in 0.00 ms.
Unloading 17 Unused Serialized files (Serialized files now loaded: 0)
Unloading 9101 unused Assets / (5.0 MB). Loaded Objects now: 9916.
Memory consumption went from 171.3 MB to 166.3 MB.
Total: 17.111700 ms (FindLiveObjects: 1.451500 ms CreateObjectMapping: 1.458700 ms MarkObjects: 9.917400 ms  DeleteObjects: 4.282300 ms)

========================================================================
Received Import Request.
  Time since last request: 23815.338083 seconds.
  path: Assets/Resources/400+ Rpg items16x16/tile015.png
  artifactKey: Guid(af06d05f2d90a6b4592e08d8c539cf0d) Importer(815301076,1909f56bfc062723c751e8b465ee728b)
Start importing Assets/Resources/400+ Rpg items16x16/tile015.png using Guid(af06d05f2d90a6b4592e08d8c539cf0d) Importer(815301076,1909f56bfc062723c751e8b465ee728b) (PreviewImporter) -> (artifact id: '6ce96e4f0f78d3f4e026fb3346b91f04') in 0.7328287 seconds
Number of updated asset objects reloaded before import = 0Number of asset objects unloaded after import = 5170

========================================================================
Received Import Request.
  Time since last request: 0.000061 seconds.
  path: Assets/Resources/400+ Rpg items16x16/tile043.png
  artifactKey: Guid(27f32a22943b05a48bb82c0a7e09973b) Importer(815301076,1909f56bfc062723c751e8b465ee728b)
Start importing Assets/Resources/400+ Rpg items16x16/tile043.png using Guid(27f32a22943b05a48bb82c0a7e09973b) Importer(815301076,1909f56bfc062723c751e8b465ee728b) (PreviewImporter) -> (artifact id: '3890771af7b0705f80d97c987277b9f5') in 0.5673574 seconds
Number of updated asset objects reloaded before import = 0Number of asset objects unloaded after import = 5170

========================================================================
Received Import Request.
  Time since last request: 0.000047 seconds.
  path: Assets/Resources/TowerData/Floor_1.asset
  artifactKey: Guid(bdf152ba412730244862f88d538144d0) Importer(815301076,1909f56bfc062723c751e8b465ee728b)
Start importing Assets/Resources/TowerData/Floor_1.asset using Guid(bdf152ba412730244862f88d538144d0) Importer(815301076,1909f56bfc062723c751e8b465ee728b) (PreviewImporter) -> (artifact id: 'fa884f0540e7f45d32f2b370d1baa64d') in 0.001611 seconds
Number of updated asset objects reloaded before import = 0Number of asset objects unloaded after import = 1

========================================================================
Received Import Request.
  Time since last request: 0.000034 seconds.
  path: Assets/Resources/400+ Rpg items16x16/tile002.png
  artifactKey: Guid(69aa238f8605ed44db064d452714f7b9) Importer(815301076,1909f56bfc062723c751e8b465ee728b)
Start importing Assets/Resources/400+ Rpg items16x16/tile002.png using Guid(69aa238f8605ed44db064d452714f7b9) Importer(815301076,1909f56bfc062723c751e8b465ee728b) (PreviewImporter) -> (artifact id: '3b4395df6286ba1d4be3a4f94c136e2f') in 0.53817 seconds
Number of updated asset objects reloaded before import = 0Number of asset objects unloaded after import = 5170

========================================================================
Received Import Request.
  Time since last request: 0.000036 seconds.
  path: Assets/Resources/400+ Rpg items16x16/tile005.png
  artifactKey: Guid(bfa795617b76072418166c6115632f2a) Importer(815301076,1909f56bfc062723c751e8b465ee728b)
Start importing Assets/Resources/400+ Rpg items16x16/tile005.png using Guid(bfa795617b76072418166c6115632f2a) Importer(815301076,1909f56bfc062723c751e8b465ee728b) (PreviewImporter) -> (artifact id: '6b3a6ea535a3d9bb340548cf0f6e35ed') in 0.5356091 seconds
Number of updated asset objects reloaded before import = 0Number of asset objects unloaded after import = 5170

========================================================================
Received Import Request.
  Time since last request: 0.000052 seconds.
  path: Assets/Resources/400+ Rpg items16x16/tile038.png
  artifactKey: Guid(5e8e1f2a109bea54c8c955f74f452312) Importer(815301076,1909f56bfc062723c751e8b465ee728b)
Start importing Assets/Resources/400+ Rpg items16x16/tile038.png using Guid(5e8e1f2a109bea54c8c955f74f452312) Importer(815301076,1909f56bfc062723c751e8b465ee728b) (PreviewImporter) -> (artifact id: '07a58dcd5dfc028a16ff2bc9b78a00e1') in 0.536847 seconds
Number of updated asset objects reloaded before import = 0Number of asset objects unloaded after import = 5170

========================================================================
Received Import Request.
  Time since last request: 0.000040 seconds.
  path: Assets/Resources/400+ Rpg items16x16/tile025.png
  artifactKey: Guid(a30bc1b9eef23d6458a1a7c7c180f4ad) Importer(815301076,1909f56bfc062723c751e8b465ee728b)
Start importing Assets/Resources/400+ Rpg items16x16/tile025.png using Guid(a30bc1b9eef23d6458a1a7c7c180f4ad) Importer(815301076,1909f56bfc062723c751e8b465ee728b) (PreviewImporter) -> (artifact id: '155d20744d6a06ddc617021843cdd5f1') in 0.5119474 seconds
Number of updated asset objects reloaded before import = 0Number of asset objects unloaded after import = 5170

========================================================================
Received Import Request.
  Time since last request: 0.000044 seconds.
  path: Assets/Resources/400+ Rpg items16x16/tile017.png
  artifactKey: Guid(4521f16509558fc49b8afa46bec89e55) Importer(815301076,1909f56bfc062723c751e8b465ee728b)
Start importing Assets/Resources/400+ Rpg items16x16/tile017.png using Guid(4521f16509558fc49b8afa46bec89e55) Importer(815301076,1909f56bfc062723c751e8b465ee728b) (PreviewImporter) -> (artifact id: '4d1c369525e7c51412df60c29947b966') in 0.5331692 seconds
Number of updated asset objects reloaded before import = 0Number of asset objects unloaded after import = 5170

========================================================================
Received Import Request.
  Time since last request: 3.629674 seconds.
  path: Assets/Resources/BackGround_HP_Bar.png
  artifactKey: Guid(2e134a6fe063a5243b2a998d9c0d952a) Importer(815301076,1909f56bfc062723c751e8b465ee728b)
Start importing Assets/Resources/BackGround_HP_Bar.png using Guid(2e134a6fe063a5243b2a998d9c0d952a) Importer(815301076,1909f56bfc062723c751e8b465ee728b) (PreviewImporter) -> (artifact id: 'a6ba66f317af1aac1334e493fb7021fb') in 0.5903562 seconds
Number of updated asset objects reloaded before import = 0Number of asset objects unloaded after import = 5170

========================================================================
Received Import Request.
  Time since last request: 0.000033 seconds.
  path: Assets/Resources/Colodaz.png
  artifactKey: Guid(1465737cb42171c49a2ae0e72d8b0434) Importer(815301076,1909f56bfc062723c751e8b465ee728b)
Start importing Assets/Resources/Colodaz.png using Guid(1465737cb42171c49a2ae0e72d8b0434) Importer(815301076,1909f56bfc062723c751e8b465ee728b) (PreviewImporter) -> (artifact id: '39d627749b82cda6f6aa6eee005ad695') in 0.5858729 seconds
Number of updated asset objects reloaded before import = 0Number of asset objects unloaded after import = 5170

========================================================================
Received Import Request.
  Time since last request: 0.000041 seconds.
  path: Assets/Resources/QuestArrow.png
  artifactKey: Guid(07bcd1c0cda822b4886cf9173119b2de) Importer(815301076,1909f56bfc062723c751e8b465ee728b)
Start importing Assets/Resources/QuestArrow.png using Guid(07bcd1c0cda822b4886cf9173119b2de) Importer(815301076,1909f56bfc062723c751e8b465ee728b) (PreviewImporter) -> (artifact id: 'cef86696ede176538ab4493f3a8b7656') in 0.5517177 seconds
Number of updated asset objects reloaded before import = 0Number of asset objects unloaded after import = 5170

========================================================================
Received Import Request.
  Time since last request: 0.000034 seconds.
  path: Assets/Resources/Street_Lamp.png
  artifactKey: Guid(50e95044d05781144a59a010df3a6b3b) Importer(815301076,1909f56bfc062723c751e8b465ee728b)
Start importing Assets/Resources/Street_Lamp.png using Guid(50e95044d05781144a59a010df3a6b3b) Importer(815301076,1909f56bfc062723c751e8b465ee728b) (PreviewImporter) -> (artifact id: 'fb04e3a95d921a9e932c3506f51c136a') in 0.5294344 seconds
Number of updated asset objects reloaded before import = 0Number of asset objects unloaded after import = 5170

========================================================================
Received Import Request.
  Time since last request: 0.000048 seconds.
  path: Assets/Resources/Fill_HP_Bar.png
  artifactKey: Guid(cb3a853a1ac95b944905793453c3aeec) Importer(815301076,1909f56bfc062723c751e8b465ee728b)
Start importing Assets/Resources/Fill_HP_Bar.png using Guid(cb3a853a1ac95b944905793453c3aeec) Importer(815301076,1909f56bfc062723c751e8b465ee728b) (PreviewImporter) -> (artifact id: 'fcb5b9db5f623a22c498c44e96089ff7') in 0.5739786 seconds
Number of updated asset objects reloaded before import = 0Number of asset objects unloaded after import = 5170

========================================================================
Received Import Request.
  Time since last request: 1.705385 seconds.
  path: Assets/Resources/BackGround_HP_Bar.png
  artifactKey: Guid(2e134a6fe063a5243b2a998d9c0d952a) Importer(815301076,1909f56bfc062723c751e8b465ee728b)
Start importing Assets/Resources/BackGround_HP_Bar.png using Guid(2e134a6fe063a5243b2a998d9c0d952a) Importer(815301076,1909f56bfc062723c751e8b465ee728b) (PreviewImporter) -> (artifact id: 'eaaa6221815e5bd679c88649bb0ce482') in 0.6185098 seconds
Number of updated asset objects reloaded before import = 0Number of asset objects unloaded after import = 5170

========================================================================
Received Import Request.
  Time since last request: 0.000033 seconds.
  path: Assets/Resources/Tower_2.png
  artifactKey: Guid(709d97e9a63232047b834bcb0a4d783b) Importer(815301076,1909f56bfc062723c751e8b465ee728b)
Start importing Assets/Resources/Tower_2.png using Guid(709d97e9a63232047b834bcb0a4d783b) Importer(815301076,1909f56bfc062723c751e8b465ee728b) (PreviewImporter) -> (artifact id: 'a459176affd67fa16e6bae91df108ab8') in 0.5914223 seconds
Number of updated asset objects reloaded before import = 0Number of asset objects unloaded after import = 5170

========================================================================
Received Import Request.
  Time since last request: 0.000049 seconds.
  path: Assets/Resources/Tower_2/Dungeon_Tile_3_10.asset
  artifactKey: Guid(972922ff50208f548a8399557fa8e2a0) Importer(815301076,1909f56bfc062723c751e8b465ee728b)
Start importing Assets/Resources/Tower_2/Dungeon_Tile_3_10.asset using Guid(972922ff50208f548a8399557fa8e2a0) Importer(815301076,1909f56bfc062723c751e8b465ee728b) (PreviewImporter) -> (artifact id: '592d503031dcb28aa9765624d6fb6f2f') in 0.5563312 seconds
Number of updated asset objects reloaded before import = 0Number of asset objects unloaded after import = 5170

========================================================================
Received Import Request.
  Time since last request: 0.000032 seconds.
  path: Assets/Resources/Tower_2/Dungeon_Tile_3_4.asset
  artifactKey: Guid(f8f31e0984ea0e54b8d79792ba3aa809) Importer(815301076,1909f56bfc062723c751e8b465ee728b)
Start importing Assets/Resources/Tower_2/Dungeon_Tile_3_4.asset using Guid(f8f31e0984ea0e54b8d79792ba3aa809) Importer(815301076,1909f56bfc062723c751e8b465ee728b) (PreviewImporter) -> (artifact id: '5df13e99c1bdf0525839949746b5f087') in 0.6179836 seconds
Number of updated asset objects reloaded before import = 0Number of asset objects unloaded after import = 5170

========================================================================
Received Import Request.
  Time since last request: 0.000048 seconds.
  path: Assets/Resources/Tower_2/Dungeon_Tile_3_34.asset
  artifactKey: Guid(ce89474c024407c4b90c9f17cc326522) Importer(815301076,1909f56bfc062723c751e8b465ee728b)
Start importing Assets/Resources/Tower_2/Dungeon_Tile_3_34.asset using Guid(ce89474c024407c4b90c9f17cc326522) Importer(815301076,1909f56bfc062723c751e8b465ee728b) (PreviewImporter) -> (artifact id: 'a6a92d661a5c13f37e5e0e57b5037174') in 0.5976552 seconds
Number of updated asset objects reloaded before import = 0Number of asset objects unloaded after import = 5170

========================================================================
Received Import Request.
  Time since last request: 0.000045 seconds.
  path: Assets/Resources/Tower_2/Dungeon_Tile_3_57.asset
  artifactKey: Guid(f77182179caed81498743554881fa64f) Importer(815301076,1909f56bfc062723c751e8b465ee728b)
Start importing Assets/Resources/Tower_2/Dungeon_Tile_3_57.asset using Guid(f77182179caed81498743554881fa64f) Importer(815301076,1909f56bfc062723c751e8b465ee728b) (PreviewImporter) -> (artifact id: 'cbf85cd9cec4c435bf8190f0f7a2a75c') in 0.6309636 seconds
Number of updated asset objects reloaded before import = 0Number of asset objects unloaded after import = 5170

========================================================================
Received Import Request.
  Time since last request: 0.000052 seconds.
  path: Assets/Resources/QuestArrow.png
  artifactKey: Guid(07bcd1c0cda822b4886cf9173119b2de) Importer(815301076,1909f56bfc062723c751e8b465ee728b)
Start importing Assets/Resources/QuestArrow.png using Guid(07bcd1c0cda822b4886cf9173119b2de) Importer(815301076,1909f56bfc062723c751e8b465ee728b) (PreviewImporter) -> (artifact id: 'a3e7e4fe303ec420c4ecd6513912ad95') in 0.6210313 seconds
Number of updated asset objects reloaded before import = 0Number of asset objects unloaded after import = 5170

========================================================================
Received Import Request.
  Time since last request: 0.000042 seconds.
  path: Assets/Resources/Tower_2/Dungeon_Tile_3_29.asset
  artifactKey: Guid(8e208195c1b39e944a45e19d6bf8fb73) Importer(815301076,1909f56bfc062723c751e8b465ee728b)
Start importing Assets/Resources/Tower_2/Dungeon_Tile_3_29.asset using Guid(8e208195c1b39e944a45e19d6bf8fb73) Importer(815301076,1909f56bfc062723c751e8b465ee728b) (PreviewImporter) -> (artifact id: 'ccd35a9ef9eca331ee0849b2da038f73') in 0.6511446 seconds
Number of updated asset objects reloaded before import = 0Number of asset objects unloaded after import = 5170

========================================================================
Received Import Request.
  Time since last request: 0.000049 seconds.
  path: Assets/Resources/potions_black_outline.png
  artifactKey: Guid(a9fe4898b61b4394886d460606cba7e9) Importer(815301076,1909f56bfc062723c751e8b465ee728b)
Start importing Assets/Resources/potions_black_outline.png using Guid(a9fe4898b61b4394886d460606cba7e9) Importer(815301076,1909f56bfc062723c751e8b465ee728b) (PreviewImporter) -> (artifact id: '265be5271155d2c4c8a0a84a7b23cd70') in 1.5053546 seconds
Number of updated asset objects reloaded before import = 0Number of asset objects unloaded after import = 5170

========================================================================
Received Import Request.
  Time since last request: 0.000038 seconds.
  path: Assets/Resources/Tower_2/Dungeon_Tile_3_26.asset
  artifactKey: Guid(e8dd3e4a6f475814cb9f38c73edf88b0) Importer(815301076,1909f56bfc062723c751e8b465ee728b)
Start importing Assets/Resources/Tower_2/Dungeon_Tile_3_26.asset using Guid(e8dd3e4a6f475814cb9f38c73edf88b0) Importer(815301076,1909f56bfc062723c751e8b465ee728b) (PreviewImporter) -> (artifact id: '1c7224a84dc33cb9062a129a9ec7ba79') in 0.5944345 seconds
Number of updated asset objects reloaded before import = 0Number of asset objects unloaded after import = 5170

========================================================================
Received Import Request.
  Time since last request: 0.000041 seconds.
  path: Assets/Resources/Tower_2/Dungeon_Tile_3_15.asset
  artifactKey: Guid(1471a86554ee44c4f993fd35778f911e) Importer(815301076,1909f56bfc062723c751e8b465ee728b)
Start importing Assets/Resources/Tower_2/Dungeon_Tile_3_15.asset using Guid(1471a86554ee44c4f993fd35778f911e) Importer(815301076,1909f56bfc062723c751e8b465ee728b) (PreviewImporter) -> (artifact id: '5e3598d8943aae341709cbaa7a13692c') in 0.5703314 seconds
Number of updated asset objects reloaded before import = 0Number of asset objects unloaded after import = 5170

========================================================================
Received Import Request.
  Time since last request: 0.000032 seconds.
  path: Assets/Resources/Tower_2/Dungeon_Tile_3_36.asset
  artifactKey: Guid(829f863da4c425e4bb8cef9955c8460d) Importer(815301076,1909f56bfc062723c751e8b465ee728b)
Start importing Assets/Resources/Tower_2/Dungeon_Tile_3_36.asset using Guid(829f863da4c425e4bb8cef9955c8460d) Importer(815301076,1909f56bfc062723c751e8b465ee728b) (PreviewImporter) -> (artifact id: 'a0bb22503361564876f7a27f2d81d4d4') in 0.5737968 seconds
Number of updated asset objects reloaded before import = 0Number of asset objects unloaded after import = 5170

========================================================================
Received Import Request.
  Time since last request: 0.000047 seconds.
  path: Assets/Resources/Tower_2/Dungeon_Tile_3_32.asset
  artifactKey: Guid(a4c2961c13c47f94db594c37d0a6e15f) Importer(815301076,1909f56bfc062723c751e8b465ee728b)
Start importing Assets/Resources/Tower_2/Dungeon_Tile_3_32.asset using Guid(a4c2961c13c47f94db594c37d0a6e15f) Importer(815301076,1909f56bfc062723c751e8b465ee728b) (PreviewImporter) -> (artifact id: 'b780fc9b2fd311ad4e9e5ecdb94089f6') in 0.6230971 seconds
Number of updated asset objects reloaded before import = 0Number of asset objects unloaded after import = 5170

========================================================================
Received Import Request.
  Time since last request: 0.000043 seconds.
  path: Assets/Resources/Tower_2/Dungeon_Tile_3_61.asset
  artifactKey: Guid(77e8e04f0d72b674882e0ff1f0786edb) Importer(815301076,1909f56bfc062723c751e8b465ee728b)
Start importing Assets/Resources/Tower_2/Dungeon_Tile_3_61.asset using Guid(77e8e04f0d72b674882e0ff1f0786edb) Importer(815301076,1909f56bfc062723c751e8b465ee728b) (PreviewImporter) -> (artifact id: 'b16adc30b7106aced82680152659156d') in 0.5826712 seconds
Number of updated asset objects reloaded before import = 0Number of asset objects unloaded after import = 5170

========================================================================
Received Import Request.
  Time since last request: 0.000043 seconds.
  path: Assets/Resources/LogoGame.png
  artifactKey: Guid(0c37d3e21a5596342a8996d4665a9cb6) Importer(815301076,1909f56bfc062723c751e8b465ee728b)
Start importing Assets/Resources/LogoGame.png using Guid(0c37d3e21a5596342a8996d4665a9cb6) Importer(815301076,1909f56bfc062723c751e8b465ee728b) (PreviewImporter) -> (artifact id: 'ad4d5f71639d194a3cac82727f733ea8') in 0.5859452 seconds
Number of updated asset objects reloaded before import = 0Number of asset objects unloaded after import = 5170

========================================================================
Received Import Request.
  Time since last request: 0.000037 seconds.
  path: Assets/Resources/Tower_2/Dungeon_Tile_3_33.asset
  artifactKey: Guid(94446394d64a8bf45aa7c10b4294b7f5) Importer(815301076,1909f56bfc062723c751e8b465ee728b)
Start importing Assets/Resources/Tower_2/Dungeon_Tile_3_33.asset using Guid(94446394d64a8bf45aa7c10b4294b7f5) Importer(815301076,1909f56bfc062723c751e8b465ee728b) (PreviewImporter) -> (artifact id: '5aafa8a44a5b8ae661620ec8a75dbb41') in 0.5701998 seconds
Number of updated asset objects reloaded before import = 0Number of asset objects unloaded after import = 5170

========================================================================
Received Import Request.
  Time since last request: 0.000043 seconds.
  path: Assets/Resources/Tower_2/Dungeon_Tile_3_59.asset
  artifactKey: Guid(135ff779c5a43b645986e5176cf3964d) Importer(815301076,1909f56bfc062723c751e8b465ee728b)
Start importing Assets/Resources/Tower_2/Dungeon_Tile_3_59.asset using Guid(135ff779c5a43b645986e5176cf3964d) Importer(815301076,1909f56bfc062723c751e8b465ee728b) (PreviewImporter) -> (artifact id: 'a4fac2797bc8d00be7bef701dcdf959b') in 0.56491 seconds
Number of updated asset objects reloaded before import = 0Number of asset objects unloaded after import = 5170

========================================================================
Received Import Request.
  Time since last request: 0.000036 seconds.
  path: Assets/Resources/Tower_2/Dungeon_Tile_3_13.asset
  artifactKey: Guid(c597bc4098a387f4f8fb9a9726ceb943) Importer(815301076,1909f56bfc062723c751e8b465ee728b)
Start importing Assets/Resources/Tower_2/Dungeon_Tile_3_13.asset using Guid(c597bc4098a387f4f8fb9a9726ceb943) Importer(815301076,1909f56bfc062723c751e8b465ee728b) (PreviewImporter) -> (artifact id: '4fd7a9ba37dfe269cbe485b4a5f3e868') in 0.5581315 seconds
Number of updated asset objects reloaded before import = 0Number of asset objects unloaded after import = 5170

========================================================================
Received Import Request.
  Time since last request: 0.000046 seconds.
  path: Assets/Resources/Tower_2/Dungeon_Tile_3_0.asset
  artifactKey: Guid(933bc81e885f75f42a6f4a412c9ccbf7) Importer(815301076,1909f56bfc062723c751e8b465ee728b)
Start importing Assets/Resources/Tower_2/Dungeon_Tile_3_0.asset using Guid(933bc81e885f75f42a6f4a412c9ccbf7) Importer(815301076,1909f56bfc062723c751e8b465ee728b) (PreviewImporter) -> (artifact id: '64180ea363b078ecb2bb86a1423585dc') in 0.565497 seconds
Number of updated asset objects reloaded before import = 0Number of asset objects unloaded after import = 5170

========================================================================
Received Import Request.
  Time since last request: 0.000034 seconds.
  path: Assets/Resources/Tower_2/Dungeon_Tile_3_49.asset
  artifactKey: Guid(1c111583b7305c044a0eb78fbf2d7dcf) Importer(815301076,1909f56bfc062723c751e8b465ee728b)
Start importing Assets/Resources/Tower_2/Dungeon_Tile_3_49.asset using Guid(1c111583b7305c044a0eb78fbf2d7dcf) Importer(815301076,1909f56bfc062723c751e8b465ee728b) (PreviewImporter) -> (artifact id: '0a9e01389cad5c9904b35b9d80aa62ea') in 0.5809478 seconds
Number of updated asset objects reloaded before import = 0Number of asset objects unloaded after import = 5170

========================================================================
Received Import Request.
  Time since last request: 0.000044 seconds.
  path: Assets/Resources/Tower_2/Dungeon_Tile_3_64.asset
  artifactKey: Guid(f5effc6ea67392c4d98aabf7015b0d2f) Importer(815301076,1909f56bfc062723c751e8b465ee728b)
Start importing Assets/Resources/Tower_2/Dungeon_Tile_3_64.asset using Guid(f5effc6ea67392c4d98aabf7015b0d2f) Importer(815301076,1909f56bfc062723c751e8b465ee728b) (PreviewImporter) -> (artifact id: 'e54063683164feb2909174d3d93ad5ab') in 0.5848637 seconds
Number of updated asset objects reloaded before import = 0Number of asset objects unloaded after import = 5170

========================================================================
Received Import Request.
  Time since last request: 0.000031 seconds.
  path: Assets/Resources/Tower_2/Dungeon_Tile_3_6.asset
  artifactKey: Guid(6b3aa9a9447313645b04bba781ac420a) Importer(815301076,1909f56bfc062723c751e8b465ee728b)
Start importing Assets/Resources/Tower_2/Dungeon_Tile_3_6.asset using Guid(6b3aa9a9447313645b04bba781ac420a) Importer(815301076,1909f56bfc062723c751e8b465ee728b) (PreviewImporter) -> (artifact id: '2143d6b38ec3c1f8ab1683f154be4257') in 0.5753081 seconds
Number of updated asset objects reloaded before import = 0Number of asset objects unloaded after import = 5170

========================================================================
Received Import Request.
  Time since last request: 0.000043 seconds.
  path: Assets/Resources/Tower_2/Dungeon_Tile_3_44.asset
  artifactKey: Guid(b1510afa6204a2444b58dc5bd9c75c03) Importer(815301076,1909f56bfc062723c751e8b465ee728b)
Start importing Assets/Resources/Tower_2/Dungeon_Tile_3_44.asset using Guid(b1510afa6204a2444b58dc5bd9c75c03) Importer(815301076,1909f56bfc062723c751e8b465ee728b) (PreviewImporter) -> (artifact id: '3ee5c30ecbaa02a02a55f6ec0f09d2fd') in 0.5757121 seconds
Number of updated asset objects reloaded before import = 0Number of asset objects unloaded after import = 5170

========================================================================
Received Import Request.
  Time since last request: 0.000044 seconds.
  path: Assets/Resources/Tower_1.png
  artifactKey: Guid(026a913376f47a54282d034435aaed48) Importer(815301076,1909f56bfc062723c751e8b465ee728b)
Start importing Assets/Resources/Tower_1.png using Guid(026a913376f47a54282d034435aaed48) Importer(815301076,1909f56bfc062723c751e8b465ee728b) (PreviewImporter) -> (artifact id: '8440b94a19a3ee0e120ea0a940a7f340') in 0.5764055 seconds
Number of updated asset objects reloaded before import = 0Number of asset objects unloaded after import = 5170

========================================================================
Received Import Request.
  Time since last request: 0.000044 seconds.
  path: Assets/Resources/Tower_2/Dungeon_Tile_3_37.asset
  artifactKey: Guid(34f7fd3b009e0c547a150292696ad875) Importer(815301076,1909f56bfc062723c751e8b465ee728b)
Start importing Assets/Resources/Tower_2/Dungeon_Tile_3_37.asset using Guid(34f7fd3b009e0c547a150292696ad875) Importer(815301076,1909f56bfc062723c751e8b465ee728b) (PreviewImporter) -> (artifact id: 'ab15db8038388e2f9bb3bf2152fba9b6') in 0.6236417 seconds
Number of updated asset objects reloaded before import = 0Number of asset objects unloaded after import = 5170

========================================================================
Received Import Request.
  Time since last request: 0.000036 seconds.
  path: Assets/Resources/Tower_2/Dungeon_Tile_3_38.asset
  artifactKey: Guid(97420916b83b69d46b8086cf40326bd5) Importer(815301076,1909f56bfc062723c751e8b465ee728b)
Start importing Assets/Resources/Tower_2/Dungeon_Tile_3_38.asset using Guid(97420916b83b69d46b8086cf40326bd5) Importer(815301076,1909f56bfc062723c751e8b465ee728b) (PreviewImporter) -> (artifact id: '7ec9ed759aff69c676bfa2812ddd3218') in 0.6185865 seconds
Number of updated asset objects reloaded before import = 0Number of asset objects unloaded after import = 5170

========================================================================
Received Import Request.
  Time since last request: 0.000043 seconds.
  path: Assets/Resources/Tower_2/Dungeon_Tile_3_24.asset
  artifactKey: Guid(79d87f64d17c2bb4a9b01b7909a97b3a) Importer(815301076,1909f56bfc062723c751e8b465ee728b)
Start importing Assets/Resources/Tower_2/Dungeon_Tile_3_24.asset using Guid(79d87f64d17c2bb4a9b01b7909a97b3a) Importer(815301076,1909f56bfc062723c751e8b465ee728b) (PreviewImporter) -> (artifact id: 'a442e54be6aaf25edce9524a85dfd9ee') in 0.5751297 seconds
Number of updated asset objects reloaded before import = 0Number of asset objects unloaded after import = 5170

========================================================================
Received Import Request.
  Time since last request: 0.000041 seconds.
  path: Assets/Resources/Tower_2/Dungeon_Tile_3_18.asset
  artifactKey: Guid(60f46e068c35f1e40ba6f7119631033a) Importer(815301076,1909f56bfc062723c751e8b465ee728b)
Start importing Assets/Resources/Tower_2/Dungeon_Tile_3_18.asset using Guid(60f46e068c35f1e40ba6f7119631033a) Importer(815301076,1909f56bfc062723c751e8b465ee728b) (PreviewImporter) -> (artifact id: '2a24d8de1efd62fd8a7132e864c75c23') in 0.5817102 seconds
Number of updated asset objects reloaded before import = 0Number of asset objects unloaded after import = 5170

========================================================================
Received Import Request.
  Time since last request: 0.000046 seconds.
  path: Assets/Resources/Tower_2/Dungeon_Tile_3_23.asset
  artifactKey: Guid(545bf326ecfc86648b2c053dd49e4125) Importer(815301076,1909f56bfc062723c751e8b465ee728b)
Start importing Assets/Resources/Tower_2/Dungeon_Tile_3_23.asset using Guid(545bf326ecfc86648b2c053dd49e4125) Importer(815301076,1909f56bfc062723c751e8b465ee728b) (PreviewImporter) -> (artifact id: 'a1adf97f4a612529b139081a8f253e62') in 0.576107 seconds
Number of updated asset objects reloaded before import = 0Number of asset objects unloaded after import = 5170

========================================================================
Received Import Request.
  Time since last request: 0.000033 seconds.
  path: Assets/Resources/Tower_2/Dungeon_Tile_3_11.asset
  artifactKey: Guid(718e3a409b7925642ac5fc780e759630) Importer(815301076,1909f56bfc062723c751e8b465ee728b)
Start importing Assets/Resources/Tower_2/Dungeon_Tile_3_11.asset using Guid(718e3a409b7925642ac5fc780e759630) Importer(815301076,1909f56bfc062723c751e8b465ee728b) (PreviewImporter) -> (artifact id: '60cb7f1dc7c3bfde7d387e44317aa908') in 0.5270761 seconds
Number of updated asset objects reloaded before import = 0Number of asset objects unloaded after import = 5170

========================================================================
Received Import Request.
  Time since last request: 5.550833 seconds.
  path: Assets/New Sprite Atlas.spriteatlasv2
  artifactKey: Guid(f31d293d6555e6842a1c4d03a09a9555) Importer(815301076,1909f56bfc062723c751e8b465ee728b)
Start importing Assets/New Sprite Atlas.spriteatlasv2 using Guid(f31d293d6555e6842a1c4d03a09a9555) Importer(815301076,1909f56bfc062723c751e8b465ee728b) (PreviewImporter) -> (artifact id: 'b38fda9340c13568fe78d29a860ba17f') in 0.0172344 seconds
Number of updated asset objects reloaded before import = 0Number of asset objects unloaded after import = 2

========================================================================
Received Import Request.
  Time since last request: 0.000029 seconds.
  path: Assets/Palm_0.asset
  artifactKey: Guid(d61fc2fb862877a4eb6e4aaada142e4a) Importer(815301076,1909f56bfc062723c751e8b465ee728b)
Start importing Assets/Palm_0.asset using Guid(d61fc2fb862877a4eb6e4aaada142e4a) Importer(815301076,1909f56bfc062723c751e8b465ee728b) (PreviewImporter) -> (artifact id: 'af03a91a3f21ec1fc4c30c387e472153') in 0.5758811 seconds
Number of updated asset objects reloaded before import = 0Number of asset objects unloaded after import = 5170

========================================================================
Received Import Request.
  Time since last request: 85.789127 seconds.
  path: Assets/Sounds/MusicMenu/Morning_in_the_Kingdom.mp3
  artifactKey: Guid(65885f4b4bdc4cb47881dbcb8229a2f1) Importer(815301076,1909f56bfc062723c751e8b465ee728b)
Start importing Assets/Sounds/MusicMenu/Morning_in_the_Kingdom.mp3 using Guid(65885f4b4bdc4cb47881dbcb8229a2f1) Importer(815301076,1909f56bfc062723c751e8b465ee728b) (PreviewImporter) -> (artifact id: 'f29bb938709e72a773f1a1d0b8ab0298') in 0.0697503 seconds
Number of updated asset objects reloaded before import = 0Number of asset objects unloaded after import = 2

========================================================================
Received Import Request.
  Time since last request: 0.000029 seconds.
  path: Assets/Sounds/MusicMenu/sea dungeon 16bit.mp3
  artifactKey: Guid(19c74ee2329852d4ebf57ba312484a71) Importer(815301076,1909f56bfc062723c751e8b465ee728b)
Start importing Assets/Sounds/MusicMenu/sea dungeon 16bit.mp3 using Guid(19c74ee2329852d4ebf57ba312484a71) Importer(815301076,1909f56bfc062723c751e8b465ee728b) (PreviewImporter) -> (artifact id: '915d128474f8a6bd7888cff77c042c72') in 0.0175016 seconds
Number of updated asset objects reloaded before import = 0Number of asset objects unloaded after import = 2

========================================================================
Received Import Request.
  Time since last request: 159.495416 seconds.
  path: Assets/xDeviruchi/8-bit Fantasy & Adventure Music/xDeviruchi - 02 And The Journey Begins!.wav
  artifactKey: Guid(513197e4ea0798a4aa5c273b234bf22b) Importer(815301076,1909f56bfc062723c751e8b465ee728b)
Start importing Assets/xDeviruchi/8-bit Fantasy & Adventure Music/xDeviruchi - 02 And The Journey Begins!.wav using Guid(513197e4ea0798a4aa5c273b234bf22b) Importer(815301076,1909f56bfc062723c751e8b465ee728b) (PreviewImporter) -> (artifact id: 'c02c51ad10be80a16e26da088344c3d7') in 0.2064291 seconds
Number of updated asset objects reloaded before import = 0Number of asset objects unloaded after import = 2

========================================================================
Received Import Request.
  Time since last request: 0.000026 seconds.
  path: Assets/xDeviruchi/8-bit Fantasy & Adventure Music/xDeviruchi - 07 Exploring The Unknown.wav
  artifactKey: Guid(3a5e0ac88f0782141834dd156e493645) Importer(815301076,1909f56bfc062723c751e8b465ee728b)
Start importing Assets/xDeviruchi/8-bit Fantasy & Adventure Music/xDeviruchi - 07 Exploring The Unknown.wav using Guid(3a5e0ac88f0782141834dd156e493645) Importer(815301076,1909f56bfc062723c751e8b465ee728b) (PreviewImporter) -> (artifact id: 'd583e769c748db3c9e0fd2853fdd539f') in 0.1927153 seconds
Number of updated asset objects reloaded before import = 0Number of asset objects unloaded after import = 2

========================================================================
Received Import Request.
  Time since last request: 0.000036 seconds.
  path: Assets/xDeviruchi/8-bit Fantasy & Adventure Music/xDeviruchi - 08 Mysterious Dungeon.wav
  artifactKey: Guid(5995433f9955b154d8e01395644cea7b) Importer(815301076,1909f56bfc062723c751e8b465ee728b)
Start importing Assets/xDeviruchi/8-bit Fantasy & Adventure Music/xDeviruchi - 08 Mysterious Dungeon.wav using Guid(5995433f9955b154d8e01395644cea7b) Importer(815301076,1909f56bfc062723c751e8b465ee728b) (PreviewImporter) -> (artifact id: 'aec8a87c61f22d6d03c9392c15ca7478') in 0.2329959 seconds
Number of updated asset objects reloaded before import = 0Number of asset objects unloaded after import = 2

========================================================================
Received Import Request.
  Time since last request: 0.000038 seconds.
  path: Assets/xDeviruchi/8-bit Fantasy & Adventure Music/xDeviruchi - 03 The Icy Cave.wav
  artifactKey: Guid(cb55320d937abde49bafcff1af94bb72) Importer(815301076,1909f56bfc062723c751e8b465ee728b)
Start importing Assets/xDeviruchi/8-bit Fantasy & Adventure Music/xDeviruchi - 03 The Icy Cave.wav using Guid(cb55320d937abde49bafcff1af94bb72) Importer(815301076,1909f56bfc062723c751e8b465ee728b) (PreviewImporter) -> (artifact id: '03080e420d7df4672b7ad38788d73301') in 0.2257578 seconds
Number of updated asset objects reloaded before import = 0Number of asset objects unloaded after import = 2

========================================================================
Received Import Request.
  Time since last request: 0.000037 seconds.
  path: Assets/xDeviruchi/8-bit Fantasy & Adventure Music/Separated Files/Exploring The Unknown/xDeviruchi - Exploring The Unknown (End).wav
  artifactKey: Guid(2849bde8e6080954a9b8f2419ffc1e0d) Importer(815301076,1909f56bfc062723c751e8b465ee728b)
Start importing Assets/xDeviruchi/8-bit Fantasy & Adventure Music/Separated Files/Exploring The Unknown/xDeviruchi - Exploring The Unknown (End).wav using Guid(2849bde8e6080954a9b8f2419ffc1e0d) Importer(815301076,1909f56bfc062723c751e8b465ee728b) (PreviewImporter) -> (artifact id: '59a8317a8ee9865289bd76f8ea7f6188') in 0.0277035 seconds
Number of updated asset objects reloaded before import = 0Number of asset objects unloaded after import = 2

========================================================================
Received Import Request.
  Time since last request: 0.000020 seconds.
  path: Assets/xDeviruchi/8-bit Fantasy & Adventure Music/xDeviruchi - 06 Minigame.wav
  artifactKey: Guid(947516b9eac5a88438a208e9cf2f0670) Importer(815301076,1909f56bfc062723c751e8b465ee728b)
Start importing Assets/xDeviruchi/8-bit Fantasy & Adventure Music/xDeviruchi - 06 Minigame.wav using Guid(947516b9eac5a88438a208e9cf2f0670) Importer(815301076,1909f56bfc062723c751e8b465ee728b) (PreviewImporter) -> (artifact id: '01ef4d440a9e8264ddd558245e7b2e82') in 0.1334877 seconds
Number of updated asset objects reloaded before import = 0Number of asset objects unloaded after import = 2

========================================================================
Received Import Request.
  Time since last request: 0.000030 seconds.
  path: Assets/xDeviruchi/8-bit Fantasy & Adventure Music/xDeviruchi - 04 Prepare for Battle!.wav
  artifactKey: Guid(73e800617cbae8843909627cf37f3b01) Importer(815301076,1909f56bfc062723c751e8b465ee728b)
Start importing Assets/xDeviruchi/8-bit Fantasy & Adventure Music/xDeviruchi - 04 Prepare for Battle!.wav using Guid(73e800617cbae8843909627cf37f3b01) Importer(815301076,1909f56bfc062723c751e8b465ee728b) (PreviewImporter) -> (artifact id: '092e859f64721cbe414d3cc1a74b6d19') in 0.2175209 seconds
Number of updated asset objects reloaded before import = 0Number of asset objects unloaded after import = 2

========================================================================
Received Import Request.
  Time since last request: 0.081247 seconds.
  path: Assets/xDeviruchi/8-bit Fantasy & Adventure Music/Separated Files/Title Theme/xDeviruchi - Title Theme (Loop).wav
  artifactKey: Guid(ddbc878d0fc9cb74b8aee819c45a02b5) Importer(815301076,1909f56bfc062723c751e8b465ee728b)
Start importing Assets/xDeviruchi/8-bit Fantasy & Adventure Music/Separated Files/Title Theme/xDeviruchi - Title Theme (Loop).wav using Guid(ddbc878d0fc9cb74b8aee819c45a02b5) Importer(815301076,1909f56bfc062723c751e8b465ee728b) (PreviewImporter) -> (artifact id: '2e5fac34a739ad0521df19da8b169f2d') in 0.2234091 seconds
Number of updated asset objects reloaded before import = 0Number of asset objects unloaded after import = 2

========================================================================
Received Prepare
[Licensing::Client] Successfully resolved entitlement details
Begin MonoManager ReloadAssembly
[Licensing::Client] Successfully resolved entitlement details
ADTM: Control thread waiting for realtime thread timed out, have to lock...
Duplicate assembly 'log4net.dll' with different versions detected, using 'Packages/com.unity.package-validation-suite/Lib/Editor/log4net.dll, AssemblyName=log4net, Version=2.0.8.0, Culture=neutral, PublicKeyToken=669e0ddf0bb1aa2a' and ignoring 'Packages/com.unity.collab-proxy/Lib/Editor/log4netPlastic.dll, AssemblyName=log4net, Version=1.2.15.0, Culture=neutral, PublicKeyToken=669e0ddf0bb1aa2a'.Symbol file LoadedFromMemory is not a mono symbol file
- Loaded All Assemblies, in  2.365 seconds
Refreshing native plugins compatible for Editor in 11.77 ms, found 5 plugins.
Native extension for Android target not found
Native extension for WindowsStandalone target not found
[Package Manager] Failed to launch server process. Reason: Unity was launched with the -noUpm command-line argument
[Package Manager] Unable to send message (not connected to server process).
[Package Manager] Cannot connect to Unity Package Manager local server
[Package Manager] Failed to launch server process. Reason: Unity was launched with the -noUpm command-line argument
[Package Manager] Unable to send message (not connected to server process).
[Package Manager] Cannot connect to Unity Package Manager local server
[Package Manager] Failed to launch server process. Reason: Unity was launched with the -noUpm command-line argument
[Package Manager] Unable to send message (not connected to server process).
[Package Manager] Cannot connect to Unity Package Manager local server
ScheduleIndexationOnStartup MainProcess:False IndexOnStartup:True
Mono: successfully reloaded assembly
- Finished resetting the current domain, in  1.433 seconds
Domain Reload Profiling: 3801ms
	BeginReloadAssembly (1342ms)
		ExecutionOrderSort (0ms)
		DisableScriptedObjects (23ms)
		BackupInstance (0ms)
		ReleaseScriptingObjects (0ms)
		CreateAndSetChildDomain (1087ms)
	RebuildCommonClasses (53ms)
	RebuildNativeTypeToScriptingClass (22ms)
	initialDomainReloadingComplete (40ms)
	LoadAllAssembliesAndSetupDomain (910ms)
		LoadAssemblies (661ms)
		RebuildTransferFunctionScriptingTraits (0ms)
		AnalyzeDomain (390ms)
			TypeCache.Refresh (17ms)
				TypeCache.ScanAssembly (3ms)
			BuildScriptInfoCaches (346ms)
			ResolveRequiredComponents (20ms)
	FinalizeReload (1434ms)
		ReleaseScriptCaches (0ms)
		RebuildScriptCaches (0ms)
		SetupLoadedEditorAssemblies (1094ms)
			LogAssemblyErrors (0ms)
			InitializePlatformSupportModulesInManaged (17ms)
			SetLoadedEditorAssemblies (13ms)
			BeforeProcessingInitializeOnLoad (232ms)
			ProcessInitializeOnLoadAttributes (472ms)
			ProcessInitializeOnLoadMethodAttributes (353ms)
			AfterProcessingInitializeOnLoad (5ms)
			EditorAssembliesLoaded (2ms)
		ExecutionOrderSort2 (0ms)
		AwakeInstancesAfterBackupRestoration (41ms)
Refreshing native plugins compatible for Editor in 12.35 ms, found 5 plugins.
Preloading 0 native plugins for Editor in 0.00 ms.
Unloading 17 Unused Serialized files (Serialized files now loaded: 0)
Unloading 9099 unused Assets / (5.3 MB). Loaded Objects now: 9995.
Memory consumption went from 175.4 MB to 170.1 MB.
Total: 14.101100 ms (FindLiveObjects: 1.231000 ms CreateObjectMapping: 1.712600 ms MarkObjects: 7.627600 ms  DeleteObjects: 3.528600 ms)

Prepare: number of updated asset objects reloaded= 0
========================================================================
Received Prepare
Begin MonoManager ReloadAssembly
ADTM: Control thread waiting for realtime thread timed out, have to lock...
Duplicate assembly 'log4net.dll' with different versions detected, using 'Packages/com.unity.package-validation-suite/Lib/Editor/log4net.dll, AssemblyName=log4net, Version=2.0.8.0, Culture=neutral, PublicKeyToken=669e0ddf0bb1aa2a' and ignoring 'Packages/com.unity.collab-proxy/Lib/Editor/log4netPlastic.dll, AssemblyName=log4net, Version=1.2.15.0, Culture=neutral, PublicKeyToken=669e0ddf0bb1aa2a'.Symbol file LoadedFromMemory is not a mono symbol file
- Loaded All Assemblies, in  2.304 seconds
Refreshing native plugins compatible for Editor in 11.38 ms, found 5 plugins.
Native extension for Android target not found
Native extension for WindowsStandalone target not found
[Package Manager] Failed to launch server process. Reason: Unity was launched with the -noUpm command-line argument
[Package Manager] Unable to send message (not connected to server process).
[Package Manager] Cannot connect to Unity Package Manager local server
[Package Manager] Failed to launch server process. Reason: Unity was launched with the -noUpm command-line argument
[Package Manager] Unable to send message (not connected to server process).
[Package Manager] Cannot connect to Unity Package Manager local server
[Package Manager] Failed to launch server process. Reason: Unity was launched with the -noUpm command-line argument
[Package Manager] Unable to send message (not connected to server process).
[Package Manager] Cannot connect to Unity Package Manager local server
ScheduleIndexationOnStartup MainProcess:False IndexOnStartup:True
Mono: successfully reloaded assembly
- Finished resetting the current domain, in  1.294 seconds
Domain Reload Profiling: 3601ms
	BeginReloadAssembly (1320ms)
		ExecutionOrderSort (0ms)
		DisableScriptedObjects (29ms)
		BackupInstance (0ms)
		ReleaseScriptingObjects (0ms)
		CreateAndSetChildDomain (1068ms)
	RebuildCommonClasses (54ms)
	RebuildNativeTypeToScriptingClass (22ms)
	initialDomainReloadingComplete (40ms)
	LoadAllAssembliesAndSetupDomain (871ms)
		LoadAssemblies (623ms)
		RebuildTransferFunctionScriptingTraits (0ms)
		AnalyzeDomain (389ms)
			TypeCache.Refresh (10ms)
				TypeCache.ScanAssembly (0ms)
			BuildScriptInfoCaches (348ms)
			ResolveRequiredComponents (25ms)
	FinalizeReload (1295ms)
		ReleaseScriptCaches (0ms)
		RebuildScriptCaches (0ms)
		SetupLoadedEditorAssemblies (1007ms)
			LogAssemblyErrors (0ms)
			InitializePlatformSupportModulesInManaged (11ms)
			SetLoadedEditorAssemblies (7ms)
			BeforeProcessingInitializeOnLoad (249ms)
			ProcessInitializeOnLoadAttributes (516ms)
			ProcessInitializeOnLoadMethodAttributes (220ms)
			AfterProcessingInitializeOnLoad (4ms)
			EditorAssembliesLoaded (1ms)
		ExecutionOrderSort2 (0ms)
		AwakeInstancesAfterBackupRestoration (31ms)
Refreshing native plugins compatible for Editor in 12.37 ms, found 5 plugins.
Preloading 0 native plugins for Editor in 0.00 ms.
Unloading 17 Unused Serialized files (Serialized files now loaded: 0)
Unloading 9099 unused Assets / (5.9 MB). Loaded Objects now: 10001.
Memory consumption went from 175.4 MB to 169.5 MB.
Total: 14.516000 ms (FindLiveObjects: 1.250900 ms CreateObjectMapping: 0.771700 ms MarkObjects: 7.746500 ms  DeleteObjects: 4.745400 ms)

Prepare: number of updated asset objects reloaded= 0
========================================================================
Received Prepare
[Licensing::Client] Successfully resolved entitlement details
Begin MonoManager ReloadAssembly
[Licensing::Client] Successfully resolved entitlement details
ADTM: Control thread waiting for realtime thread timed out, have to lock...
Duplicate assembly 'log4net.dll' with different versions detected, using 'Packages/com.unity.package-validation-suite/Lib/Editor/log4net.dll, AssemblyName=log4net, Version=2.0.8.0, Culture=neutral, PublicKeyToken=669e0ddf0bb1aa2a' and ignoring 'Packages/com.unity.collab-proxy/Lib/Editor/log4netPlastic.dll, AssemblyName=log4net, Version=1.2.15.0, Culture=neutral, PublicKeyToken=669e0ddf0bb1aa2a'.Symbol file LoadedFromMemory is not a mono symbol file
- Loaded All Assemblies, in  2.383 seconds
Refreshing native plugins compatible for Editor in 20.19 ms, found 5 plugins.
Native extension for Android target not found
Native extension for WindowsStandalone target not found
[Package Manager] Failed to launch server process. Reason: Unity was launched with the -noUpm command-line argument
[Package Manager] Unable to send message (not connected to server process).
[Package Manager] Cannot connect to Unity Package Manager local server
[Package Manager] Failed to launch server process. Reason: Unity was launched with the -noUpm command-line argument
[Package Manager] Unable to send message (not connected to server process).
[Package Manager] Cannot connect to Unity Package Manager local server
[Package Manager] Failed to launch server process. Reason: Unity was launched with the -noUpm command-line argument
[Package Manager] Unable to send message (not connected to server process).
[Package Manager] Cannot connect to Unity Package Manager local server
ScheduleIndexationOnStartup MainProcess:False IndexOnStartup:True
Mono: successfully reloaded assembly
- Finished resetting the current domain, in  1.210 seconds
Domain Reload Profiling: 3596ms
	BeginReloadAssembly (1330ms)
		ExecutionOrderSort (0ms)
		DisableScriptedObjects (23ms)
		BackupInstance (0ms)
		ReleaseScriptingObjects (0ms)
		CreateAndSetChildDomain (1072ms)
	RebuildCommonClasses (62ms)
	RebuildNativeTypeToScriptingClass (22ms)
	initialDomainReloadingComplete (45ms)
	LoadAllAssembliesAndSetupDomain (926ms)
		LoadAssemblies (676ms)
		RebuildTransferFunctionScriptingTraits (0ms)
		AnalyzeDomain (398ms)
			TypeCache.Refresh (17ms)
				TypeCache.ScanAssembly (3ms)
			BuildScriptInfoCaches (357ms)
			ResolveRequiredComponents (20ms)
	FinalizeReload (1210ms)
		ReleaseScriptCaches (0ms)
		RebuildScriptCaches (0ms)
		SetupLoadedEditorAssemblies (966ms)
			LogAssemblyErrors (0ms)
			InitializePlatformSupportModulesInManaged (11ms)
			SetLoadedEditorAssemblies (7ms)
			BeforeProcessingInitializeOnLoad (255ms)
			ProcessInitializeOnLoadAttributes (472ms)
			ProcessInitializeOnLoadMethodAttributes (216ms)
			AfterProcessingInitializeOnLoad (4ms)
			EditorAssembliesLoaded (1ms)
		ExecutionOrderSort2 (0ms)
		AwakeInstancesAfterBackupRestoration (20ms)
Refreshing native plugins compatible for Editor in 12.53 ms, found 5 plugins.
Preloading 0 native plugins for Editor in 0.00 ms.
Unloading 17 Unused Serialized files (Serialized files now loaded: 0)
Unloading 9099 unused Assets / (5.6 MB). Loaded Objects now: 10007.
Memory consumption went from 175.5 MB to 169.9 MB.
Total: 13.280700 ms (FindLiveObjects: 1.253700 ms CreateObjectMapping: 0.824300 ms MarkObjects: 7.422500 ms  DeleteObjects: 3.778600 ms)

Prepare: number of updated asset objects reloaded= 0
========================================================================
Received Import Request.
  Time since last request: 780.992104 seconds.
  path: Assets/Sounds/SoundsSteps/535222__spycrah__grass-step-right.wav
  artifactKey: Guid(e43220d608e3bb847a00b36c5d0341b3) Importer(815301076,1909f56bfc062723c751e8b465ee728b)
Start importing Assets/Sounds/SoundsSteps/535222__spycrah__grass-step-right.wav using Guid(e43220d608e3bb847a00b36c5d0341b3) Importer(815301076,1909f56bfc062723c751e8b465ee728b) (PreviewImporter) -> (artifact id: '3cf4b80c90d124323931f52e7980f26f') in 0.0891606 seconds
Number of updated asset objects reloaded before import = 0Number of asset objects unloaded after import = 2

========================================================================
Received Import Request.
  Time since last request: 0.000028 seconds.
  path: Assets/StarterAssets/ThirdPersonController/Character/Sfx/Player_Footstep_01.wav
  artifactKey: Guid(72f526a6a9890f643a88e85a61c86c8a) Importer(815301076,1909f56bfc062723c751e8b465ee728b)
Start importing Assets/StarterAssets/ThirdPersonController/Character/Sfx/Player_Footstep_01.wav using Guid(72f526a6a9890f643a88e85a61c86c8a) Importer(815301076,1909f56bfc062723c751e8b465ee728b) (PreviewImporter) -> (artifact id: '6d924c7b310d4b9a99ef86591a1fdd59') in 0.0229484 seconds
Number of updated asset objects reloaded before import = 0Number of asset objects unloaded after import = 2

========================================================================
Received Import Request.
  Time since last request: 0.000044 seconds.
  path: Assets/StarterAssets/ThirdPersonController/Character/Sfx/Player_Footstep_06.wav
  artifactKey: Guid(29841e7d5bbfb5b419c9ad16ca8bc4c1) Importer(815301076,1909f56bfc062723c751e8b465ee728b)
Start importing Assets/StarterAssets/ThirdPersonController/Character/Sfx/Player_Footstep_06.wav using Guid(29841e7d5bbfb5b419c9ad16ca8bc4c1) Importer(815301076,1909f56bfc062723c751e8b465ee728b) (PreviewImporter) -> (artifact id: 'abf7ea4e0fc6993edcb388d9b14cb532') in 0.0269106 seconds
Number of updated asset objects reloaded before import = 0Number of asset objects unloaded after import = 2

========================================================================
Received Import Request.
  Time since last request: 0.000024 seconds.
  path: Assets/xDeviruchi/8-bit Fantasy & Adventure Music/Separated Files/The Icy Cave/xDeviruchi - The Icy Cave (Loop).wav
  artifactKey: Guid(c47a4c707dcfd0b45b090a81c737f4ff) Importer(815301076,1909f56bfc062723c751e8b465ee728b)
Start importing Assets/xDeviruchi/8-bit Fantasy & Adventure Music/Separated Files/The Icy Cave/xDeviruchi - The Icy Cave (Loop).wav using Guid(c47a4c707dcfd0b45b090a81c737f4ff) Importer(815301076,1909f56bfc062723c751e8b465ee728b) (PreviewImporter) -> (artifact id: '599f6c054334a2f4924852c8ee83198f') in 0.2461846 seconds
Number of updated asset objects reloaded before import = 0Number of asset objects unloaded after import = 2

========================================================================
Received Import Request.
  Time since last request: 0.000024 seconds.
  path: Assets/xDeviruchi/8-bit Fantasy & Adventure Music/Separated Files/Minigame/xDeviruchi - Minigame (Loop).wav
  artifactKey: Guid(c1a86b3e2f3380c47a33662676d9a0a7) Importer(815301076,1909f56bfc062723c751e8b465ee728b)
Start importing Assets/xDeviruchi/8-bit Fantasy & Adventure Music/Separated Files/Minigame/xDeviruchi - Minigame (Loop).wav using Guid(c1a86b3e2f3380c47a33662676d9a0a7) Importer(815301076,1909f56bfc062723c751e8b465ee728b) (PreviewImporter) -> (artifact id: 'cf533224007f967e01789d45e2ee8368') in 0.1353541 seconds
Number of updated asset objects reloaded before import = 0Number of asset objects unloaded after import = 2

========================================================================
Received Import Request.
  Time since last request: 0.000036 seconds.
  path: Assets/StarterAssets/ThirdPersonController/Character/Sfx/Player_Footstep_08.wav
  artifactKey: Guid(67c8b33e424ccdc4486edf538ab91c5a) Importer(815301076,1909f56bfc062723c751e8b465ee728b)
Start importing Assets/StarterAssets/ThirdPersonController/Character/Sfx/Player_Footstep_08.wav using Guid(67c8b33e424ccdc4486edf538ab91c5a) Importer(815301076,1909f56bfc062723c751e8b465ee728b) (PreviewImporter) -> (artifact id: '68cb9f70195c992279d9b9879cf578c2') in 0.026409 seconds
Number of updated asset objects reloaded before import = 0Number of asset objects unloaded after import = 2

========================================================================
Received Import Request.
  Time since last request: 0.000021 seconds.
  path: Assets/Sounds/SoundAttacks/HandsAttack.wav
  artifactKey: Guid(a5f8d69b6c5a48246a585ec20ec7b0a1) Importer(815301076,1909f56bfc062723c751e8b465ee728b)
Start importing Assets/Sounds/SoundAttacks/HandsAttack.wav using Guid(a5f8d69b6c5a48246a585ec20ec7b0a1) Importer(815301076,1909f56bfc062723c751e8b465ee728b) (PreviewImporter) -> (artifact id: 'c9d6904d522b7acf330e3ac6ab0c9880') in 0.0251569 seconds
Number of updated asset objects reloaded before import = 0Number of asset objects unloaded after import = 2

========================================================================
Received Import Request.
  Time since last request: 0.000022 seconds.
  path: Assets/StarterAssets/ThirdPersonController/Character/Sfx/Player_Footstep_02.wav
  artifactKey: Guid(85016e0f2b01da248b9663dd49a161b0) Importer(815301076,1909f56bfc062723c751e8b465ee728b)
Start importing Assets/StarterAssets/ThirdPersonController/Character/Sfx/Player_Footstep_02.wav using Guid(85016e0f2b01da248b9663dd49a161b0) Importer(815301076,1909f56bfc062723c751e8b465ee728b) (PreviewImporter) -> (artifact id: 'f755861e7ca61ad2c15205180e4428aa') in 0.029234 seconds
Number of updated asset objects reloaded before import = 0Number of asset objects unloaded after import = 2

========================================================================
Received Import Request.
  Time since last request: 0.000026 seconds.
  path: Assets/StarterAssets/ThirdPersonController/Character/Sfx/Player_Footstep_07.wav
  artifactKey: Guid(dd1af302b8902684d9381de1f2d3a5af) Importer(815301076,1909f56bfc062723c751e8b465ee728b)
Start importing Assets/StarterAssets/ThirdPersonController/Character/Sfx/Player_Footstep_07.wav using Guid(dd1af302b8902684d9381de1f2d3a5af) Importer(815301076,1909f56bfc062723c751e8b465ee728b) (PreviewImporter) -> (artifact id: 'db7acd4f9bca5aa368cb2ec9d5a08fec') in 0.0277188 seconds
Number of updated asset objects reloaded before import = 0Number of asset objects unloaded after import = 2

========================================================================
Received Import Request.
  Time since last request: 0.000034 seconds.
  path: Assets/xDeviruchi/8-bit Fantasy & Adventure Music/Separated Files/Minigame/xDeviruchi - Minigame (End).wav
  artifactKey: Guid(242baa742b21a084b8e3100a0aecf735) Importer(815301076,1909f56bfc062723c751e8b465ee728b)
Start importing Assets/xDeviruchi/8-bit Fantasy & Adventure Music/Separated Files/Minigame/xDeviruchi - Minigame (End).wav using Guid(242baa742b21a084b8e3100a0aecf735) Importer(815301076,1909f56bfc062723c751e8b465ee728b) (PreviewImporter) -> (artifact id: '76fd9eb92e6fb10ccda98601ae696f57') in 0.0334466 seconds
Number of updated asset objects reloaded before import = 0Number of asset objects unloaded after import = 2

========================================================================
Received Import Request.
  Time since last request: 0.000020 seconds.
  path: Assets/xDeviruchi/8-bit Fantasy & Adventure Music/Separated Files/Take some rest and eat some food!/xDeviruchi - Take some rest and eat some food! (Intro).wav
  artifactKey: Guid(4ee21015670ea2e41b06687e1430ccc0) Importer(815301076,1909f56bfc062723c751e8b465ee728b)
Start importing Assets/xDeviruchi/8-bit Fantasy & Adventure Music/Separated Files/Take some rest and eat some food!/xDeviruchi - Take some rest and eat some food! (Intro).wav using Guid(4ee21015670ea2e41b06687e1430ccc0) Importer(815301076,1909f56bfc062723c751e8b465ee728b) (PreviewImporter) -> (artifact id: 'd5db5407c1a2701c6878db3fda7e45fc') in 0.0253324 seconds
Number of updated asset objects reloaded before import = 0Number of asset objects unloaded after import = 2

========================================================================
Received Import Request.
  Time since last request: 0.000029 seconds.
  path: Assets/StarterAssets/ThirdPersonController/Character/Sfx/Player_Footstep_03.wav
  artifactKey: Guid(186de84b3207156479abe98f4958fed0) Importer(815301076,1909f56bfc062723c751e8b465ee728b)
Start importing Assets/StarterAssets/ThirdPersonController/Character/Sfx/Player_Footstep_03.wav using Guid(186de84b3207156479abe98f4958fed0) Importer(815301076,1909f56bfc062723c751e8b465ee728b) (PreviewImporter) -> (artifact id: 'abb1238a2c6c2509be10374bf612ed2e') in 0.0276499 seconds
Number of updated asset objects reloaded before import = 0Number of asset objects unloaded after import = 2

========================================================================
Received Import Request.
  Time since last request: 0.000049 seconds.
  path: Assets/StarterAssets/ThirdPersonController/Character/Sfx/Player_Land.wav
  artifactKey: Guid(ff697d3070687ce4583faa0561a145a2) Importer(815301076,1909f56bfc062723c751e8b465ee728b)
Start importing Assets/StarterAssets/ThirdPersonController/Character/Sfx/Player_Land.wav using Guid(ff697d3070687ce4583faa0561a145a2) Importer(815301076,1909f56bfc062723c751e8b465ee728b) (PreviewImporter) -> (artifact id: '1251a299bcc7991ce46ca65ef6c8953f') in 0.0306771 seconds
Number of updated asset objects reloaded before import = 0Number of asset objects unloaded after import = 2

========================================================================
Received Import Request.
  Time since last request: 0.000023 seconds.
  path: Assets/StarterAssets/ThirdPersonController/Character/Sfx/Player_Footstep_10.wav
  artifactKey: Guid(a3194b8bbc96ef84fab1f98f4b7dae3e) Importer(815301076,1909f56bfc062723c751e8b465ee728b)
Start importing Assets/StarterAssets/ThirdPersonController/Character/Sfx/Player_Footstep_10.wav using Guid(a3194b8bbc96ef84fab1f98f4b7dae3e) Importer(815301076,1909f56bfc062723c751e8b465ee728b) (PreviewImporter) -> (artifact id: '930ba0121fc8cebe9d8369f25a0b048f') in 0.0259702 seconds
Number of updated asset objects reloaded before import = 0Number of asset objects unloaded after import = 2

========================================================================
Received Import Request.
  Time since last request: 0.000026 seconds.
  path: Assets/StarterAssets/ThirdPersonController/Character/Sfx/Player_Footstep_05.wav
  artifactKey: Guid(14e8a8d2158bec840b56c54f5266e692) Importer(815301076,1909f56bfc062723c751e8b465ee728b)
Start importing Assets/StarterAssets/ThirdPersonController/Character/Sfx/Player_Footstep_05.wav using Guid(14e8a8d2158bec840b56c54f5266e692) Importer(815301076,1909f56bfc062723c751e8b465ee728b) (PreviewImporter) -> (artifact id: '0848ab830af13fea55e2e8538a48086f') in 0.0226812 seconds
Number of updated asset objects reloaded before import = 0Number of asset objects unloaded after import = 2

========================================================================
Received Import Request.
  Time since last request: 0.000039 seconds.
  path: Assets/Sounds/SoundAttacks/Shuriken.mp3
  artifactKey: Guid(ceb3a208fcc741d43b4976d0a676c62b) Importer(815301076,1909f56bfc062723c751e8b465ee728b)
Start importing Assets/Sounds/SoundAttacks/Shuriken.mp3 using Guid(ceb3a208fcc741d43b4976d0a676c62b) Importer(815301076,1909f56bfc062723c751e8b465ee728b) (PreviewImporter) -> (artifact id: 'ca60aeee1aba10f6cf9dd7f16ec9b2af') in 0.0141023 seconds
Number of updated asset objects reloaded before import = 0Number of asset objects unloaded after import = 2

========================================================================
Received Import Request.
  Time since last request: 0.000021 seconds.
  path: Assets/xDeviruchi/8-bit Fantasy & Adventure Music/Separated Files/Take some rest and eat some food!/xDeviruchi - Take some rest and eat some food! (End).wav
  artifactKey: Guid(5b55c861537aa5643b455021fb1d8628) Importer(815301076,1909f56bfc062723c751e8b465ee728b)
Start importing Assets/xDeviruchi/8-bit Fantasy & Adventure Music/Separated Files/Take some rest and eat some food!/xDeviruchi - Take some rest and eat some food! (End).wav using Guid(5b55c861537aa5643b455021fb1d8628) Importer(815301076,1909f56bfc062723c751e8b465ee728b) (PreviewImporter) -> (artifact id: 'ea6b3798954c50b86cf85b7bbccc8712') in 0.0311728 seconds
Number of updated asset objects reloaded before import = 0Number of asset objects unloaded after import = 2

========================================================================
Received Import Request.
  Time since last request: 0.000025 seconds.
  path: Assets/xDeviruchi/8-bit Fantasy & Adventure Music/Separated Files/Prepare for Battle!/xDeviruchi - Prepare for Battle! (Intro).wav
  artifactKey: Guid(041f8d629f2ce0b47b05f1065c8f1be5) Importer(815301076,1909f56bfc062723c751e8b465ee728b)
Start importing Assets/xDeviruchi/8-bit Fantasy & Adventure Music/Separated Files/Prepare for Battle!/xDeviruchi - Prepare for Battle! (Intro).wav using Guid(041f8d629f2ce0b47b05f1065c8f1be5) Importer(815301076,1909f56bfc062723c751e8b465ee728b) (PreviewImporter) -> (artifact id: '151c9fa73a2b4bb0980fd455127391c7') in 0.0264622 seconds
Number of updated asset objects reloaded before import = 0Number of asset objects unloaded after import = 2

Editor requested this worker to shutdown with reason: Scaling down because of idle timeout
AssetImportWorker is now disconnected from the server
Process exiting
Exiting without the bug reporter. Application will terminate with return code 0