[Licensing::Module] Trying to connect to existing licensing client channel...
Built from '6000.3/staging' branch; Version is '6000.3.13f1 (8c4f11e4fb20) revision 9195281'; Using compiler version '194234433'; Build Type 'Release'
OS: 'Windows 10  (10.0.19045) 64bit Professional' Language: 'uk' Physical Memory: 16334 MB
[Licensing::IpcConnector] Successfully connected to: "LicenseClient-limon" at "2026-06-13T17:10:47.4305697Z"
BatchMode: 1, IsHumanControllingUs: 0, StartBugReporterOnCrash: 0, Is64bit: 1
System  architecture: x64
Process architecture: x64
Date: 2026-06-13T17:10:47Z

COMMAND LINE ARGUMENTS:
D:\Unity\6000.3.13f1\Editor\Unity.exe
-adb2
-batchMode
-noUpm
-name
AssetImportWorker29
-projectPath
D:/GameDev/DarkPixels
-logFile
Logs/AssetImportWorker29.log
-srvPort
50184
-licensingIpc
LicenseClient-limon
-job-worker-count
5
-background-job-worker-count
8
-gc-helper-count
1
-name
AssetImport
Successfully changed project path to: D:/GameDev/DarkPixels
D:/GameDev/DarkPixels
[UnityMemory] Configuration Parameters - Can be set up in boot.config
    "memorysetup-temp-allocator-size-nav-mesh-worker=65536"
    "memorysetup-temp-allocator-size-audio-worker=65536"
    "memorysetup-temp-allocator-size-gfx=262144"
    "memorysetup-allocator-temp-initial-block-size-main=262144"
    "memorysetup-allocator-temp-initial-block-size-worker=262144"
    "memorysetup-temp-allocator-size-background-worker=32768"
    "memorysetup-temp-allocator-size-job-worker=262144"
    "memorysetup-temp-allocator-size-preload-manager=33554432"
    "memorysetup-temp-allocator-size-gi-baking-worker=262144"
    "memorysetup-temp-allocator-size-gi-baking-worker=262144"
    "memorysetup-temp-allocator-size-gi-baking-worker=262144"
    "memorysetup-temp-allocator-size-gi-baking-worker=262144"
    "memorysetup-temp-allocator-size-gi-baking-worker=262144"
    "memorysetup-bucket-allocator-granularity=16"
    "memorysetup-bucket-allocator-bucket-count=8"
    "memorysetup-bucket-allocator-block-size=33554432"
    "memorysetup-bucket-allocator-block-count=8"
    "memorysetup-main-allocator-block-size=16777216"
    "memorysetup-thread-allocator-block-size=16777216"
    "memorysetup-gfx-main-allocator-block-size=16777216"
    "memorysetup-gfx-thread-allocator-block-size=16777216"
    "memorysetup-cache-allocator-block-size=4194304"
    "memorysetup-typetree-allocator-block-size=2097152"
    "memorysetup-profiler-bucket-allocator-granularity=16"
    "memorysetup-profiler-bucket-allocator-bucket-count=8"
    "memorysetup-profiler-bucket-allocator-block-size=33554432"
    "memorysetup-profiler-bucket-allocator-block-count=8"
    "memorysetup-profiler-allocator-block-size=16777216"
    "memorysetup-profiler-editor-allocator-block-size=1048576"
    "memorysetup-temp-allocator-size-main=16777216"
    "memorysetup-job-temp-allocator-block-size=2097152"
    "memorysetup-job-temp-allocator-block-size-background=1048576"
    "memorysetup-job-temp-allocator-reduction-small-platforms=262144"
    "memorysetup-temp-allocator-size-cloud-worker=32768"
Player connection [19512]  Target information:

Player connection [19512]  * "[IP] 192.168.0.28 [Port] 0 [Flags] 2 [Guid] 2585324680 [EditorId] 2585324680 [Version] 1048832 [Id] WindowsEditor(7,DESKTOP-4DD92S9) [Debug] 1 [PackageName] WindowsEditor [ProjectName] Editor" 

Player connection [19512] Host joined multi-casting on [225.0.0.222:54997]...
Player connection [19512] Host joined alternative multi-casting on [225.0.0.222:34997]...
JobSystem: Creating JobQueue using job-worker-count value 5
Input System module state changed to: Initialized.
[Physics::Module] Initialized fallback backend.
[Physics::Module] Id: 0xdecafbad
Library Redirect Path: Library/
[Physics::Module] Selected backend.
[Physics::Module] Name: PhysX
[Physics::Module] Id: 0xf2b8ea05
[Physics::Module] SDK Version: 4.1.2
[Physics::Module] Integration Version: 1.0.0
[Physics::Module] Threading Mode: Multi-Threaded
[Licensing::Module] Licensing is not yet initialized.
[Licensing::Client] Error: HandshakeResponse reported an error:
	ResponseCode: 505
	ResponseStatus: Unsupported protocol version '1.18.1'.
[Licensing::Module] Error: Failed to handshake to channel: "LicenseClient-limon"
[Licensing::IpcConnector] LicenseClient-limon channel disconnected successfully.
[Licensing::IpcConnector] Successfully connected to: "LicenseClient-limon-6000.3.13" at "2026-06-13T17:10:48.997851Z"
[Licensing::Client] Handshaking with LicensingClient:
  Version:                 1.18.1+9fbee8e
  Session Id:              ae67819fddf248e5b766b19bcb46b973
  Correlation Id:          161932b8a59d27e5e212d6a1440c5954
  External correlation Id: 7101948428315527906
  Machine Id:              4D8GW8ETA38K6LsA7GOMWmqZxN4=
[Licensing::Module] Successfully connected to LicensingClient on channel: "LicenseClient-limon-6000.3.13" (connect: 0.00s, validation: 0.01s, handshake: 1.67s)
[Licensing::IpcConnector] Successfully connected to: "LicenseClient-limon-6000.3.13-notifications" at "2026-06-13T17:10:50.6819725Z"
[Licensing::Module] Licensing Background thread has ended after 3.25s
[Licensing::Module] Licensing is initialized (took 2.93s).
[Licensing::Client] Successfully resolved entitlement details
[Licensing::Module] License group:
  Id: 7971680487528-UnityPersXXXX
  Product: Unity Personal
  Type: Assigned
  Expiration: Unlimited
Refreshing native plugins compatible for Editor in 44.63 ms, found 5 plugins.
Preloading 0 native plugins for Editor in 0.00 ms.
Initialize engine version: 6000.3.13f1 (8c4f11e4fb20)
[Subsystems] Discovering subsystems at path D:/Unity/6000.3.13f1/Editor/Data/Resources/UnitySubsystems
[Subsystems] Discovering subsystems at path D:/GameDev/DarkPixels/Assets
GfxDevice: creating device client; kGfxThreadingModeNonThreaded
Direct3D:
    Version:  Direct3D 11.0 [level 11.1]
    Renderer: Radeon RX 590 Series (ID=0x67df)
    Vendor:   ATI
    VRAM:     8170 MB
    Driver:   31.0.21923.1000
Initialize mono
Mono path[0] = 'D:/Unity/6000.3.13f1/Editor/Data/Managed'
Mono path[1] = 'D:/Unity/6000.3.13f1/Editor/Data/MonoBleedingEdge/lib/mono/unityjit-win32'
Mono config path = 'D:/Unity/6000.3.13f1/Editor/Data/MonoBleedingEdge/etc'
Using monoOptions --debugger-agent=transport=dt_socket,embedding=1,server=y,suspend=n,address=127.0.0.1:56276
Begin MonoManager ReloadAssembly
Registering precompiled unity dll's ...
Register platform support module: D:/Unity/6000.3.13f1/Editor/Data/PlaybackEngines/WindowsStandaloneSupport/UnityEditor.WindowsStandalone.Extensions.dll
Register platform support module: D:/Unity/6000.3.13f1/Editor/Data/PlaybackEngines/AndroidPlayer/UnityEditor.Android.Extensions.dll
Registered in 0.002919 seconds.
- Loaded All Assemblies, in  0.675 seconds
Native extension for Android target not found
Native extension for WindowsStandalone target not found
Package Manager log level set to [2]
[Package Manager] Failed to launch server process. Reason: Unity was launched with the -noUpm command-line argument
[Package Manager] Unable to send message (not connected to server process).
[Package Manager] Cannot connect to Unity Package Manager local server
ScheduleIndexationOnStartup MainProcess:False IndexOnStartup:True
Mono: successfully reloaded assembly
- Finished resetting the current domain, in  0.673 seconds
Domain Reload Profiling: 1348ms
	BeginReloadAssembly (178ms)
		ExecutionOrderSort (0ms)
		DisableScriptedObjects (0ms)
		BackupInstance (0ms)
		ReleaseScriptingObjects (0ms)
		CreateAndSetChildDomain (1ms)
	RebuildCommonClasses (64ms)
	RebuildNativeTypeToScriptingClass (32ms)
	initialDomainReloadingComplete (72ms)
	LoadAllAssembliesAndSetupDomain (329ms)
		LoadAssemblies (178ms)
		RebuildTransferFunctionScriptingTraits (0ms)
		AnalyzeDomain (322ms)
			TypeCache.Refresh (320ms)
				TypeCache.ScanAssembly (301ms)
			BuildScriptInfoCaches (0ms)
			ResolveRequiredComponents (1ms)
	FinalizeReload (673ms)
		ReleaseScriptCaches (0ms)
		RebuildScriptCaches (0ms)
		SetupLoadedEditorAssemblies (597ms)
			LogAssemblyErrors (0ms)
			InitializePlatformSupportModulesInManaged (93ms)
			SetLoadedEditorAssemblies (6ms)
			BeforeProcessingInitializeOnLoad (117ms)
			ProcessInitializeOnLoadAttributes (197ms)
			ProcessInitializeOnLoadMethodAttributes (185ms)
			AfterProcessingInitializeOnLoad (0ms)
			EditorAssembliesLoaded (0ms)
		ExecutionOrderSort2 (0ms)
		AwakeInstancesAfterBackupRestoration (0ms)
========================================================================
Worker process is ready to serve import requests
Import Worker Mode flag is 0x00
Begin MonoManager ReloadAssembly
[Licensing::Client] Successfully resolved entitlement details
Duplicate assembly 'log4net.dll' with different versions detected, using 'Packages/com.unity.package-validation-suite/Lib/Editor/log4net.dll, AssemblyName=log4net, Version=2.0.8.0, Culture=neutral, PublicKeyToken=669e0ddf0bb1aa2a' and ignoring 'Packages/com.unity.collab-proxy/Lib/Editor/log4netPlastic.dll, AssemblyName=log4net, Version=1.2.15.0, Culture=neutral, PublicKeyToken=669e0ddf0bb1aa2a'.Symbol file LoadedFromMemory is not a mono symbol file
- Loaded All Assemblies, in  2.019 seconds
Refreshing native plugins compatible for Editor in 12.56 ms, found 5 plugins.
Native extension for Android target not found
Native extension for WindowsStandalone target not found
[Package Manager] Failed to launch server process. Reason: Unity was launched with the -noUpm command-line argument
[Package Manager] Unable to send message (not connected to server process).
[Package Manager] Cannot connect to Unity Package Manager local server
[Package Manager] Failed to launch server process. Reason: Unity was launched with the -noUpm command-line argument
[Package Manager] Unable to send message (not connected to server process).
[Package Manager] Cannot connect to Unity Package Manager local server
Refreshing native plugins compatible for Editor in 11.82 ms, found 5 plugins.
[Package Manager] Failed to launch server process. Reason: Unity was launched with the -noUpm command-line argument
[Package Manager] Unable to send message (not connected to server process).
[Package Manager] Cannot connect to Unity Package Manager local server
ScheduleIndexationOnStartup MainProcess:False IndexOnStartup:True
Mono: successfully reloaded assembly
- Finished resetting the current domain, in  1.565 seconds
Domain Reload Profiling: 3580ms
	BeginReloadAssembly (254ms)
		ExecutionOrderSort (0ms)
		DisableScriptedObjects (8ms)
		BackupInstance (0ms)
		ReleaseScriptingObjects (0ms)
		CreateAndSetChildDomain (35ms)
	RebuildCommonClasses (63ms)
	RebuildNativeTypeToScriptingClass (23ms)
	initialDomainReloadingComplete (61ms)
	LoadAllAssembliesAndSetupDomain (1613ms)
		LoadAssemblies (1042ms)
		RebuildTransferFunctionScriptingTraits (0ms)
		AnalyzeDomain (717ms)
			TypeCache.Refresh (518ms)
				TypeCache.ScanAssembly (478ms)
			BuildScriptInfoCaches (166ms)
			ResolveRequiredComponents (26ms)
	FinalizeReload (1565ms)
		ReleaseScriptCaches (0ms)
		RebuildScriptCaches (0ms)
		SetupLoadedEditorAssemblies (1313ms)
			LogAssemblyErrors (0ms)
			InitializePlatformSupportModulesInManaged (11ms)
			SetLoadedEditorAssemblies (7ms)
			BeforeProcessingInitializeOnLoad (253ms)
			ProcessInitializeOnLoadAttributes (590ms)
			ProcessInitializeOnLoadMethodAttributes (448ms)
			AfterProcessingInitializeOnLoad (3ms)
			EditorAssembliesLoaded (0ms)
		ExecutionOrderSort2 (0ms)
		AwakeInstancesAfterBackupRestoration (7ms)
Launched and connected shader compiler UnityShaderCompiler.exe after 0.10 seconds
Refreshing native plugins compatible for Editor in 12.61 ms, found 5 plugins.
Preloading 0 native plugins for Editor in 0.00 ms.
Unloading 17 Unused Serialized files (Serialized files now loaded: 0)
Unloading 9101 unused Assets / (5.1 MB). Loaded Objects now: 9916.
Memory consumption went from 171.3 MB to 166.2 MB.
Total: 13.157900 ms (FindLiveObjects: 1.270300 ms CreateObjectMapping: 0.712900 ms MarkObjects: 7.684500 ms  DeleteObjects: 3.488900 ms)

========================================================================
Received Import Request.
  Time since last request: 21765.839686 seconds.
  path: Assets/Scenes/Game.unity
  artifactKey: Guid(8c9cfa26abfee488c85f1582747f6a02) Importer(2089858483,b0f066a214c2f5e87bad3c948f4d605d)
Start importing Assets/Scenes/Game.unity using Guid(8c9cfa26abfee488c85f1582747f6a02) Importer(2089858483,b0f066a214c2f5e87bad3c948f4d605d) (ScriptedImporter) -> (artifact id: '799013e3f548f42a659374808b4c3147') in 0.5794631 seconds
Number of updated asset objects reloaded before import = 0Number of asset objects unloaded after import = 1

========================================================================
Received Prepare
[Licensing::Client] Successfully resolved entitlement details
Begin MonoManager ReloadAssembly
[Licensing::Client] Successfully resolved entitlement details
Duplicate assembly 'log4net.dll' with different versions detected, using 'Packages/com.unity.package-validation-suite/Lib/Editor/log4net.dll, AssemblyName=log4net, Version=2.0.8.0, Culture=neutral, PublicKeyToken=669e0ddf0bb1aa2a' and ignoring 'Packages/com.unity.collab-proxy/Lib/Editor/log4netPlastic.dll, AssemblyName=log4net, Version=1.2.15.0, Culture=neutral, PublicKeyToken=669e0ddf0bb1aa2a'.Symbol file LoadedFromMemory is not a mono symbol file
- Loaded All Assemblies, in  1.499 seconds
Refreshing native plugins compatible for Editor in 13.15 ms, found 5 plugins.
Native extension for Android target not found
Native extension for WindowsStandalone target not found
[Package Manager] Failed to launch server process. Reason: Unity was launched with the -noUpm command-line argument
[Package Manager] Unable to send message (not connected to server process).
[Package Manager] Cannot connect to Unity Package Manager local server
[Package Manager] Failed to launch server process. Reason: Unity was launched with the -noUpm command-line argument
[Package Manager] Unable to send message (not connected to server process).
[Package Manager] Cannot connect to Unity Package Manager local server
[Package Manager] Failed to launch server process. Reason: Unity was launched with the -noUpm command-line argument
[Package Manager] Unable to send message (not connected to server process).
[Package Manager] Cannot connect to Unity Package Manager local server
ScheduleIndexationOnStartup MainProcess:False IndexOnStartup:True
Mono: successfully reloaded assembly
- Finished resetting the current domain, in  1.263 seconds
Domain Reload Profiling: 2764ms
	BeginReloadAssembly (327ms)
		ExecutionOrderSort (0ms)
		DisableScriptedObjects (24ms)
		BackupInstance (0ms)
		ReleaseScriptingObjects (0ms)
		CreateAndSetChildDomain (72ms)
	RebuildCommonClasses (52ms)
	RebuildNativeTypeToScriptingClass (22ms)
	initialDomainReloadingComplete (40ms)
	LoadAllAssembliesAndSetupDomain (1059ms)
		LoadAssemblies (800ms)
		RebuildTransferFunctionScriptingTraits (0ms)
		AnalyzeDomain (407ms)
			TypeCache.Refresh (21ms)
				TypeCache.ScanAssembly (3ms)
			BuildScriptInfoCaches (360ms)
			ResolveRequiredComponents (20ms)
	FinalizeReload (1264ms)
		ReleaseScriptCaches (0ms)
		RebuildScriptCaches (0ms)
		SetupLoadedEditorAssemblies (994ms)
			LogAssemblyErrors (0ms)
			InitializePlatformSupportModulesInManaged (12ms)
			SetLoadedEditorAssemblies (7ms)
			BeforeProcessingInitializeOnLoad (259ms)
			ProcessInitializeOnLoadAttributes (483ms)
			ProcessInitializeOnLoadMethodAttributes (229ms)
			AfterProcessingInitializeOnLoad (3ms)
			EditorAssembliesLoaded (1ms)
		ExecutionOrderSort2 (0ms)
		AwakeInstancesAfterBackupRestoration (20ms)
Refreshing native plugins compatible for Editor in 11.79 ms, found 5 plugins.
Preloading 0 native plugins for Editor in 0.00 ms.
Unloading 17 Unused Serialized files (Serialized files now loaded: 0)
Unloading 9099 unused Assets / (4.9 MB). Loaded Objects now: 9925.
Memory consumption went from 174.6 MB to 169.7 MB.
Total: 13.655300 ms (FindLiveObjects: 1.286100 ms CreateObjectMapping: 1.140700 ms MarkObjects: 7.693900 ms  DeleteObjects: 3.532600 ms)

Prepare: number of updated asset objects reloaded= 0
========================================================================
Received Prepare
Begin MonoManager ReloadAssembly
Duplicate assembly 'log4net.dll' with different versions detected, using 'Packages/com.unity.package-validation-suite/Lib/Editor/log4net.dll, AssemblyName=log4net, Version=2.0.8.0, Culture=neutral, PublicKeyToken=669e0ddf0bb1aa2a' and ignoring 'Packages/com.unity.collab-proxy/Lib/Editor/log4netPlastic.dll, AssemblyName=log4net, Version=1.2.15.0, Culture=neutral, PublicKeyToken=669e0ddf0bb1aa2a'.Symbol file LoadedFromMemory is not a mono symbol file
- Loaded All Assemblies, in  1.328 seconds
Refreshing native plugins compatible for Editor in 12.70 ms, found 5 plugins.
Native extension for Android target not found
Native extension for WindowsStandalone target not found
[Package Manager] Failed to launch server process. Reason: Unity was launched with the -noUpm command-line argument
[Package Manager] Unable to send message (not connected to server process).
[Package Manager] Cannot connect to Unity Package Manager local server
[Package Manager] Failed to launch server process. Reason: Unity was launched with the -noUpm command-line argument
[Package Manager] Unable to send message (not connected to server process).
[Package Manager] Cannot connect to Unity Package Manager local server
[Package Manager] Failed to launch server process. Reason: Unity was launched with the -noUpm command-line argument
[Package Manager] Unable to send message (not connected to server process).
[Package Manager] Cannot connect to Unity Package Manager local server
ScheduleIndexationOnStartup MainProcess:False IndexOnStartup:True
Mono: successfully reloaded assembly
- Finished resetting the current domain, in  1.300 seconds
Domain Reload Profiling: 2630ms
	BeginReloadAssembly (328ms)
		ExecutionOrderSort (0ms)
		DisableScriptedObjects (20ms)
		BackupInstance (0ms)
		ReleaseScriptingObjects (0ms)
		CreateAndSetChildDomain (72ms)
	RebuildCommonClasses (57ms)
	RebuildNativeTypeToScriptingClass (26ms)
	initialDomainReloadingComplete (40ms)
	LoadAllAssembliesAndSetupDomain (879ms)
		LoadAssemblies (639ms)
		RebuildTransferFunctionScriptingTraits (0ms)
		AnalyzeDomain (387ms)
			TypeCache.Refresh (10ms)
				TypeCache.ScanAssembly (0ms)
			BuildScriptInfoCaches (351ms)
			ResolveRequiredComponents (20ms)
	FinalizeReload (1300ms)
		ReleaseScriptCaches (0ms)
		RebuildScriptCaches (0ms)
		SetupLoadedEditorAssemblies (1050ms)
			LogAssemblyErrors (0ms)
			InitializePlatformSupportModulesInManaged (11ms)
			SetLoadedEditorAssemblies (7ms)
			BeforeProcessingInitializeOnLoad (255ms)
			ProcessInitializeOnLoadAttributes (538ms)
			ProcessInitializeOnLoadMethodAttributes (235ms)
			AfterProcessingInitializeOnLoad (3ms)
			EditorAssembliesLoaded (1ms)
		ExecutionOrderSort2 (0ms)
		AwakeInstancesAfterBackupRestoration (22ms)
Refreshing native plugins compatible for Editor in 12.58 ms, found 5 plugins.
Preloading 0 native plugins for Editor in 0.00 ms.
Unloading 17 Unused Serialized files (Serialized files now loaded: 0)
Unloading 9099 unused Assets / (4.9 MB). Loaded Objects now: 9931.
Memory consumption went from 174.6 MB to 169.7 MB.
Total: 14.495600 ms (FindLiveObjects: 1.252500 ms CreateObjectMapping: 0.705200 ms MarkObjects: 8.788800 ms  DeleteObjects: 3.747100 ms)

Prepare: number of updated asset objects reloaded= 0
========================================================================
Received Prepare
[Licensing::Client] Successfully resolved entitlement details
Begin MonoManager ReloadAssembly
[Licensing::Client] Successfully resolved entitlement details
Duplicate assembly 'log4net.dll' with different versions detected, using 'Packages/com.unity.package-validation-suite/Lib/Editor/log4net.dll, AssemblyName=log4net, Version=2.0.8.0, Culture=neutral, PublicKeyToken=669e0ddf0bb1aa2a' and ignoring 'Packages/com.unity.collab-proxy/Lib/Editor/log4netPlastic.dll, AssemblyName=log4net, Version=1.2.15.0, Culture=neutral, PublicKeyToken=669e0ddf0bb1aa2a'.Symbol file LoadedFromMemory is not a mono symbol file
- Loaded All Assemblies, in  1.352 seconds
Refreshing native plugins compatible for Editor in 13.93 ms, found 5 plugins.
Native extension for Android target not found
Native extension for WindowsStandalone target not found
[Package Manager] Failed to launch server process. Reason: Unity was launched with the -noUpm command-line argument
[Package Manager] Unable to send message (not connected to server process).
[Package Manager] Cannot connect to Unity Package Manager local server
[Package Manager] Failed to launch server process. Reason: Unity was launched with the -noUpm command-line argument
[Package Manager] Unable to send message (not connected to server process).
[Package Manager] Cannot connect to Unity Package Manager local server
[Package Manager] Failed to launch server process. Reason: Unity was launched with the -noUpm command-line argument
[Package Manager] Unable to send message (not connected to server process).
[Package Manager] Cannot connect to Unity Package Manager local server
ScheduleIndexationOnStartup MainProcess:False IndexOnStartup:True
Mono: successfully reloaded assembly
- Finished resetting the current domain, in  1.379 seconds
Domain Reload Profiling: 2735ms
	BeginReloadAssembly (324ms)
		ExecutionOrderSort (0ms)
		DisableScriptedObjects (26ms)
		BackupInstance (0ms)
		ReleaseScriptingObjects (0ms)
		CreateAndSetChildDomain (68ms)
	RebuildCommonClasses (54ms)
	RebuildNativeTypeToScriptingClass (22ms)
	initialDomainReloadingComplete (40ms)
	LoadAllAssembliesAndSetupDomain (915ms)
		LoadAssemblies (654ms)
		RebuildTransferFunctionScriptingTraits (0ms)
		AnalyzeDomain (410ms)
			TypeCache.Refresh (17ms)
				TypeCache.ScanAssembly (3ms)
			BuildScriptInfoCaches (367ms)
			ResolveRequiredComponents (21ms)
	FinalizeReload (1380ms)
		ReleaseScriptCaches (0ms)
		RebuildScriptCaches (0ms)
		SetupLoadedEditorAssemblies (1085ms)
			LogAssemblyErrors (0ms)
			InitializePlatformSupportModulesInManaged (11ms)
			SetLoadedEditorAssemblies (7ms)
			BeforeProcessingInitializeOnLoad (264ms)
			ProcessInitializeOnLoadAttributes (568ms)
			ProcessInitializeOnLoadMethodAttributes (228ms)
			AfterProcessingInitializeOnLoad (6ms)
			EditorAssembliesLoaded (1ms)
		ExecutionOrderSort2 (0ms)
		AwakeInstancesAfterBackupRestoration (29ms)
Refreshing native plugins compatible for Editor in 11.34 ms, found 5 plugins.
Preloading 0 native plugins for Editor in 0.00 ms.
Unloading 17 Unused Serialized files (Serialized files now loaded: 0)
Unloading 9099 unused Assets / (5.3 MB). Loaded Objects now: 9937.
Memory consumption went from 174.7 MB to 169.4 MB.
Total: 23.480100 ms (FindLiveObjects: 1.432400 ms CreateObjectMapping: 1.290900 ms MarkObjects: 14.309200 ms  DeleteObjects: 6.445100 ms)

Prepare: number of updated asset objects reloaded= 0
========================================================================
Received Import Request.
  Time since last request: 310.634465 seconds.
  path: Assets/Prefabs/Totem_Projectile_Trap.prefab
  artifactKey: Guid(c653272f33688ae45933be472d095943) Importer(815301076,1909f56bfc062723c751e8b465ee728b)
Start importing Assets/Prefabs/Totem_Projectile_Trap.prefab using Guid(c653272f33688ae45933be472d095943) Importer(815301076,1909f56bfc062723c751e8b465ee728b) (PreviewImporter) -> (artifact id: 'bfee7a60e18df2c0ed08aa9ad9c5cf72') in 1.7542945 seconds
Number of updated asset objects reloaded before import = 0Number of asset objects unloaded after import = 5251

========================================================================
Received Prepare
Begin MonoManager ReloadAssembly
Duplicate assembly 'log4net.dll' with different versions detected, using 'Packages/com.unity.package-validation-suite/Lib/Editor/log4net.dll, AssemblyName=log4net, Version=2.0.8.0, Culture=neutral, PublicKeyToken=669e0ddf0bb1aa2a' and ignoring 'Packages/com.unity.collab-proxy/Lib/Editor/log4netPlastic.dll, AssemblyName=log4net, Version=1.2.15.0, Culture=neutral, PublicKeyToken=669e0ddf0bb1aa2a'.Symbol file LoadedFromMemory is not a mono symbol file
- Loaded All Assemblies, in  1.411 seconds
Refreshing native plugins compatible for Editor in 11.22 ms, found 5 plugins.
Native extension for Android target not found
Native extension for WindowsStandalone target not found
[Package Manager] Failed to launch server process. Reason: Unity was launched with the -noUpm command-line argument
[Package Manager] Unable to send message (not connected to server process).
[Package Manager] Cannot connect to Unity Package Manager local server
[Package Manager] Failed to launch server process. Reason: Unity was launched with the -noUpm command-line argument
[Package Manager] Unable to send message (not connected to server process).
[Package Manager] Cannot connect to Unity Package Manager local server
[Package Manager] Failed to launch server process. Reason: Unity was launched with the -noUpm command-line argument
[Package Manager] Unable to send message (not connected to server process).
[Package Manager] Cannot connect to Unity Package Manager local server
ScheduleIndexationOnStartup MainProcess:False IndexOnStartup:True
Mono: successfully reloaded assembly
- Finished resetting the current domain, in  1.279 seconds
Domain Reload Profiling: 2692ms
	BeginReloadAssembly (424ms)
		ExecutionOrderSort (0ms)
		DisableScriptedObjects (42ms)
		BackupInstance (0ms)
		ReleaseScriptingObjects (0ms)
		CreateAndSetChildDomain (115ms)
	RebuildCommonClasses (56ms)
	RebuildNativeTypeToScriptingClass (24ms)
	initialDomainReloadingComplete (44ms)
	LoadAllAssembliesAndSetupDomain (864ms)
		LoadAssemblies (669ms)
		RebuildTransferFunctionScriptingTraits (0ms)
		AnalyzeDomain (379ms)
			TypeCache.Refresh (9ms)
				TypeCache.ScanAssembly (0ms)
			BuildScriptInfoCaches (344ms)
			ResolveRequiredComponents (20ms)
	FinalizeReload (1279ms)
		ReleaseScriptCaches (0ms)
		RebuildScriptCaches (0ms)
		SetupLoadedEditorAssemblies (1031ms)
			LogAssemblyErrors (0ms)
			InitializePlatformSupportModulesInManaged (13ms)
			SetLoadedEditorAssemblies (10ms)
			BeforeProcessingInitializeOnLoad (238ms)
			ProcessInitializeOnLoadAttributes (533ms)
			ProcessInitializeOnLoadMethodAttributes (233ms)
			AfterProcessingInitializeOnLoad (4ms)
			EditorAssembliesLoaded (1ms)
		ExecutionOrderSort2 (0ms)
		AwakeInstancesAfterBackupRestoration (20ms)
Refreshing native plugins compatible for Editor in 11.85 ms, found 5 plugins.
Preloading 0 native plugins for Editor in 0.00 ms.
Unloading 17 Unused Serialized files (Serialized files now loaded: 0)
Unloading 9100 unused Assets / (4.7 MB). Loaded Objects now: 9972.
Memory consumption went from 177.1 MB to 172.4 MB.
Total: 16.420700 ms (FindLiveObjects: 1.638400 ms CreateObjectMapping: 1.701200 ms MarkObjects: 8.668500 ms  DeleteObjects: 4.410800 ms)

Prepare: number of updated asset objects reloaded= 0
========================================================================
Received Import Request.
  Time since last request: 42.457704 seconds.
  path: Assets/Prefabs/Totem_Projectile_Trap.prefab
  artifactKey: Guid(c653272f33688ae45933be472d095943) Importer(815301076,1909f56bfc062723c751e8b465ee728b)
Start importing Assets/Prefabs/Totem_Projectile_Trap.prefab using Guid(c653272f33688ae45933be472d095943) Importer(815301076,1909f56bfc062723c751e8b465ee728b) (PreviewImporter) -> (artifact id: '2c6894e68fed911d348a4b22660b3cb2') in 1.2205828 seconds
Number of updated asset objects reloaded before import = 0Number of asset objects unloaded after import = 5251

========================================================================
Received Prepare
[Licensing::Client] Successfully resolved entitlement details
Begin MonoManager ReloadAssembly
[Licensing::Client] Successfully resolved entitlement details
Duplicate assembly 'log4net.dll' with different versions detected, using 'Packages/com.unity.package-validation-suite/Lib/Editor/log4net.dll, AssemblyName=log4net, Version=2.0.8.0, Culture=neutral, PublicKeyToken=669e0ddf0bb1aa2a' and ignoring 'Packages/com.unity.collab-proxy/Lib/Editor/log4netPlastic.dll, AssemblyName=log4net, Version=1.2.15.0, Culture=neutral, PublicKeyToken=669e0ddf0bb1aa2a'.Symbol file LoadedFromMemory is not a mono symbol file
- Loaded All Assemblies, in  1.417 seconds
Refreshing native plugins compatible for Editor in 12.28 ms, found 5 plugins.
Native extension for Android target not found
Native extension for WindowsStandalone target not found
[Package Manager] Failed to launch server process. Reason: Unity was launched with the -noUpm command-line argument
[Package Manager] Unable to send message (not connected to server process).
[Package Manager] Cannot connect to Unity Package Manager local server
[Package Manager] Failed to launch server process. Reason: Unity was launched with the -noUpm command-line argument
[Package Manager] Unable to send message (not connected to server process).
[Package Manager] Cannot connect to Unity Package Manager local server
[Package Manager] Failed to launch server process. Reason: Unity was launched with the -noUpm command-line argument
[Package Manager] Unable to send message (not connected to server process).
[Package Manager] Cannot connect to Unity Package Manager local server
ScheduleIndexationOnStartup MainProcess:False IndexOnStartup:True
Mono: successfully reloaded assembly
- Finished resetting the current domain, in  1.305 seconds
Domain Reload Profiling: 2725ms
	BeginReloadAssembly (384ms)
		ExecutionOrderSort (0ms)
		DisableScriptedObjects (48ms)
		BackupInstance (0ms)
		ReleaseScriptingObjects (0ms)
		CreateAndSetChildDomain (84ms)
	RebuildCommonClasses (56ms)
	RebuildNativeTypeToScriptingClass (22ms)
	initialDomainReloadingComplete (41ms)
	LoadAllAssembliesAndSetupDomain (916ms)
		LoadAssemblies (665ms)
		RebuildTransferFunctionScriptingTraits (0ms)
		AnalyzeDomain (411ms)
			TypeCache.Refresh (10ms)
				TypeCache.ScanAssembly (0ms)
			BuildScriptInfoCaches (375ms)
			ResolveRequiredComponents (20ms)
	FinalizeReload (1305ms)
		ReleaseScriptCaches (0ms)
		RebuildScriptCaches (0ms)
		SetupLoadedEditorAssemblies (1057ms)
			LogAssemblyErrors (0ms)
			InitializePlatformSupportModulesInManaged (11ms)
			SetLoadedEditorAssemblies (9ms)
			BeforeProcessingInitializeOnLoad (245ms)
			ProcessInitializeOnLoadAttributes (550ms)
			ProcessInitializeOnLoadMethodAttributes (238ms)
			AfterProcessingInitializeOnLoad (3ms)
			EditorAssembliesLoaded (1ms)
		ExecutionOrderSort2 (0ms)
		AwakeInstancesAfterBackupRestoration (21ms)
Refreshing native plugins compatible for Editor in 12.25 ms, found 5 plugins.
Preloading 0 native plugins for Editor in 0.00 ms.
Unloading 17 Unused Serialized files (Serialized files now loaded: 0)
Unloading 9100 unused Assets / (5.1 MB). Loaded Objects now: 9998.
Memory consumption went from 177.2 MB to 172.0 MB.
Total: 13.539800 ms (FindLiveObjects: 1.338400 ms CreateObjectMapping: 0.886700 ms MarkObjects: 7.535400 ms  DeleteObjects: 3.777800 ms)

Prepare: number of updated asset objects reloaded= 0
========================================================================
Received Prepare
[Licensing::Client] Successfully resolved entitlement details
Begin MonoManager ReloadAssembly
[Licensing::Client] Successfully resolved entitlement details
Duplicate assembly 'log4net.dll' with different versions detected, using 'Packages/com.unity.package-validation-suite/Lib/Editor/log4net.dll, AssemblyName=log4net, Version=2.0.8.0, Culture=neutral, PublicKeyToken=669e0ddf0bb1aa2a' and ignoring 'Packages/com.unity.collab-proxy/Lib/Editor/log4netPlastic.dll, AssemblyName=log4net, Version=1.2.15.0, Culture=neutral, PublicKeyToken=669e0ddf0bb1aa2a'.Symbol file LoadedFromMemory is not a mono symbol file
- Loaded All Assemblies, in  1.337 seconds
Refreshing native plugins compatible for Editor in 12.30 ms, found 5 plugins.
Native extension for Android target not found
Native extension for WindowsStandalone target not found
[Package Manager] Failed to launch server process. Reason: Unity was launched with the -noUpm command-line argument
[Package Manager] Unable to send message (not connected to server process).
[Package Manager] Cannot connect to Unity Package Manager local server
[Package Manager] Failed to launch server process. Reason: Unity was launched with the -noUpm command-line argument
[Package Manager] Unable to send message (not connected to server process).
[Package Manager] Cannot connect to Unity Package Manager local server
[Package Manager] Failed to launch server process. Reason: Unity was launched with the -noUpm command-line argument
[Package Manager] Unable to send message (not connected to server process).
[Package Manager] Cannot connect to Unity Package Manager local server
ScheduleIndexationOnStartup MainProcess:False IndexOnStartup:True
Mono: successfully reloaded assembly
- Finished resetting the current domain, in  1.278 seconds
Domain Reload Profiling: 2619ms
	BeginReloadAssembly (318ms)
		ExecutionOrderSort (0ms)
		DisableScriptedObjects (23ms)
		BackupInstance (0ms)
		ReleaseScriptingObjects (0ms)
		CreateAndSetChildDomain (69ms)
	RebuildCommonClasses (58ms)
	RebuildNativeTypeToScriptingClass (22ms)
	initialDomainReloadingComplete (41ms)
	LoadAllAssembliesAndSetupDomain (901ms)
		LoadAssemblies (622ms)
		RebuildTransferFunctionScriptingTraits (0ms)
		AnalyzeDomain (419ms)
			TypeCache.Refresh (24ms)
				TypeCache.ScanAssembly (5ms)
			BuildScriptInfoCaches (363ms)
			ResolveRequiredComponents (26ms)
	FinalizeReload (1279ms)
		ReleaseScriptCaches (0ms)
		RebuildScriptCaches (0ms)
		SetupLoadedEditorAssemblies (993ms)
			LogAssemblyErrors (0ms)
			InitializePlatformSupportModulesInManaged (11ms)
			SetLoadedEditorAssemblies (7ms)
			BeforeProcessingInitializeOnLoad (233ms)
			ProcessInitializeOnLoadAttributes (491ms)
			ProcessInitializeOnLoadMethodAttributes (246ms)
			AfterProcessingInitializeOnLoad (4ms)
			EditorAssembliesLoaded (1ms)
		ExecutionOrderSort2 (0ms)
		AwakeInstancesAfterBackupRestoration (21ms)
Refreshing native plugins compatible for Editor in 12.44 ms, found 5 plugins.
Preloading 0 native plugins for Editor in 0.00 ms.
Unloading 17 Unused Serialized files (Serialized files now loaded: 0)
Unloading 9099 unused Assets / (5.2 MB). Loaded Objects now: 10004.
Memory consumption went from 178.9 MB to 173.7 MB.
Total: 13.900400 ms (FindLiveObjects: 1.464200 ms CreateObjectMapping: 1.252600 ms MarkObjects: 7.653400 ms  DeleteObjects: 3.528500 ms)

Prepare: number of updated asset objects reloaded= 0
========================================================================
Received Prepare
Begin MonoManager ReloadAssembly
Duplicate assembly 'log4net.dll' with different versions detected, using 'Packages/com.unity.package-validation-suite/Lib/Editor/log4net.dll, AssemblyName=log4net, Version=2.0.8.0, Culture=neutral, PublicKeyToken=669e0ddf0bb1aa2a' and ignoring 'Packages/com.unity.collab-proxy/Lib/Editor/log4netPlastic.dll, AssemblyName=log4net, Version=1.2.15.0, Culture=neutral, PublicKeyToken=669e0ddf0bb1aa2a'.Symbol file LoadedFromMemory is not a mono symbol file
- Loaded All Assemblies, in  1.460 seconds
Refreshing native plugins compatible for Editor in 15.23 ms, found 5 plugins.
Native extension for Android target not found
Native extension for WindowsStandalone target not found
[Package Manager] Failed to launch server process. Reason: Unity was launched with the -noUpm command-line argument
[Package Manager] Unable to send message (not connected to server process).
[Package Manager] Cannot connect to Unity Package Manager local server
[Package Manager] Failed to launch server process. Reason: Unity was launched with the -noUpm command-line argument
[Package Manager] Unable to send message (not connected to server process).
[Package Manager] Cannot connect to Unity Package Manager local server
[Package Manager] Failed to launch server process. Reason: Unity was launched with the -noUpm command-line argument
[Package Manager] Unable to send message (not connected to server process).
[Package Manager] Cannot connect to Unity Package Manager local server
ScheduleIndexationOnStartup MainProcess:False IndexOnStartup:True
Mono: successfully reloaded assembly
- Finished resetting the current domain, in  1.244 seconds
Domain Reload Profiling: 2709ms
	BeginReloadAssembly (341ms)
		ExecutionOrderSort (0ms)
		DisableScriptedObjects (23ms)
		BackupInstance (0ms)
		ReleaseScriptingObjects (0ms)
		CreateAndSetChildDomain (81ms)
	RebuildCommonClasses (60ms)
	RebuildNativeTypeToScriptingClass (22ms)
	initialDomainReloadingComplete (43ms)
	LoadAllAssembliesAndSetupDomain (999ms)
		LoadAssemblies (678ms)
		RebuildTransferFunctionScriptingTraits (0ms)
		AnalyzeDomain (464ms)
			TypeCache.Refresh (11ms)
				TypeCache.ScanAssembly (0ms)
			BuildScriptInfoCaches (423ms)
			ResolveRequiredComponents (23ms)
	FinalizeReload (1245ms)
		ReleaseScriptCaches (0ms)
		RebuildScriptCaches (0ms)
		SetupLoadedEditorAssemblies (988ms)
			LogAssemblyErrors (0ms)
			InitializePlatformSupportModulesInManaged (11ms)
			SetLoadedEditorAssemblies (7ms)
			BeforeProcessingInitializeOnLoad (234ms)
			ProcessInitializeOnLoadAttributes (492ms)
			ProcessInitializeOnLoadMethodAttributes (239ms)
			AfterProcessingInitializeOnLoad (3ms)
			EditorAssembliesLoaded (1ms)
		ExecutionOrderSort2 (0ms)
		AwakeInstancesAfterBackupRestoration (21ms)
Refreshing native plugins compatible for Editor in 12.00 ms, found 5 plugins.
Preloading 0 native plugins for Editor in 0.00 ms.
Unloading 17 Unused Serialized files (Serialized files now loaded: 0)
Unloading 9099 unused Assets / (5.0 MB). Loaded Objects now: 10010.
Memory consumption went from 179.0 MB to 174.0 MB.
Total: 13.456000 ms (FindLiveObjects: 1.298400 ms CreateObjectMapping: 0.903000 ms MarkObjects: 7.388100 ms  DeleteObjects: 3.864400 ms)

Prepare: number of updated asset objects reloaded= 0
========================================================================
Received Prepare
[Licensing::Client] Successfully resolved entitlement details
Begin MonoManager ReloadAssembly
[Licensing::Client] Successfully resolved entitlement details
Duplicate assembly 'log4net.dll' with different versions detected, using 'Packages/com.unity.package-validation-suite/Lib/Editor/log4net.dll, AssemblyName=log4net, Version=2.0.8.0, Culture=neutral, PublicKeyToken=669e0ddf0bb1aa2a' and ignoring 'Packages/com.unity.collab-proxy/Lib/Editor/log4netPlastic.dll, AssemblyName=log4net, Version=1.2.15.0, Culture=neutral, PublicKeyToken=669e0ddf0bb1aa2a'.Symbol file LoadedFromMemory is not a mono symbol file
- Loaded All Assemblies, in  1.356 seconds
Refreshing native plugins compatible for Editor in 11.99 ms, found 5 plugins.
Native extension for Android target not found
Native extension for WindowsStandalone target not found
[Package Manager] Failed to launch server process. Reason: Unity was launched with the -noUpm command-line argument
[Package Manager] Unable to send message (not connected to server process).
[Package Manager] Cannot connect to Unity Package Manager local server
[Package Manager] Failed to launch server process. Reason: Unity was launched with the -noUpm command-line argument
[Package Manager] Unable to send message (not connected to server process).
[Package Manager] Cannot connect to Unity Package Manager local server
[Package Manager] Failed to launch server process. Reason: Unity was launched with the -noUpm command-line argument
[Package Manager] Unable to send message (not connected to server process).
[Package Manager] Cannot connect to Unity Package Manager local server
ScheduleIndexationOnStartup MainProcess:False IndexOnStartup:True
Mono: successfully reloaded assembly
- Finished resetting the current domain, in  1.360 seconds
Domain Reload Profiling: 2718ms
	BeginReloadAssembly (324ms)
		ExecutionOrderSort (0ms)
		DisableScriptedObjects (20ms)
		BackupInstance (0ms)
		ReleaseScriptingObjects (0ms)
		CreateAndSetChildDomain (69ms)
	RebuildCommonClasses (54ms)
	RebuildNativeTypeToScriptingClass (22ms)
	initialDomainReloadingComplete (41ms)
	LoadAllAssembliesAndSetupDomain (917ms)
		LoadAssemblies (672ms)
		RebuildTransferFunctionScriptingTraits (0ms)
		AnalyzeDomain (399ms)
			TypeCache.Refresh (21ms)
				TypeCache.ScanAssembly (4ms)
			BuildScriptInfoCaches (351ms)
			ResolveRequiredComponents (22ms)
	FinalizeReload (1360ms)
		ReleaseScriptCaches (0ms)
		RebuildScriptCaches (0ms)
		SetupLoadedEditorAssemblies (1104ms)
			LogAssemblyErrors (0ms)
			InitializePlatformSupportModulesInManaged (11ms)
			SetLoadedEditorAssemblies (8ms)
			BeforeProcessingInitializeOnLoad (264ms)
			ProcessInitializeOnLoadAttributes (562ms)
			ProcessInitializeOnLoadMethodAttributes (254ms)
			AfterProcessingInitializeOnLoad (4ms)
			EditorAssembliesLoaded (1ms)
		ExecutionOrderSort2 (0ms)
		AwakeInstancesAfterBackupRestoration (21ms)
Refreshing native plugins compatible for Editor in 15.12 ms, found 5 plugins.
Preloading 0 native plugins for Editor in 0.00 ms.
Unloading 17 Unused Serialized files (Serialized files now loaded: 0)
Unloading 9099 unused Assets / (5.8 MB). Loaded Objects now: 10016.
Memory consumption went from 179.0 MB to 173.2 MB.
Total: 21.774800 ms (FindLiveObjects: 1.676800 ms CreateObjectMapping: 2.223600 ms MarkObjects: 11.081000 ms  DeleteObjects: 6.791000 ms)

Prepare: number of updated asset objects reloaded= 0
========================================================================
Received Prepare
[Licensing::Client] Successfully resolved entitlement details
Begin MonoManager ReloadAssembly
[Licensing::Client] Successfully resolved entitlement details
Duplicate assembly 'log4net.dll' with different versions detected, using 'Packages/com.unity.package-validation-suite/Lib/Editor/log4net.dll, AssemblyName=log4net, Version=2.0.8.0, Culture=neutral, PublicKeyToken=669e0ddf0bb1aa2a' and ignoring 'Packages/com.unity.collab-proxy/Lib/Editor/log4netPlastic.dll, AssemblyName=log4net, Version=1.2.15.0, Culture=neutral, PublicKeyToken=669e0ddf0bb1aa2a'.Symbol file LoadedFromMemory is not a mono symbol file
- Loaded All Assemblies, in  1.399 seconds
Refreshing native plugins compatible for Editor in 11.06 ms, found 5 plugins.
Native extension for Android target not found
Native extension for WindowsStandalone target not found
[Package Manager] Failed to launch server process. Reason: Unity was launched with the -noUpm command-line argument
[Package Manager] Unable to send message (not connected to server process).
[Package Manager] Cannot connect to Unity Package Manager local server
[Package Manager] Failed to launch server process. Reason: Unity was launched with the -noUpm command-line argument
[Package Manager] Unable to send message (not connected to server process).
[Package Manager] Cannot connect to Unity Package Manager local server
[Package Manager] Failed to launch server process. Reason: Unity was launched with the -noUpm command-line argument
[Package Manager] Unable to send message (not connected to server process).
[Package Manager] Cannot connect to Unity Package Manager local server
ScheduleIndexationOnStartup MainProcess:False IndexOnStartup:True
Mono: successfully reloaded assembly
- Finished resetting the current domain, in  1.250 seconds
Domain Reload Profiling: 2653ms
	BeginReloadAssembly (350ms)
		ExecutionOrderSort (0ms)
		DisableScriptedObjects (24ms)
		BackupInstance (0ms)
		ReleaseScriptingObjects (0ms)
		CreateAndSetChildDomain (70ms)
	RebuildCommonClasses (64ms)
	RebuildNativeTypeToScriptingClass (22ms)
	initialDomainReloadingComplete (46ms)
	LoadAllAssembliesAndSetupDomain (920ms)
		LoadAssemblies (658ms)
		RebuildTransferFunctionScriptingTraits (0ms)
		AnalyzeDomain (421ms)
			TypeCache.Refresh (10ms)
				TypeCache.ScanAssembly (0ms)
			BuildScriptInfoCaches (385ms)
			ResolveRequiredComponents (20ms)
	FinalizeReload (1251ms)
		ReleaseScriptCaches (0ms)
		RebuildScriptCaches (0ms)
		SetupLoadedEditorAssemblies (986ms)
			LogAssemblyErrors (0ms)
			InitializePlatformSupportModulesInManaged (11ms)
			SetLoadedEditorAssemblies (7ms)
			BeforeProcessingInitializeOnLoad (241ms)
			ProcessInitializeOnLoadAttributes (498ms)
			ProcessInitializeOnLoadMethodAttributes (226ms)
			AfterProcessingInitializeOnLoad (4ms)
			EditorAssembliesLoaded (1ms)
		ExecutionOrderSort2 (0ms)
		AwakeInstancesAfterBackupRestoration (20ms)
Refreshing native plugins compatible for Editor in 11.59 ms, found 5 plugins.
Preloading 0 native plugins for Editor in 0.00 ms.
Unloading 17 Unused Serialized files (Serialized files now loaded: 0)
Unloading 9099 unused Assets / (5.0 MB). Loaded Objects now: 10022.
Memory consumption went from 179.1 MB to 174.0 MB.
Total: 14.097000 ms (FindLiveObjects: 1.603100 ms CreateObjectMapping: 1.045000 ms MarkObjects: 7.601600 ms  DeleteObjects: 3.845700 ms)

Prepare: number of updated asset objects reloaded= 0
========================================================================
Received Prepare
[Licensing::Client] Successfully resolved entitlement details
Begin MonoManager ReloadAssembly
[Licensing::Client] Successfully resolved entitlement details
Duplicate assembly 'log4net.dll' with different versions detected, using 'Packages/com.unity.package-validation-suite/Lib/Editor/log4net.dll, AssemblyName=log4net, Version=2.0.8.0, Culture=neutral, PublicKeyToken=669e0ddf0bb1aa2a' and ignoring 'Packages/com.unity.collab-proxy/Lib/Editor/log4netPlastic.dll, AssemblyName=log4net, Version=1.2.15.0, Culture=neutral, PublicKeyToken=669e0ddf0bb1aa2a'.Symbol file LoadedFromMemory is not a mono symbol file
- Loaded All Assemblies, in  1.482 seconds
Refreshing native plugins compatible for Editor in 11.58 ms, found 5 plugins.
Native extension for Android target not found
Native extension for WindowsStandalone target not found
[Package Manager] Failed to launch server process. Reason: Unity was launched with the -noUpm command-line argument
[Package Manager] Unable to send message (not connected to server process).
[Package Manager] Cannot connect to Unity Package Manager local server
[Package Manager] Failed to launch server process. Reason: Unity was launched with the -noUpm command-line argument
[Package Manager] Unable to send message (not connected to server process).
[Package Manager] Cannot connect to Unity Package Manager local server
[Package Manager] Failed to launch server process. Reason: Unity was launched with the -noUpm command-line argument
[Package Manager] Unable to send message (not connected to server process).
[Package Manager] Cannot connect to Unity Package Manager local server
ScheduleIndexationOnStartup MainProcess:False IndexOnStartup:True
Mono: successfully reloaded assembly
- Finished resetting the current domain, in  1.283 seconds
Domain Reload Profiling: 2769ms
	BeginReloadAssembly (359ms)
		ExecutionOrderSort (0ms)
		DisableScriptedObjects (26ms)
		BackupInstance (0ms)
		ReleaseScriptingObjects (0ms)
		CreateAndSetChildDomain (78ms)
	RebuildCommonClasses (59ms)
	RebuildNativeTypeToScriptingClass (25ms)
	initialDomainReloadingComplete (45ms)
	LoadAllAssembliesAndSetupDomain (997ms)
		LoadAssemblies (765ms)
		RebuildTransferFunctionScriptingTraits (0ms)
		AnalyzeDomain (399ms)
			TypeCache.Refresh (11ms)
				TypeCache.ScanAssembly (0ms)
			BuildScriptInfoCaches (357ms)
			ResolveRequiredComponents (25ms)
	FinalizeReload (1284ms)
		ReleaseScriptCaches (0ms)
		RebuildScriptCaches (0ms)
		SetupLoadedEditorAssemblies (1010ms)
			LogAssemblyErrors (0ms)
			InitializePlatformSupportModulesInManaged (12ms)
			SetLoadedEditorAssemblies (9ms)
			BeforeProcessingInitializeOnLoad (241ms)
			ProcessInitializeOnLoadAttributes (498ms)
			ProcessInitializeOnLoadMethodAttributes (246ms)
			AfterProcessingInitializeOnLoad (4ms)
			EditorAssembliesLoaded (1ms)
		ExecutionOrderSort2 (0ms)
		AwakeInstancesAfterBackupRestoration (21ms)
Refreshing native plugins compatible for Editor in 11.52 ms, found 5 plugins.
Preloading 0 native plugins for Editor in 0.00 ms.
Unloading 17 Unused Serialized files (Serialized files now loaded: 0)
Unloading 9099 unused Assets / (5.1 MB). Loaded Objects now: 10028.
Memory consumption went from 179.1 MB to 174.0 MB.
Total: 13.474500 ms (FindLiveObjects: 1.310900 ms CreateObjectMapping: 0.838700 ms MarkObjects: 7.701600 ms  DeleteObjects: 3.622100 ms)

Prepare: number of updated asset objects reloaded= 0
========================================================================
Received Import Request.
  Time since last request: 1680.982831 seconds.
  path: Assets/Resources/400+ Rpg items16x16
  artifactKey: Guid(4f6e37ee46d8adc46ac27d978b9fe18b) Importer(815301076,1909f56bfc062723c751e8b465ee728b)
Start importing Assets/Resources/400+ Rpg items16x16 using Guid(4f6e37ee46d8adc46ac27d978b9fe18b) Importer(815301076,1909f56bfc062723c751e8b465ee728b) (PreviewImporter) -> (artifact id: '1515133cdee28966f95abbcfaba1e4a7') in 0.0024629 seconds
Number of updated asset objects reloaded before import = 0Number of asset objects unloaded after import = 0

========================================================================
Received Import Request.
  Time since last request: 0.154291 seconds.
  path: Assets/Resources/400+ Rpg items16x16/tile000.png
  artifactKey: Guid(b1d641ead2a05ba4989623a72d7e3b59) Importer(815301076,1909f56bfc062723c751e8b465ee728b)
Start importing Assets/Resources/400+ Rpg items16x16/tile000.png using Guid(b1d641ead2a05ba4989623a72d7e3b59) Importer(815301076,1909f56bfc062723c751e8b465ee728b) (PreviewImporter)[Licensing::Client] Successfully resolved entitlement details
 -> (artifact id: '4f02217e267303b4325c81c980c47375') in 1.3952315 seconds
Number of updated asset objects reloaded before import = 0Number of asset objects unloaded after import = 5170

========================================================================
Received Import Request.
  Time since last request: 0.000031 seconds.
  path: Assets/Resources/400+ Rpg items16x16/tile012.png
  artifactKey: Guid(ce756abf5f7a25344a063b3e4eba53b0) Importer(815301076,1909f56bfc062723c751e8b465ee728b)
Start importing Assets/Resources/400+ Rpg items16x16/tile012.png using Guid(ce756abf5f7a25344a063b3e4eba53b0) Importer(815301076,1909f56bfc062723c751e8b465ee728b) (PreviewImporter) -> (artifact id: '8353ca37f4371ec2575fde7a8b0617fb') in 0.5544355 seconds
Number of updated asset objects reloaded before import = 0Number of asset objects unloaded after import = 5170

========================================================================
Received Import Request.
  Time since last request: 0.000038 seconds.
  path: Assets/Resources/400+ Rpg items16x16/tile056.png
  artifactKey: Guid(a171481027933fd41ba8e85e07cb7364) Importer(815301076,1909f56bfc062723c751e8b465ee728b)
Start importing Assets/Resources/400+ Rpg items16x16/tile056.png using Guid(a171481027933fd41ba8e85e07cb7364) Importer(815301076,1909f56bfc062723c751e8b465ee728b) (PreviewImporter) -> (artifact id: 'fb1fed4c4331be91fb59a514c55e00ba') in 0.5285628 seconds
Number of updated asset objects reloaded before import = 0Number of asset objects unloaded after import = 5170

========================================================================
Received Import Request.
  Time since last request: 0.000034 seconds.
  path: Assets/Resources/400+ Rpg items16x16/tile029.png
  artifactKey: Guid(385b336883e5fd14fb58c4262a86b8de) Importer(815301076,1909f56bfc062723c751e8b465ee728b)
Start importing Assets/Resources/400+ Rpg items16x16/tile029.png using Guid(385b336883e5fd14fb58c4262a86b8de) Importer(815301076,1909f56bfc062723c751e8b465ee728b) (PreviewImporter) -> (artifact id: '56ab15bbef9ee3b1026a1e7bbd896d04') in 0.5386797 seconds
Number of updated asset objects reloaded before import = 0Number of asset objects unloaded after import = 5170

========================================================================
Received Import Request.
  Time since last request: 0.000050 seconds.
  path: Assets/Resources/400+ Rpg items16x16/tile061.png
  artifactKey: Guid(ac3e201e7c0525947aeeb848a920d1b5) Importer(815301076,1909f56bfc062723c751e8b465ee728b)
Start importing Assets/Resources/400+ Rpg items16x16/tile061.png using Guid(ac3e201e7c0525947aeeb848a920d1b5) Importer(815301076,1909f56bfc062723c751e8b465ee728b) (PreviewImporter) -> (artifact id: 'a5c1e8078dece041d34a6c6de6dcc4cd') in 0.583147 seconds
Number of updated asset objects reloaded before import = 0Number of asset objects unloaded after import = 5170

========================================================================
Received Import Request.
  Time since last request: 0.000032 seconds.
  path: Assets/Resources/400+ Rpg items16x16/tile048.png
  artifactKey: Guid(c8999008b19df4e459a59299b126d9a1) Importer(815301076,1909f56bfc062723c751e8b465ee728b)
Start importing Assets/Resources/400+ Rpg items16x16/tile048.png using Guid(c8999008b19df4e459a59299b126d9a1) Importer(815301076,1909f56bfc062723c751e8b465ee728b) (PreviewImporter) -> (artifact id: '13e1223f0839448291c79971b10d148f') in 0.578509 seconds
Number of updated asset objects reloaded before import = 0Number of asset objects unloaded after import = 5170

========================================================================
Received Import Request.
  Time since last request: 0.000052 seconds.
  path: Assets/Resources/400+ Rpg items16x16/tile003.png
  artifactKey: Guid(72821e589cf29214d90c6d364e533eef) Importer(815301076,1909f56bfc062723c751e8b465ee728b)
Start importing Assets/Resources/400+ Rpg items16x16/tile003.png using Guid(72821e589cf29214d90c6d364e533eef) Importer(815301076,1909f56bfc062723c751e8b465ee728b) (PreviewImporter) -> (artifact id: '18eaf63ee669f2fc24305ae9c74cc2ae') in 0.5688326 seconds
Number of updated asset objects reloaded before import = 0Number of asset objects unloaded after import = 5170

========================================================================
Received Import Request.
  Time since last request: 0.000033 seconds.
  path: Assets/Resources/400+ Rpg items16x16/tile047.png
  artifactKey: Guid(e5a161f3267cd2144b0f0bb938183fc4) Importer(815301076,1909f56bfc062723c751e8b465ee728b)
Start importing Assets/Resources/400+ Rpg items16x16/tile047.png using Guid(e5a161f3267cd2144b0f0bb938183fc4) Importer(815301076,1909f56bfc062723c751e8b465ee728b) (PreviewImporter) -> (artifact id: 'c436def426367fc4c51e1923e60bb1ee') in 0.5544863 seconds
Number of updated asset objects reloaded before import = 0Number of asset objects unloaded after import = 5170

========================================================================
Received Import Request.
  Time since last request: 0.000056 seconds.
  path: Assets/Resources/400+ Rpg items16x16/tile036.png
  artifactKey: Guid(1917d0ab8c22bb8428049530136809b2) Importer(815301076,1909f56bfc062723c751e8b465ee728b)
Start importing Assets/Resources/400+ Rpg items16x16/tile036.png using Guid(1917d0ab8c22bb8428049530136809b2) Importer(815301076,1909f56bfc062723c751e8b465ee728b) (PreviewImporter) -> (artifact id: '78d16f2043da7869f185ae5af8913aae') in 0.6143462 seconds
Number of updated asset objects reloaded before import = 0Number of asset objects unloaded after import = 5170

========================================================================
Received Import Request.
  Time since last request: 0.000036 seconds.
  path: Assets/Resources/400+ Rpg items16x16/tile054.png
  artifactKey: Guid(261ace4e0760a994491c3161b2696758) Importer(815301076,1909f56bfc062723c751e8b465ee728b)
Start importing Assets/Resources/400+ Rpg items16x16/tile054.png using Guid(261ace4e0760a994491c3161b2696758) Importer(815301076,1909f56bfc062723c751e8b465ee728b) (PreviewImporter) -> (artifact id: 'd5253674d3843c5b61e9275fd6a06340') in 0.6080064 seconds
Number of updated asset objects reloaded before import = 0Number of asset objects unloaded after import = 5170

========================================================================
Received Import Request.
  Time since last request: 0.000054 seconds.
  path: Assets/Resources/400+ Rpg items16x16/tile008.png
  artifactKey: Guid(b99d0054289e9f243a4747a2e6ee60e3) Importer(815301076,1909f56bfc062723c751e8b465ee728b)
Start importing Assets/Resources/400+ Rpg items16x16/tile008.png using Guid(b99d0054289e9f243a4747a2e6ee60e3) Importer(815301076,1909f56bfc062723c751e8b465ee728b) (PreviewImporter) -> (artifact id: '3d1c820fbaa3617545a41858728671cb') in 0.6218018 seconds
Number of updated asset objects reloaded before import = 0Number of asset objects unloaded after import = 5170

========================================================================
Received Import Request.
  Time since last request: 0.000034 seconds.
  path: Assets/Resources/400+ Rpg items16x16/tile037.png
  artifactKey: Guid(4c6c0413591a07f489c50606967a51a4) Importer(815301076,1909f56bfc062723c751e8b465ee728b)
Start importing Assets/Resources/400+ Rpg items16x16/tile037.png using Guid(4c6c0413591a07f489c50606967a51a4) Importer(815301076,1909f56bfc062723c751e8b465ee728b) (PreviewImporter) -> (artifact id: '0020f071bb9608bc8694ccd8fda44706') in 0.5582369 seconds
Number of updated asset objects reloaded before import = 0Number of asset objects unloaded after import = 5170

========================================================================
Received Import Request.
  Time since last request: 0.000046 seconds.
  path: Assets/Resources/400+ Rpg items16x16/tile052.png
  artifactKey: Guid(c65f3c121b6564f45b64bdbc4d72672a) Importer(815301076,1909f56bfc062723c751e8b465ee728b)
Start importing Assets/Resources/400+ Rpg items16x16/tile052.png using Guid(c65f3c121b6564f45b64bdbc4d72672a) Importer(815301076,1909f56bfc062723c751e8b465ee728b) (PreviewImporter) -> (artifact id: '6fb64a471626a579dfc699686e797846') in 0.5287832 seconds
Number of updated asset objects reloaded before import = 0Number of asset objects unloaded after import = 5170

========================================================================
Received Import Request.
  Time since last request: 0.000036 seconds.
  path: Assets/Resources/400+ Rpg items16x16/tile028.png
  artifactKey: Guid(c1474ac6d78935a4c95a3f9d758b66a4) Importer(815301076,1909f56bfc062723c751e8b465ee728b)
Start importing Assets/Resources/400+ Rpg items16x16/tile028.png using Guid(c1474ac6d78935a4c95a3f9d758b66a4) Importer(815301076,1909f56bfc062723c751e8b465ee728b) (PreviewImporter) -> (artifact id: '03373dc9623aaa779c2a3c1960bbe668') in 0.5562373 seconds
Number of updated asset objects reloaded before import = 0Number of asset objects unloaded after import = 5170

========================================================================
Received Import Request.
  Time since last request: 0.000053 seconds.
  path: Assets/Resources/400+ Rpg items16x16/tile055.png
  artifactKey: Guid(419956ee01079094b854b4371440426f) Importer(815301076,1909f56bfc062723c751e8b465ee728b)
Start importing Assets/Resources/400+ Rpg items16x16/tile055.png using Guid(419956ee01079094b854b4371440426f) Importer(815301076,1909f56bfc062723c751e8b465ee728b) (PreviewImporter) -> (artifact id: 'd70c11a971102554185c79a4be07fa22') in 0.5403738 seconds
Number of updated asset objects reloaded before import = 0Number of asset objects unloaded after import = 5170

========================================================================
Received Import Request.
  Time since last request: 0.000065 seconds.
  path: Assets/Resources/400+ Rpg items16x16/tile060.png
  artifactKey: Guid(6234dbab33442264b9ef5d91424322a5) Importer(815301076,1909f56bfc062723c751e8b465ee728b)
Start importing Assets/Resources/400+ Rpg items16x16/tile060.png using Guid(6234dbab33442264b9ef5d91424322a5) Importer(815301076,1909f56bfc062723c751e8b465ee728b) (PreviewImporter) -> (artifact id: 'ff958bc430356bc0f3c7d3ba6fac0ef7') in 0.566224 seconds
Number of updated asset objects reloaded before import = 0Number of asset objects unloaded after import = 5170

========================================================================
Received Import Request.
  Time since last request: 0.000067 seconds.
  path: Assets/Resources/400+ Rpg items16x16/tile016.png
  artifactKey: Guid(678aa778d937b0c48823c22894bc8c5c) Importer(815301076,1909f56bfc062723c751e8b465ee728b)
Start importing Assets/Resources/400+ Rpg items16x16/tile016.png using Guid(678aa778d937b0c48823c22894bc8c5c) Importer(815301076,1909f56bfc062723c751e8b465ee728b) (PreviewImporter) -> (artifact id: '78a303c321622cb266fe409ae40d5f6c') in 0.5463298 seconds
Number of updated asset objects reloaded before import = 0Number of asset objects unloaded after import = 5170

========================================================================
Received Import Request.
  Time since last request: 0.000031 seconds.
  path: Assets/Resources/400+ Rpg items16x16/tile024.png
  artifactKey: Guid(0e17670b8e6975947918b7b24566eb98) Importer(815301076,1909f56bfc062723c751e8b465ee728b)
Start importing Assets/Resources/400+ Rpg items16x16/tile024.png using Guid(0e17670b8e6975947918b7b24566eb98) Importer(815301076,1909f56bfc062723c751e8b465ee728b) (PreviewImporter) -> (artifact id: 'cece59a82ca76a5afce8963c41081ae7') in 0.5382091 seconds
Number of updated asset objects reloaded before import = 0Number of asset objects unloaded after import = 5170

========================================================================
Received Import Request.
  Time since last request: 0.000041 seconds.
  path: Assets/Resources/400+ Rpg items16x16/tile050.png
  artifactKey: Guid(ec37d43288a2d614f9e9bbaf390f700f) Importer(815301076,1909f56bfc062723c751e8b465ee728b)
Start importing Assets/Resources/400+ Rpg items16x16/tile050.png using Guid(ec37d43288a2d614f9e9bbaf390f700f) Importer(815301076,1909f56bfc062723c751e8b465ee728b) (PreviewImporter) -> (artifact id: 'ac091c4aeed4c6679f8d0751bb6bbefc') in 0.5558081 seconds
Number of updated asset objects reloaded before import = 0Number of asset objects unloaded after import = 5170

========================================================================
Received Import Request.
  Time since last request: 0.000038 seconds.
  path: Assets/Resources/400+ Rpg items16x16/tile020.png
  artifactKey: Guid(7f15b4a4a2f73c34c87ce86fe689159a) Importer(815301076,1909f56bfc062723c751e8b465ee728b)
Start importing Assets/Resources/400+ Rpg items16x16/tile020.png using Guid(7f15b4a4a2f73c34c87ce86fe689159a) Importer(815301076,1909f56bfc062723c751e8b465ee728b) (PreviewImporter) -> (artifact id: '1e5740833c40a53ab7f3bb1b285a4e85') in 0.552148 seconds
Number of updated asset objects reloaded before import = 0Number of asset objects unloaded after import = 5170

========================================================================
Received Import Request.
  Time since last request: 0.000042 seconds.
  path: Assets/Resources/400+ Rpg items16x16/tile011.png
  artifactKey: Guid(1770541b3a3caea409bb1f24b897bd4e) Importer(815301076,1909f56bfc062723c751e8b465ee728b)
Start importing Assets/Resources/400+ Rpg items16x16/tile011.png using Guid(1770541b3a3caea409bb1f24b897bd4e) Importer(815301076,1909f56bfc062723c751e8b465ee728b) (PreviewImporter) -> (artifact id: '785f0ecca2f142906de4ad380c374fd2') in 0.5216142 seconds
Number of updated asset objects reloaded before import = 0Number of asset objects unloaded after import = 5170

========================================================================
Received Import Request.
  Time since last request: 0.000041 seconds.
  path: Assets/Resources/400+ Rpg items16x16/tile046.png
  artifactKey: Guid(d852527b908e4de48bddb7066dc0b250) Importer(815301076,1909f56bfc062723c751e8b465ee728b)
Start importing Assets/Resources/400+ Rpg items16x16/tile046.png using Guid(d852527b908e4de48bddb7066dc0b250) Importer(815301076,1909f56bfc062723c751e8b465ee728b) (PreviewImporter) -> (artifact id: 'a9feb2b48d1a54718a5b02149f554d07') in 0.5431679 seconds
Number of updated asset objects reloaded before import = 0Number of asset objects unloaded after import = 5170

========================================================================
Received Import Request.
  Time since last request: 3.613274 seconds.
  path: Assets/Resources/Arrows.png
  artifactKey: Guid(8df20e92862a99c47baa35f2c11787a0) Importer(815301076,1909f56bfc062723c751e8b465ee728b)
Start importing Assets/Resources/Arrows.png using Guid(8df20e92862a99c47baa35f2c11787a0) Importer(815301076,1909f56bfc062723c751e8b465ee728b) (PreviewImporter) -> (artifact id: 'd5479849d49f5ac4fa60a16fd8adb16e') in 0.5853061 seconds
Number of updated asset objects reloaded before import = 0Number of asset objects unloaded after import = 5170

========================================================================
Received Import Request.
  Time since last request: 0.000043 seconds.
  path: Assets/Resources/Fill_HP_Bar_player (2).png
  artifactKey: Guid(6396c6bef7624b64caa15a554706c813) Importer(815301076,1909f56bfc062723c751e8b465ee728b)
Start importing Assets/Resources/Fill_HP_Bar_player (2).png using Guid(6396c6bef7624b64caa15a554706c813) Importer(815301076,1909f56bfc062723c751e8b465ee728b) (PreviewImporter) -> (artifact id: '5153a7abe55851d8d5900fd164aa6bf0') in 0.574262 seconds
Number of updated asset objects reloaded before import = 0Number of asset objects unloaded after import = 5170

========================================================================
Received Import Request.
  Time since last request: 0.000052 seconds.
  path: Assets/Resources/IconQuest_Get.png
  artifactKey: Guid(ea42c470c0d09ab4a9eaa18ee690a1a5) Importer(815301076,1909f56bfc062723c751e8b465ee728b)
Start importing Assets/Resources/IconQuest_Get.png using Guid(ea42c470c0d09ab4a9eaa18ee690a1a5) Importer(815301076,1909f56bfc062723c751e8b465ee728b) (PreviewImporter) -> (artifact id: '8f61b041b2e10562f88e7fa131b0572e') in 0.5608486 seconds
Number of updated asset objects reloaded before import = 0Number of asset objects unloaded after import = 5170

========================================================================
Received Import Request.
  Time since last request: 0.000034 seconds.
  path: Assets/Resources/BackgroundTable.png
  artifactKey: Guid(f0674c5ffefbd9d4c95bbe5d38d9c253) Importer(815301076,1909f56bfc062723c751e8b465ee728b)
Start importing Assets/Resources/BackgroundTable.png using Guid(f0674c5ffefbd9d4c95bbe5d38d9c253) Importer(815301076,1909f56bfc062723c751e8b465ee728b) (PreviewImporter) -> (artifact id: 'ce2cf664e4668aa7523d98c340561011') in 0.5189185 seconds
Number of updated asset objects reloaded before import = 0Number of asset objects unloaded after import = 5170

========================================================================
Received Import Request.
  Time since last request: 0.000044 seconds.
  path: Assets/Resources/LogoGame.png
  artifactKey: Guid(0c37d3e21a5596342a8996d4665a9cb6) Importer(815301076,1909f56bfc062723c751e8b465ee728b)
Start importing Assets/Resources/LogoGame.png using Guid(0c37d3e21a5596342a8996d4665a9cb6) Importer(815301076,1909f56bfc062723c751e8b465ee728b) (PreviewImporter) -> (artifact id: 'badfa77316d7918cd43f6cbef15b3cea') in 0.5800179 seconds
Number of updated asset objects reloaded before import = 0Number of asset objects unloaded after import = 5170

========================================================================
Received Import Request.
  Time since last request: 1.713190 seconds.
  path: Assets/Resources/Arrows.png
  artifactKey: Guid(8df20e92862a99c47baa35f2c11787a0) Importer(815301076,1909f56bfc062723c751e8b465ee728b)
Start importing Assets/Resources/Arrows.png using Guid(8df20e92862a99c47baa35f2c11787a0) Importer(815301076,1909f56bfc062723c751e8b465ee728b) (PreviewImporter) -> (artifact id: '83282fcc9e25e52291fae2fb872b159f') in 0.6018278 seconds
Number of updated asset objects reloaded before import = 0Number of asset objects unloaded after import = 5170

========================================================================
Received Import Request.
  Time since last request: 0.000044 seconds.
  path: Assets/Resources/Fill_HP_Bar_player (2).png
  artifactKey: Guid(6396c6bef7624b64caa15a554706c813) Importer(815301076,1909f56bfc062723c751e8b465ee728b)
Start importing Assets/Resources/Fill_HP_Bar_player (2).png using Guid(6396c6bef7624b64caa15a554706c813) Importer(815301076,1909f56bfc062723c751e8b465ee728b) (PreviewImporter) -> (artifact id: '1e24b5a1dbdc9764faeb3089a7a29ce9') in 0.5787719 seconds
Number of updated asset objects reloaded before import = 0Number of asset objects unloaded after import = 5170

========================================================================
Received Import Request.
  Time since last request: 0.000046 seconds.
  path: Assets/Resources/Tower_2/Dungeon_Tile_3_20.asset
  artifactKey: Guid(e8e095d40a9c4da4a8e756e8dc913cd4) Importer(815301076,1909f56bfc062723c751e8b465ee728b)
Start importing Assets/Resources/Tower_2/Dungeon_Tile_3_20.asset using Guid(e8e095d40a9c4da4a8e756e8dc913cd4) Importer(815301076,1909f56bfc062723c751e8b465ee728b) (PreviewImporter) -> (artifact id: 'cd2acc8de4a0a476ce4066e235465dca') in 0.5872242 seconds
Number of updated asset objects reloaded before import = 0Number of asset objects unloaded after import = 5170

========================================================================
Received Import Request.
  Time since last request: 0.000035 seconds.
  path: Assets/Resources/Tower_2/Dungeon_Tile_3_53.asset
  artifactKey: Guid(3e41c7a16493dbc4b929050a77463d3a) Importer(815301076,1909f56bfc062723c751e8b465ee728b)
Start importing Assets/Resources/Tower_2/Dungeon_Tile_3_53.asset using Guid(3e41c7a16493dbc4b929050a77463d3a) Importer(815301076,1909f56bfc062723c751e8b465ee728b) (PreviewImporter) -> (artifact id: 'fb9f98c3b6b817e9354501954e8cfd84') in 0.6320496 seconds
Number of updated asset objects reloaded before import = 0Number of asset objects unloaded after import = 5170

========================================================================
Received Import Request.
  Time since last request: 0.000040 seconds.
  path: Assets/Resources/Tower_2/Dungeon_Tile_3_31.asset
  artifactKey: Guid(2cf00da1ce73451498ef640638a2ebe5) Importer(815301076,1909f56bfc062723c751e8b465ee728b)
Start importing Assets/Resources/Tower_2/Dungeon_Tile_3_31.asset using Guid(2cf00da1ce73451498ef640638a2ebe5) Importer(815301076,1909f56bfc062723c751e8b465ee728b) (PreviewImporter) -> (artifact id: '2bc2f56ef1b300feeac85c3a3d2345dc') in 0.60498 seconds
Number of updated asset objects reloaded before import = 0Number of asset objects unloaded after import = 5170

========================================================================
Received Import Request.
  Time since last request: 0.000034 seconds.
  path: Assets/Resources/IconQuest_Get.png
  artifactKey: Guid(ea42c470c0d09ab4a9eaa18ee690a1a5) Importer(815301076,1909f56bfc062723c751e8b465ee728b)
Start importing Assets/Resources/IconQuest_Get.png using Guid(ea42c470c0d09ab4a9eaa18ee690a1a5) Importer(815301076,1909f56bfc062723c751e8b465ee728b) (PreviewImporter) -> (artifact id: '839ed8b621cf1000103271601e029693') in 0.6627867 seconds
Number of updated asset objects reloaded before import = 0Number of asset objects unloaded after import = 5170

========================================================================
Received Import Request.
  Time since last request: 0.000057 seconds.
  path: Assets/Resources/Tower_2/Dungeon_Tile_3_47.asset
  artifactKey: Guid(d81cc79e6f8d7a3448979a69d78fece1) Importer(815301076,1909f56bfc062723c751e8b465ee728b)
Start importing Assets/Resources/Tower_2/Dungeon_Tile_3_47.asset using Guid(d81cc79e6f8d7a3448979a69d78fece1) Importer(815301076,1909f56bfc062723c751e8b465ee728b) (PreviewImporter) -> (artifact id: 'f64a0e76fb7342cbda213ec32d69eb78') in 0.6501773 seconds
Number of updated asset objects reloaded before import = 0Number of asset objects unloaded after import = 5170

========================================================================
Received Import Request.
  Time since last request: 0.000035 seconds.
  path: Assets/Resources/Tower_2/Dungeon_Tile_3_3.asset
  artifactKey: Guid(a0bf4ac1e46677347ab2fec494188fee) Importer(815301076,1909f56bfc062723c751e8b465ee728b)
Start importing Assets/Resources/Tower_2/Dungeon_Tile_3_3.asset using Guid(a0bf4ac1e46677347ab2fec494188fee) Importer(815301076,1909f56bfc062723c751e8b465ee728b) (PreviewImporter) -> (artifact id: 'cedaf718ab69cff725cdb142704fb6ba') in 0.631835 seconds
Number of updated asset objects reloaded before import = 0Number of asset objects unloaded after import = 5170

========================================================================
Received Import Request.
  Time since last request: 0.000063 seconds.
  path: Assets/Resources/Tower_2/Dungeon_Tile_3_46.asset
  artifactKey: Guid(44eaedc8138918d429e338d0caa25ef4) Importer(815301076,1909f56bfc062723c751e8b465ee728b)
Start importing Assets/Resources/Tower_2/Dungeon_Tile_3_46.asset using Guid(44eaedc8138918d429e338d0caa25ef4) Importer(815301076,1909f56bfc062723c751e8b465ee728b) (PreviewImporter) -> (artifact id: '6efe916aac0b56d128f95c3760026b54') in 0.6532744 seconds
Number of updated asset objects reloaded before import = 0Number of asset objects unloaded after import = 5170

========================================================================
Received Import Request.
  Time since last request: 0.000040 seconds.
  path: Assets/Resources/Tower_2/Dungeon_Tile_3_50.asset
  artifactKey: Guid(fae3b0c2e215f7b4cb23996dfd3ad39c) Importer(815301076,1909f56bfc062723c751e8b465ee728b)
Start importing Assets/Resources/Tower_2/Dungeon_Tile_3_50.asset using Guid(fae3b0c2e215f7b4cb23996dfd3ad39c) Importer(815301076,1909f56bfc062723c751e8b465ee728b) (PreviewImporter) -> (artifact id: '5fba93e455ae9c25ef1050c9c7a2e074') in 0.6081984 seconds
Number of updated asset objects reloaded before import = 0Number of asset objects unloaded after import = 5170

========================================================================
Received Import Request.
  Time since last request: 0.000040 seconds.
  path: Assets/Resources/Tower_2/Dungeon_Tile_3_12.asset
  artifactKey: Guid(daa02abd7d5b6774db20443c06a2f5fc) Importer(815301076,1909f56bfc062723c751e8b465ee728b)
Start importing Assets/Resources/Tower_2/Dungeon_Tile_3_12.asset using Guid(daa02abd7d5b6774db20443c06a2f5fc) Importer(815301076,1909f56bfc062723c751e8b465ee728b) (PreviewImporter) -> (artifact id: '972651dde8057bc9c8090ae913b7507a') in 0.5934125 seconds
Number of updated asset objects reloaded before import = 0Number of asset objects unloaded after import = 5170

========================================================================
Received Import Request.
  Time since last request: 0.000034 seconds.
  path: Assets/Resources/Tower_2/Dungeon_Tile_3_16.asset
  artifactKey: Guid(cf96a890fc996da49979b30a4d3c2e6f) Importer(815301076,1909f56bfc062723c751e8b465ee728b)
Start importing Assets/Resources/Tower_2/Dungeon_Tile_3_16.asset using Guid(cf96a890fc996da49979b30a4d3c2e6f) Importer(815301076,1909f56bfc062723c751e8b465ee728b) (PreviewImporter) -> (artifact id: '3e5758815a06f45213b388b047afd3d5') in 0.5884388 seconds
Number of updated asset objects reloaded before import = 0Number of asset objects unloaded after import = 5170

========================================================================
Received Import Request.
  Time since last request: 0.000047 seconds.
  path: Assets/Resources/Tower_2/Dungeon_Tile_3_40.asset
  artifactKey: Guid(c592b07a3deff6d43aca91ec9e91f799) Importer(815301076,1909f56bfc062723c751e8b465ee728b)
Start importing Assets/Resources/Tower_2/Dungeon_Tile_3_40.asset using Guid(c592b07a3deff6d43aca91ec9e91f799) Importer(815301076,1909f56bfc062723c751e8b465ee728b) (PreviewImporter) -> (artifact id: 'e8ec2528e4bf494620fe789b8e73ad6c') in 0.5881346 seconds
Number of updated asset objects reloaded before import = 0Number of asset objects unloaded after import = 5170

========================================================================
Received Import Request.
  Time since last request: 0.000035 seconds.
  path: Assets/Resources/Tower_2/Dungeon_Tile_3_28.asset
  artifactKey: Guid(88f335ab6791f774da7b3864a8afce8c) Importer(815301076,1909f56bfc062723c751e8b465ee728b)
Start importing Assets/Resources/Tower_2/Dungeon_Tile_3_28.asset using Guid(88f335ab6791f774da7b3864a8afce8c) Importer(815301076,1909f56bfc062723c751e8b465ee728b) (PreviewImporter) -> (artifact id: 'b195ff6713ed3f7bc3e7d154b7bb0df1') in 0.6677847 seconds
Number of updated asset objects reloaded before import = 0Number of asset objects unloaded after import = 5170

========================================================================
Received Import Request.
  Time since last request: 0.000056 seconds.
  path: Assets/Resources/Tower_2/Dungeon_Tile_3_58.asset
  artifactKey: Guid(a49d1937138dbac4eaf7bb1a3df56c34) Importer(815301076,1909f56bfc062723c751e8b465ee728b)
Start importing Assets/Resources/Tower_2/Dungeon_Tile_3_58.asset using Guid(a49d1937138dbac4eaf7bb1a3df56c34) Importer(815301076,1909f56bfc062723c751e8b465ee728b) (PreviewImporter) -> (artifact id: 'ded96d6503f083bc01f4f33627e7fef6') in 0.5939129 seconds
Number of updated asset objects reloaded before import = 0Number of asset objects unloaded after import = 5170

========================================================================
Received Import Request.
  Time since last request: 0.000035 seconds.
  path: Assets/Resources/BackgroundTable.png
  artifactKey: Guid(f0674c5ffefbd9d4c95bbe5d38d9c253) Importer(815301076,1909f56bfc062723c751e8b465ee728b)
Start importing Assets/Resources/BackgroundTable.png using Guid(f0674c5ffefbd9d4c95bbe5d38d9c253) Importer(815301076,1909f56bfc062723c751e8b465ee728b) (PreviewImporter) -> (artifact id: '44ac638988acb460e1ca7e5a07f13f6e') in 0.5764904 seconds
Number of updated asset objects reloaded before import = 0Number of asset objects unloaded after import = 5170

========================================================================
Received Import Request.
  Time since last request: 0.000044 seconds.
  path: Assets/Resources/Fill_HP_Bar.png
  artifactKey: Guid(cb3a853a1ac95b944905793453c3aeec) Importer(815301076,1909f56bfc062723c751e8b465ee728b)
Start importing Assets/Resources/Fill_HP_Bar.png using Guid(cb3a853a1ac95b944905793453c3aeec) Importer(815301076,1909f56bfc062723c751e8b465ee728b) (PreviewImporter) -> (artifact id: '845b1f50cdd3e2fe357e2cee47f4212f') in 0.5814341 seconds
Number of updated asset objects reloaded before import = 0Number of asset objects unloaded after import = 5170

========================================================================
Received Import Request.
  Time since last request: 0.000032 seconds.
  path: Assets/Resources/Tower_2
  artifactKey: Guid(b2d7b3798b6c94b459a4776b1a05d0a5) Importer(815301076,1909f56bfc062723c751e8b465ee728b)
Start importing Assets/Resources/Tower_2 using Guid(b2d7b3798b6c94b459a4776b1a05d0a5) Importer(815301076,1909f56bfc062723c751e8b465ee728b) (PreviewImporter) -> (artifact id: '6ad91b30aaed9ed44d77a415beba130c') in 0.0006813 seconds
Number of updated asset objects reloaded before import = 0Number of asset objects unloaded after import = 0

========================================================================
Received Import Request.
  Time since last request: 0.000033 seconds.
  path: Assets/Resources/Tower_2/Dungeon_Tile_3_7.asset
  artifactKey: Guid(b76c4712c81287045af9baf27eca3cd2) Importer(815301076,1909f56bfc062723c751e8b465ee728b)
Start importing Assets/Resources/Tower_2/Dungeon_Tile_3_7.asset using Guid(b76c4712c81287045af9baf27eca3cd2) Importer(815301076,1909f56bfc062723c751e8b465ee728b) (PreviewImporter) -> (artifact id: '8d4591f354d9033f8892d489a89f0bbc') in 0.5693539 seconds
Number of updated asset objects reloaded before import = 0Number of asset objects unloaded after import = 5170

========================================================================
Received Import Request.
  Time since last request: 0.000036 seconds.
  path: Assets/Resources/Hp_Line.png
  artifactKey: Guid(47902c081f8418c469bf5c7416e3f222) Importer(815301076,1909f56bfc062723c751e8b465ee728b)
Start importing Assets/Resources/Hp_Line.png using Guid(47902c081f8418c469bf5c7416e3f222) Importer(815301076,1909f56bfc062723c751e8b465ee728b) (PreviewImporter) -> (artifact id: 'a69120cfe980e44a67299296f6f91752') in 0.5889257 seconds
Number of updated asset objects reloaded before import = 0Number of asset objects unloaded after import = 5170

========================================================================
Received Import Request.
  Time since last request: 0.000048 seconds.
  path: Assets/Resources/Tower_2/Dungeon_Tile_3_55.asset
  artifactKey: Guid(92f5e3a5d3817184b9ee8f483a2e6b10) Importer(815301076,1909f56bfc062723c751e8b465ee728b)
Start importing Assets/Resources/Tower_2/Dungeon_Tile_3_55.asset using Guid(92f5e3a5d3817184b9ee8f483a2e6b10) Importer(815301076,1909f56bfc062723c751e8b465ee728b) (PreviewImporter) -> (artifact id: '04c778ab8cf061a6de11a4ce0342eae2') in 0.5735598 seconds
Number of updated asset objects reloaded before import = 0Number of asset objects unloaded after import = 5170

========================================================================
Received Import Request.
  Time since last request: 0.000040 seconds.
  path: Assets/Resources/Tower_2/Dungeon_Tile_3_52.asset
  artifactKey: Guid(d809c1a35f47bea4c9937139b60a9d0e) Importer(815301076,1909f56bfc062723c751e8b465ee728b)
Start importing Assets/Resources/Tower_2/Dungeon_Tile_3_52.asset using Guid(d809c1a35f47bea4c9937139b60a9d0e) Importer(815301076,1909f56bfc062723c751e8b465ee728b) (PreviewImporter) -> (artifact id: 'c01e42de512a9d1b7b1103fcb1872b41') in 0.5679769 seconds
Number of updated asset objects reloaded before import = 0Number of asset objects unloaded after import = 5170

========================================================================
Received Import Request.
  Time since last request: 0.000045 seconds.
  path: Assets/Resources/Diamond.png
  artifactKey: Guid(14e225394aaa4654591040dbf140012f) Importer(815301076,1909f56bfc062723c751e8b465ee728b)
Start importing Assets/Resources/Diamond.png using Guid(14e225394aaa4654591040dbf140012f) Importer(815301076,1909f56bfc062723c751e8b465ee728b) (PreviewImporter) -> (artifact id: 'd8245c0392f310277ca471fe648eda98') in 0.5785861 seconds
Number of updated asset objects reloaded before import = 0Number of asset objects unloaded after import = 5170

========================================================================
Received Import Request.
  Time since last request: 0.000045 seconds.
  path: Assets/Resources/Coinpng.png
  artifactKey: Guid(73aa4717b8b73fc46a00c603150019ea) Importer(815301076,1909f56bfc062723c751e8b465ee728b)
Start importing Assets/Resources/Coinpng.png using Guid(73aa4717b8b73fc46a00c603150019ea) Importer(815301076,1909f56bfc062723c751e8b465ee728b) (PreviewImporter) -> (artifact id: '493b19a0508386a92e38230296cb043e') in 0.5631652 seconds
Number of updated asset objects reloaded before import = 0Number of asset objects unloaded after import = 5170

========================================================================
Received Import Request.
  Time since last request: 0.000063 seconds.
  path: Assets/Resources/Tower_2/Dungeon_Tile_3_5.asset
  artifactKey: Guid(d0a6fafb46f10004b8363c728c667dff) Importer(815301076,1909f56bfc062723c751e8b465ee728b)
Start importing Assets/Resources/Tower_2/Dungeon_Tile_3_5.asset using Guid(d0a6fafb46f10004b8363c728c667dff) Importer(815301076,1909f56bfc062723c751e8b465ee728b) (PreviewImporter) -> (artifact id: '810b4d677f49a8368d30e77492726743') in 0.5684924 seconds
Number of updated asset objects reloaded before import = 0Number of asset objects unloaded after import = 5170

========================================================================
Received Import Request.
  Time since last request: 0.000039 seconds.
  path: Assets/Resources/Tower_2/Dungeon_Tile_3_14.asset
  artifactKey: Guid(4b933941dc3bd3a499130c54f8302f49) Importer(815301076,1909f56bfc062723c751e8b465ee728b)
Start importing Assets/Resources/Tower_2/Dungeon_Tile_3_14.asset using Guid(4b933941dc3bd3a499130c54f8302f49) Importer(815301076,1909f56bfc062723c751e8b465ee728b) (PreviewImporter) -> (artifact id: 'e53b4c79bbe9ddd0c4cc709d249156af') in 0.5556363 seconds
Number of updated asset objects reloaded before import = 0Number of asset objects unloaded after import = 5170

========================================================================
Received Import Request.
  Time since last request: 0.000044 seconds.
  path: Assets/Resources/totem_projectile.png
  artifactKey: Guid(c5a387b0c0a77d8428118f6136938fdb) Importer(815301076,1909f56bfc062723c751e8b465ee728b)
Start importing Assets/Resources/totem_projectile.png using Guid(c5a387b0c0a77d8428118f6136938fdb) Importer(815301076,1909f56bfc062723c751e8b465ee728b) (PreviewImporter) -> (artifact id: '7082d411f363fb4193d106730840fb97') in 0.6216346 seconds
Number of updated asset objects reloaded before import = 0Number of asset objects unloaded after import = 5170

========================================================================
Received Import Request.
  Time since last request: 0.000037 seconds.
  path: Assets/Resources/Buttons.png
  artifactKey: Guid(e8d77c8bfd88fef4dbae0c0abff7a0c5) Importer(815301076,1909f56bfc062723c751e8b465ee728b)
Start importing Assets/Resources/Buttons.png using Guid(e8d77c8bfd88fef4dbae0c0abff7a0c5) Importer(815301076,1909f56bfc062723c751e8b465ee728b) (PreviewImporter) -> (artifact id: '711b8fab3034ed6563c79b7e0bfcca4b') in 0.6287522 seconds
Number of updated asset objects reloaded before import = 0Number of asset objects unloaded after import = 5170

========================================================================
Received Import Request.
  Time since last request: 0.000051 seconds.
  path: Assets/Resources/Tower_2/Dungeon_Tile_3_9.asset
  artifactKey: Guid(9d45f855275acb44e821cf1039d9dbd6) Importer(815301076,1909f56bfc062723c751e8b465ee728b)
Start importing Assets/Resources/Tower_2/Dungeon_Tile_3_9.asset using Guid(9d45f855275acb44e821cf1039d9dbd6) Importer(815301076,1909f56bfc062723c751e8b465ee728b) (PreviewImporter) -> (artifact id: '3f02c906d343a667abb1c4e7c5d86678') in 0.5781722 seconds
Number of updated asset objects reloaded before import = 0Number of asset objects unloaded after import = 5170

========================================================================
Received Import Request.
  Time since last request: 0.000040 seconds.
  path: Assets/Resources/CompleteIconQuest.png
  artifactKey: Guid(be558b34cf9632b4fa9eff43f5871780) Importer(815301076,1909f56bfc062723c751e8b465ee728b)
Start importing Assets/Resources/CompleteIconQuest.png using Guid(be558b34cf9632b4fa9eff43f5871780) Importer(815301076,1909f56bfc062723c751e8b465ee728b) (PreviewImporter) -> (artifact id: 'afdad24d2db36ad690579f9414a8fbeb') in 0.5859198 seconds
Number of updated asset objects reloaded before import = 0Number of asset objects unloaded after import = 5170

========================================================================
Received Import Request.
  Time since last request: 0.000041 seconds.
  path: Assets/Resources/TrashBasket.png
  artifactKey: Guid(1e46078eaa88b354d8b1633c31c5ea49) Importer(815301076,1909f56bfc062723c751e8b465ee728b)
Start importing Assets/Resources/TrashBasket.png using Guid(1e46078eaa88b354d8b1633c31c5ea49) Importer(815301076,1909f56bfc062723c751e8b465ee728b) (PreviewImporter) -> (artifact id: 'e3914626e136619dd31b09cc89ef51b2') in 0.5997098 seconds
Number of updated asset objects reloaded before import = 0Number of asset objects unloaded after import = 5170

========================================================================
Received Import Request.
  Time since last request: 6.132548 seconds.
  path: Assets/Bridge_0.asset
  artifactKey: Guid(e5ef9d74fe8615e4b9be01afbb182e0e) Importer(815301076,1909f56bfc062723c751e8b465ee728b)
Start importing Assets/Bridge_0.asset using Guid(e5ef9d74fe8615e4b9be01afbb182e0e) Importer(815301076,1909f56bfc062723c751e8b465ee728b) (PreviewImporter) -> (artifact id: '58d0a63ad7d450adc8c9974598fbca49') in 0.5834557 seconds
Number of updated asset objects reloaded before import = 0Number of asset objects unloaded after import = 5170

========================================================================
Received Import Request.
  Time since last request: 1.601128 seconds.
  path: Assets/Medieval Tools & Weapons Package Free
  artifactKey: Guid(613f10f72e20c6b4bb3232b0ad010e6e) Importer(815301076,1909f56bfc062723c751e8b465ee728b)
Start importing Assets/Medieval Tools & Weapons Package Free using Guid(613f10f72e20c6b4bb3232b0ad010e6e) Importer(815301076,1909f56bfc062723c751e8b465ee728b) (PreviewImporter) -> (artifact id: 'efb92f96821392a84df93a01c259efe4') in 0.0006159 seconds
Number of updated asset objects reloaded before import = 0Number of asset objects unloaded after import = 0

========================================================================
Received Import Request.
  Time since last request: 1.193381 seconds.
  path: Assets/Medieval Tools & Weapons Package Free/Sprites
  artifactKey: Guid(afd1e9855b1754647bda01dc724907bd) Importer(815301076,1909f56bfc062723c751e8b465ee728b)
Start importing Assets/Medieval Tools & Weapons Package Free/Sprites using Guid(afd1e9855b1754647bda01dc724907bd) Importer(815301076,1909f56bfc062723c751e8b465ee728b) (PreviewImporter) -> (artifact id: '465da507ce0039b78e56da0513f36142') in 0.000651 seconds
Number of updated asset objects reloaded before import = 0Number of asset objects unloaded after import = 0

========================================================================
Received Import Request.
  Time since last request: 0.009069 seconds.
  path: Assets/Medieval Tools & Weapons Package Free/Sprites/Tools & Weapons - Iron.png
  artifactKey: Guid(b852b9315af08ac40bfb961c9b3c28c9) Importer(815301076,1909f56bfc062723c751e8b465ee728b)
Start importing Assets/Medieval Tools & Weapons Package Free/Sprites/Tools & Weapons - Iron.png using Guid(b852b9315af08ac40bfb961c9b3c28c9) Importer(815301076,1909f56bfc062723c751e8b465ee728b) (PreviewImporter) -> (artifact id: 'a10769df2b9c775b01e060c1469658da') in 0.6659841 seconds
Number of updated asset objects reloaded before import = 0Number of asset objects unloaded after import = 5170

========================================================================
Received Import Request.
  Time since last request: 81.406325 seconds.
  path: Assets/Sounds/SoundsSteps
  artifactKey: Guid(60ab412a6a99c244287fffd58ff7fede) Importer(815301076,1909f56bfc062723c751e8b465ee728b)
Start importing Assets/Sounds/SoundsSteps using Guid(60ab412a6a99c244287fffd58ff7fede) Importer(815301076,1909f56bfc062723c751e8b465ee728b) (PreviewImporter) -> (artifact id: 'a973667980f6c82a2aff6f06ba1810ff') in 0.0007972 seconds
Number of updated asset objects reloaded before import = 0Number of asset objects unloaded after import = 0

========================================================================
Received Import Request.
  Time since last request: 0.499933 seconds.
  path: Assets/Sounds/MusicMenu
  artifactKey: Guid(e0aac329280353641b119720186a0d70) Importer(815301076,1909f56bfc062723c751e8b465ee728b)
Start importing Assets/Sounds/MusicMenu using Guid(e0aac329280353641b119720186a0d70) Importer(815301076,1909f56bfc062723c751e8b465ee728b) (PreviewImporter) -> (artifact id: '5990a2a76227c45e64e7c6c1b2f8f47e') in 0.0007613 seconds
Number of updated asset objects reloaded before import = 0Number of asset objects unloaded after import = 0

========================================================================
Received Import Request.
  Time since last request: 0.085078 seconds.
  path: Assets/Sounds/MusicMenu/Lanterns_in_the_Marketplace.mp3
  artifactKey: Guid(4024bd1be6736b547bab1cc466dd2bc2) Importer(815301076,1909f56bfc062723c751e8b465ee728b)
Start importing Assets/Sounds/MusicMenu/Lanterns_in_the_Marketplace.mp3 using Guid(4024bd1be6736b547bab1cc466dd2bc2) Importer(815301076,1909f56bfc062723c751e8b465ee728b) (PreviewImporter) -> (artifact id: 'b370a50d44e8216cc83f2c9912f09ada') in 0.08018 seconds
Number of updated asset objects reloaded before import = 0Number of asset objects unloaded after import = 2

========================================================================
Received Import Request.
  Time since last request: 0.000025 seconds.
  path: Assets/Sounds/MusicMenu/Select.wav
  artifactKey: Guid(705e6964d30108b4a8b85e09aa487ce6) Importer(815301076,1909f56bfc062723c751e8b465ee728b)
Start importing Assets/Sounds/MusicMenu/Select.wav using Guid(705e6964d30108b4a8b85e09aa487ce6) Importer(815301076,1909f56bfc062723c751e8b465ee728b) (PreviewImporter) -> (artifact id: '261b53a0389eecb1321461c4102cbfb5') in 0.0242572 seconds
Number of updated asset objects reloaded before import = 0Number of asset objects unloaded after import = 2

========================================================================
Received Import Request.
  Time since last request: 159.481702 seconds.
  path: Assets/xDeviruchi/8-bit Fantasy & Adventure Music/xDeviruchi - 01 Title Theme.wav
  artifactKey: Guid(6c7402b6b3095464d9db850885c4d565) Importer(815301076,1909f56bfc062723c751e8b465ee728b)
Start importing Assets/xDeviruchi/8-bit Fantasy & Adventure Music/xDeviruchi - 01 Title Theme.wav using Guid(6c7402b6b3095464d9db850885c4d565) Importer(815301076,1909f56bfc062723c751e8b465ee728b) (PreviewImporter) -> (artifact id: '522ddd4cd33d12ae7810200363073874') in 0.2412387 seconds
Number of updated asset objects reloaded before import = 0Number of asset objects unloaded after import = 2

========================================================================
Received Import Request.
  Time since last request: 0.000025 seconds.
  path: Assets/xDeviruchi/8-bit Fantasy & Adventure Music/xDeviruchi - 05 Take some rest and eat some food!.wav
  artifactKey: Guid(38f0d46dcf6d14a4ba06281a895c7718) Importer(815301076,1909f56bfc062723c751e8b465ee728b)
Start importing Assets/xDeviruchi/8-bit Fantasy & Adventure Music/xDeviruchi - 05 Take some rest and eat some food!.wav using Guid(38f0d46dcf6d14a4ba06281a895c7718) Importer(815301076,1909f56bfc062723c751e8b465ee728b) (PreviewImporter) -> (artifact id: '68a4d5f7758a64b6fa4d73e4fedb4e4e') in 0.2310789 seconds
Number of updated asset objects reloaded before import = 0Number of asset objects unloaded after import = 2

========================================================================
Received Import Request.
  Time since last request: 0.000044 seconds.
  path: Assets/xDeviruchi/8-bit Fantasy & Adventure Music/xDeviruchi - 10 The Final of The Fantasy.wav
  artifactKey: Guid(aa4e226f4ddbf5d47900ac09bef565c4) Importer(815301076,1909f56bfc062723c751e8b465ee728b)
Start importing Assets/xDeviruchi/8-bit Fantasy & Adventure Music/xDeviruchi - 10 The Final of The Fantasy.wav using Guid(aa4e226f4ddbf5d47900ac09bef565c4) Importer(815301076,1909f56bfc062723c751e8b465ee728b) (PreviewImporter) -> (artifact id: '886d34c6e4d4938ff8a2e837f40ac2fa') in 0.2926336 seconds
Number of updated asset objects reloaded before import = 0Number of asset objects unloaded after import = 2

========================================================================
Received Import Request.
  Time since last request: 0.000025 seconds.
  path: Assets/xDeviruchi/8-bit Fantasy & Adventure Music/Separated Files/Exploring The Unknown/xDeviruchi - Exploring The Unknown (Intro).wav
  artifactKey: Guid(a8da10df85ca194498df59b56cf4ece4) Importer(815301076,1909f56bfc062723c751e8b465ee728b)
Start importing Assets/xDeviruchi/8-bit Fantasy & Adventure Music/Separated Files/Exploring The Unknown/xDeviruchi - Exploring The Unknown (Intro).wav using Guid(a8da10df85ca194498df59b56cf4ece4) Importer(815301076,1909f56bfc062723c751e8b465ee728b) (PreviewImporter) -> (artifact id: 'aef35e161dd0ea8345bdda2aabfb84b4') in 0.0352859 seconds
Number of updated asset objects reloaded before import = 0Number of asset objects unloaded after import = 2

========================================================================
Received Import Request.
  Time since last request: 0.000035 seconds.
  path: Assets/xDeviruchi/8-bit Fantasy & Adventure Music/Separated Files/Exploring The Unknown/xDeviruchi - Exploring The Unknown (Loop).wav
  artifactKey: Guid(310ed522aceb44648b31343e61becb79) Importer(815301076,1909f56bfc062723c751e8b465ee728b)
Start importing Assets/xDeviruchi/8-bit Fantasy & Adventure Music/Separated Files/Exploring The Unknown/xDeviruchi - Exploring The Unknown (Loop).wav using Guid(310ed522aceb44648b31343e61becb79) Importer(815301076,1909f56bfc062723c751e8b465ee728b) (PreviewImporter) -> (artifact id: 'afa865f4f5318f218d44fbc704382629') in 0.2255619 seconds
Number of updated asset objects reloaded before import = 0Number of asset objects unloaded after import = 2

========================================================================
Received Import Request.
  Time since last request: 0.000024 seconds.
  path: Assets/xDeviruchi/8-bit Fantasy & Adventure Music/xDeviruchi - 09 Decisive Battle.wav
  artifactKey: Guid(77dc4732fe1ac8040827da3ba15e613b) Importer(815301076,1909f56bfc062723c751e8b465ee728b)
Start importing Assets/xDeviruchi/8-bit Fantasy & Adventure Music/xDeviruchi - 09 Decisive Battle.wav using Guid(77dc4732fe1ac8040827da3ba15e613b) Importer(815301076,1909f56bfc062723c751e8b465ee728b) (PreviewImporter) -> (artifact id: '2cd4e1323b0c9d1fc26e33f4aaa26f79') in 0.212897 seconds
Number of updated asset objects reloaded before import = 0Number of asset objects unloaded after import = 2

========================================================================
Received Import Request.
  Time since last request: 0.242880 seconds.
  path: Assets/xDeviruchi/8-bit Fantasy & Adventure Music/Separated Files/Title Theme/xDeviruchi - Title Theme (End).wav
  artifactKey: Guid(3f504a99b66e0304fabd41ee0618593f) Importer(815301076,1909f56bfc062723c751e8b465ee728b)
Start importing Assets/xDeviruchi/8-bit Fantasy & Adventure Music/Separated Files/Title Theme/xDeviruchi - Title Theme (End).wav using Guid(3f504a99b66e0304fabd41ee0618593f) Importer(815301076,1909f56bfc062723c751e8b465ee728b) (PreviewImporter) -> (artifact id: '334876cbe8898c87b4cde73b4af5f03d') in 0.0331244 seconds
Number of updated asset objects reloaded before import = 0Number of asset objects unloaded after import = 2

Editor requested this worker to shutdown with reason: Scaling down because of idle timeout
AssetImportWorker is now disconnected from the server
Process exiting
Exiting without the bug reporter. Application will terminate with return code 0