[Licensing::Module] Trying to connect to existing licensing client channel...
Built from '6000.3/staging' branch; Version is '6000.3.13f1 (8c4f11e4fb20) revision 9195281'; Using compiler version '194234433'; Build Type 'Release'
OS: 'Windows 10  (10.0.19045) 64bit Professional' Language: 'uk' Physical Memory: 16334 MB
[Licensing::IpcConnector] Successfully connected to: "LicenseClient-limon" at "2026-05-18T20:30:42.6702483Z"
BatchMode: 1, IsHumanControllingUs: 0, StartBugReporterOnCrash: 0, Is64bit: 1
System  architecture: x64
Process architecture: x64
Date: 2026-05-18T20:30:42Z

COMMAND LINE ARGUMENTS:
D:\Unity\6000.3.13f1\Editor\Unity.exe
-adb2
-batchMode
-noUpm
-name
AssetImportWorker21
-projectPath
D:/GameDev/DarkPixels-main
-logFile
Logs/AssetImportWorker21.log
-srvPort
50938
-licensingIpc
LicenseClient-limon
-job-worker-count
5
-background-job-worker-count
8
-gc-helper-count
1
-name
AssetImport
Successfully changed project path to: D:/GameDev/DarkPixels-main
D:/GameDev/DarkPixels-main
[UnityMemory] Configuration Parameters - Can be set up in boot.config
    "memorysetup-temp-allocator-size-nav-mesh-worker=65536"
    "memorysetup-temp-allocator-size-audio-worker=65536"
    "memorysetup-temp-allocator-size-gfx=262144"
    "memorysetup-allocator-temp-initial-block-size-main=262144"
    "memorysetup-allocator-temp-initial-block-size-worker=262144"
    "memorysetup-temp-allocator-size-background-worker=32768"
    "memorysetup-temp-allocator-size-job-worker=262144"
    "memorysetup-temp-allocator-size-preload-manager=33554432"
    "memorysetup-temp-allocator-size-gi-baking-worker=262144"
    "memorysetup-temp-allocator-size-gi-baking-worker=262144"
    "memorysetup-temp-allocator-size-gi-baking-worker=262144"
    "memorysetup-temp-allocator-size-gi-baking-worker=262144"
    "memorysetup-temp-allocator-size-gi-baking-worker=262144"
    "memorysetup-bucket-allocator-granularity=16"
    "memorysetup-bucket-allocator-bucket-count=8"
    "memorysetup-bucket-allocator-block-size=33554432"
    "memorysetup-bucket-allocator-block-count=8"
    "memorysetup-main-allocator-block-size=16777216"
    "memorysetup-thread-allocator-block-size=16777216"
    "memorysetup-gfx-main-allocator-block-size=16777216"
    "memorysetup-gfx-thread-allocator-block-size=16777216"
    "memorysetup-cache-allocator-block-size=4194304"
    "memorysetup-typetree-allocator-block-size=2097152"
    "memorysetup-profiler-bucket-allocator-granularity=16"
    "memorysetup-profiler-bucket-allocator-bucket-count=8"
    "memorysetup-profiler-bucket-allocator-block-size=33554432"
    "memorysetup-profiler-bucket-allocator-block-count=8"
    "memorysetup-profiler-allocator-block-size=16777216"
    "memorysetup-profiler-editor-allocator-block-size=1048576"
    "memorysetup-temp-allocator-size-main=16777216"
    "memorysetup-job-temp-allocator-block-size=2097152"
    "memorysetup-job-temp-allocator-block-size-background=1048576"
    "memorysetup-job-temp-allocator-reduction-small-platforms=262144"
    "memorysetup-temp-allocator-size-cloud-worker=32768"
Player connection [23804]  Target information:

Player connection [23804]  * "[IP] 192.168.0.28 [Port] 0 [Flags] 2 [Guid] 2886719486 [EditorId] 2886719486 [Version] 1048832 [Id] WindowsEditor(7,DESKTOP-4DD92S9) [Debug] 1 [PackageName] WindowsEditor [ProjectName] Editor" 

Player connection [23804] Host joined multi-casting on [225.0.0.222:54997]...
Player connection [23804] Host joined alternative multi-casting on [225.0.0.222:34997]...
JobSystem: Creating JobQueue using job-worker-count value 5
Input System module state changed to: Initialized.
[Physics::Module] Initialized fallback backend.
[Physics::Module] Id: 0xdecafbad
Library Redirect Path: Library/
[Physics::Module] Selected backend.
[Physics::Module] Name: PhysX
[Physics::Module] Id: 0xf2b8ea05
[Physics::Module] SDK Version: 4.1.2
[Physics::Module] Integration Version: 1.0.0
[Physics::Module] Threading Mode: Multi-Threaded
[Licensing::Module] Licensing is not yet initialized.
[Licensing::Client] Error: HandshakeResponse reported an error:
	ResponseCode: 505
	ResponseStatus: Unsupported protocol version '1.18.1'.
[Licensing::Module] Error: Failed to handshake to channel: "LicenseClient-limon"
[Licensing::IpcConnector] LicenseClient-limon channel disconnected successfully.
[Licensing::IpcConnector] Successfully connected to: "LicenseClient-limon-6000.3.13" at "2026-05-18T20:30:44.0335341Z"
[Licensing::Client] Handshaking with LicensingClient:
  Version:                 1.18.1+9fbee8e
  Session Id:              8b6f46c2e3f24b928416a6682e0e5b0d
  Correlation Id:          b6254914d26d4e4bc56d2ba9d119cd74
  External correlation Id: 2305021085083006970
  Machine Id:              4D8GW8ETA38K6LsA7GOMWmqZxN4=
[Licensing::Module] Successfully connected to LicensingClient on channel: "LicenseClient-limon-6000.3.13" (connect: 0.00s, validation: 0.00s, handshake: 1.53s)
[Licensing::IpcConnector] Successfully connected to: "LicenseClient-limon-6000.3.13-notifications" at "2026-05-18T20:30:45.5656063Z"
[Licensing::Module] Licensing Background thread has ended after 2.90s
[Licensing::Module] Licensing is initialized (took 2.58s).
[Licensing::Client] Successfully resolved entitlement details
[Licensing::Module] License group:
  Id: 7971680487528-UnityPersXXXX
  Product: Unity Personal
  Type: Assigned
  Expiration: Unlimited
Refreshing native plugins compatible for Editor in 26.22 ms, found 5 plugins.
Preloading 0 native plugins for Editor in 0.00 ms.
Initialize engine version: 6000.3.13f1 (8c4f11e4fb20)
[Subsystems] Discovering subsystems at path D:/Unity/6000.3.13f1/Editor/Data/Resources/UnitySubsystems
[Subsystems] Discovering subsystems at path D:/GameDev/DarkPixels-main/Assets
GfxDevice: creating device client; kGfxThreadingModeNonThreaded
Direct3D:
    Version:  Direct3D 11.0 [level 11.1]
    Renderer: Radeon RX 590 Series (ID=0x67df)
    Vendor:   ATI
    VRAM:     8170 MB
    Driver:   31.0.21923.1000
Initialize mono
Mono path[0] = 'D:/Unity/6000.3.13f1/Editor/Data/Managed'
Mono path[1] = 'D:/Unity/6000.3.13f1/Editor/Data/MonoBleedingEdge/lib/mono/unityjit-win32'
Mono config path = 'D:/Unity/6000.3.13f1/Editor/Data/MonoBleedingEdge/etc'
Using monoOptions --debugger-agent=transport=dt_socket,embedding=1,server=y,suspend=n,address=127.0.0.1:56244
Begin MonoManager ReloadAssembly
Registering precompiled unity dll's ...
Register platform support module: D:/Unity/6000.3.13f1/Editor/Data/PlaybackEngines/WindowsStandaloneSupport/UnityEditor.WindowsStandalone.Extensions.dll
Register platform support module: D:/Unity/6000.3.13f1/Editor/Data/PlaybackEngines/AndroidPlayer/UnityEditor.Android.Extensions.dll
Registered in 0.003578 seconds.
- Loaded All Assemblies, in  0.670 seconds
Native extension for Android target not found
Native extension for WindowsStandalone target not found
Package Manager log level set to [2]
[Package Manager] Failed to launch server process. Reason: Unity was launched with the -noUpm command-line argument
[Package Manager] Unable to send message (not connected to server process).
[Package Manager] Cannot connect to Unity Package Manager local server
ScheduleIndexationOnStartup MainProcess:False IndexOnStartup:True
Mono: successfully reloaded assembly
- Finished resetting the current domain, in  0.602 seconds
Domain Reload Profiling: 1271ms
	BeginReloadAssembly (201ms)
		ExecutionOrderSort (0ms)
		DisableScriptedObjects (0ms)
		BackupInstance (0ms)
		ReleaseScriptingObjects (0ms)
		CreateAndSetChildDomain (1ms)
	RebuildCommonClasses (72ms)
	RebuildNativeTypeToScriptingClass (24ms)
	initialDomainReloadingComplete (78ms)
	LoadAllAssembliesAndSetupDomain (293ms)
		LoadAssemblies (201ms)
		RebuildTransferFunctionScriptingTraits (0ms)
		AnalyzeDomain (288ms)
			TypeCache.Refresh (285ms)
				TypeCache.ScanAssembly (267ms)
			BuildScriptInfoCaches (0ms)
			ResolveRequiredComponents (1ms)
	FinalizeReload (602ms)
		ReleaseScriptCaches (0ms)
		RebuildScriptCaches (0ms)
		SetupLoadedEditorAssemblies (523ms)
			LogAssemblyErrors (0ms)
			InitializePlatformSupportModulesInManaged (96ms)
			SetLoadedEditorAssemblies (6ms)
			BeforeProcessingInitializeOnLoad (125ms)
			ProcessInitializeOnLoadAttributes (197ms)
			ProcessInitializeOnLoadMethodAttributes (100ms)
			AfterProcessingInitializeOnLoad (0ms)
			EditorAssembliesLoaded (0ms)
		ExecutionOrderSort2 (0ms)
		AwakeInstancesAfterBackupRestoration (0ms)
========================================================================
Worker process is ready to serve import requests
Import Worker Mode flag is 0x00
Begin MonoManager ReloadAssembly
[Licensing::Client] Successfully resolved entitlement details
Duplicate assembly 'log4net.dll' with different versions detected, using 'Packages/com.unity.package-validation-suite/Lib/Editor/log4net.dll, AssemblyName=log4net, Version=2.0.8.0, Culture=neutral, PublicKeyToken=669e0ddf0bb1aa2a' and ignoring 'Packages/com.unity.collab-proxy/Lib/Editor/log4netPlastic.dll, AssemblyName=log4net, Version=1.2.15.0, Culture=neutral, PublicKeyToken=669e0ddf0bb1aa2a'.Symbol file LoadedFromMemory is not a mono symbol file
- Loaded All Assemblies, in  1.445 seconds
Refreshing native plugins compatible for Editor in 14.81 ms, found 5 plugins.
Native extension for Android target not found
Native extension for WindowsStandalone target not found
[Package Manager] Failed to launch server process. Reason: Unity was launched with the -noUpm command-line argument
[Package Manager] Unable to send message (not connected to server process).
[Package Manager] Cannot connect to Unity Package Manager local server
[Package Manager] Failed to launch server process. Reason: Unity was launched with the -noUpm command-line argument
[Package Manager] Unable to send message (not connected to server process).
[Package Manager] Cannot connect to Unity Package Manager local server
Refreshing native plugins compatible for Editor in 14.93 ms, found 5 plugins.
[Package Manager] Failed to launch server process. Reason: Unity was launched with the -noUpm command-line argument
[Package Manager] Unable to send message (not connected to server process).
[Package Manager] Cannot connect to Unity Package Manager local server
ScheduleIndexationOnStartup MainProcess:False IndexOnStartup:True
Mono: successfully reloaded assembly
- Finished resetting the current domain, in  1.556 seconds
Domain Reload Profiling: 2999ms
	BeginReloadAssembly (255ms)
		ExecutionOrderSort (0ms)
		DisableScriptedObjects (11ms)
		BackupInstance (0ms)
		ReleaseScriptingObjects (0ms)
		CreateAndSetChildDomain (32ms)
	RebuildCommonClasses (61ms)
	RebuildNativeTypeToScriptingClass (21ms)
	initialDomainReloadingComplete (60ms)
	LoadAllAssembliesAndSetupDomain (1045ms)
		LoadAssemblies (612ms)
		RebuildTransferFunctionScriptingTraits (0ms)
		AnalyzeDomain (575ms)
			TypeCache.Refresh (401ms)
				TypeCache.ScanAssembly (372ms)
			BuildScriptInfoCaches (149ms)
			ResolveRequiredComponents (20ms)
	FinalizeReload (1557ms)
		ReleaseScriptCaches (0ms)
		RebuildScriptCaches (0ms)
		SetupLoadedEditorAssemblies (1356ms)
			LogAssemblyErrors (0ms)
			InitializePlatformSupportModulesInManaged (10ms)
			SetLoadedEditorAssemblies (6ms)
			BeforeProcessingInitializeOnLoad (245ms)
			ProcessInitializeOnLoadAttributes (648ms)
			ProcessInitializeOnLoadMethodAttributes (442ms)
			AfterProcessingInitializeOnLoad (3ms)
			EditorAssembliesLoaded (0ms)
		ExecutionOrderSort2 (0ms)
		AwakeInstancesAfterBackupRestoration (7ms)
Launched and connected shader compiler UnityShaderCompiler.exe after 0.01 seconds
Refreshing native plugins compatible for Editor in 15.86 ms, found 5 plugins.
Preloading 0 native plugins for Editor in 0.00 ms.
Unloading 17 Unused Serialized files (Serialized files now loaded: 0)
Unloading 9467 unused Assets / (5.4 MB). Loaded Objects now: 10295.
Memory consumption went from 191.9 MB to 186.5 MB.
Total: 13.164400 ms (FindLiveObjects: 1.286900 ms CreateObjectMapping: 0.795000 ms MarkObjects: 7.907900 ms  DeleteObjects: 3.173100 ms)

========================================================================
Received Import Request.
  Time since last request: 25963.879428 seconds.
  path: Assets/Animation/NPC/Exchanger/ExchangeNPC.prefab
  artifactKey: Guid(8cc54a37232f6ce498d9366528af15a9) Importer(815301076,1909f56bfc062723c751e8b465ee728b)
Start importing Assets/Animation/NPC/Exchanger/ExchangeNPC.prefab using Guid(8cc54a37232f6ce498d9366528af15a9) Importer(815301076,1909f56bfc062723c751e8b465ee728b) (PreviewImporter) -> (artifact id: '4525a0fcf14248f8d7ba1c0725b9808a') in 1.077346 seconds
Number of updated asset objects reloaded before import = 0Number of asset objects unloaded after import = 5075

========================================================================
Received Import Request.
  Time since last request: 0.852742 seconds.
  path: Assets/Animation/NPC/Exchanger/ExchangeNPC.prefab
  artifactKey: Guid(8cc54a37232f6ce498d9366528af15a9) Importer(815301076,1909f56bfc062723c751e8b465ee728b)
Start importing Assets/Animation/NPC/Exchanger/ExchangeNPC.prefab using Guid(8cc54a37232f6ce498d9366528af15a9) Importer(815301076,1909f56bfc062723c751e8b465ee728b) (PreviewImporter) -> (artifact id: '2ef4b315c5a63ae46454160b50435bcc') in 0.4861354 seconds
Number of updated asset objects reloaded before import = 0Number of asset objects unloaded after import = 5075

========================================================================
Received Import Request.
  Time since last request: 1.632572 seconds.
  path: Assets/Animation/NPC/Exchanger/ExchangeNPC.prefab
  artifactKey: Guid(8cc54a37232f6ce498d9366528af15a9) Importer(815301076,1909f56bfc062723c751e8b465ee728b)
Start importing Assets/Animation/NPC/Exchanger/ExchangeNPC.prefab using Guid(8cc54a37232f6ce498d9366528af15a9) Importer(815301076,1909f56bfc062723c751e8b465ee728b) (PreviewImporter) -> (artifact id: '9a8656891c355b8939bef1571ffe5abf') in 0.4800808 seconds
Number of updated asset objects reloaded before import = 0Number of asset objects unloaded after import = 5075

========================================================================
Received Import Request.
  Time since last request: 10.084644 seconds.
  path: Assets/Animation/NPC/Exchanger/Excnahger_Walk.png
  artifactKey: Guid(6bb6ce5af6746db4aa72fa217a706e2a) Importer(815301076,1909f56bfc062723c751e8b465ee728b)
Start importing Assets/Animation/NPC/Exchanger/Excnahger_Walk.png using Guid(6bb6ce5af6746db4aa72fa217a706e2a) Importer(815301076,1909f56bfc062723c751e8b465ee728b) (PreviewImporter) -> (artifact id: '0e323ac24eff19d425e7262c50e4a028') in 0.0543221 seconds
Number of updated asset objects reloaded before import = 0Number of asset objects unloaded after import = 11

========================================================================
Received Import Request.
  Time since last request: 0.050488 seconds.
  path: Assets/Animation/NPC/Exchanger/ExchangeNPC.prefab
  artifactKey: Guid(8cc54a37232f6ce498d9366528af15a9) Importer(815301076,1909f56bfc062723c751e8b465ee728b)
Start importing Assets/Animation/NPC/Exchanger/ExchangeNPC.prefab using Guid(8cc54a37232f6ce498d9366528af15a9) Importer(815301076,1909f56bfc062723c751e8b465ee728b) (PreviewImporter) -> (artifact id: '14335825bd1fb6dcc6b42aa5018857b2') in 0.4840474 seconds
Number of updated asset objects reloaded before import = 0Number of asset objects unloaded after import = 5075

========================================================================
Received Import Request.
  Time since last request: 2.881324 seconds.
  path: Assets/Animation/NPC/Exchanger/Excnahger_Walk.png
  artifactKey: Guid(6bb6ce5af6746db4aa72fa217a706e2a) Importer(815301076,1909f56bfc062723c751e8b465ee728b)
Start importing Assets/Animation/NPC/Exchanger/Excnahger_Walk.png using Guid(6bb6ce5af6746db4aa72fa217a706e2a) Importer(815301076,1909f56bfc062723c751e8b465ee728b) (PreviewImporter) -> (artifact id: '2de45f2d776cc73ac75bf2d51a0e75fd') in 0.0381127 seconds
Number of updated asset objects reloaded before import = 0Number of asset objects unloaded after import = 11

========================================================================
Received Import Request.
  Time since last request: 4.660445 seconds.
  path: Assets/Animation/NPC/Exchanger/Excnahger_Walk.png
  artifactKey: Guid(6bb6ce5af6746db4aa72fa217a706e2a) Importer(815301076,1909f56bfc062723c751e8b465ee728b)
Start importing Assets/Animation/NPC/Exchanger/Excnahger_Walk.png using Guid(6bb6ce5af6746db4aa72fa217a706e2a) Importer(815301076,1909f56bfc062723c751e8b465ee728b) (PreviewImporter) -> (artifact id: '46df27cf658f7788bf88058837263d08') in 0.0377515 seconds
Number of updated asset objects reloaded before import = 0Number of asset objects unloaded after import = 11

========================================================================
Received Import Request.
  Time since last request: 6.694039 seconds.
  path: Assets/Animation/NPC/Exchanger/Excnahger_Walk.png
  artifactKey: Guid(6bb6ce5af6746db4aa72fa217a706e2a) Importer(815301076,1909f56bfc062723c751e8b465ee728b)
Start importing Assets/Animation/NPC/Exchanger/Excnahger_Walk.png using Guid(6bb6ce5af6746db4aa72fa217a706e2a) Importer(815301076,1909f56bfc062723c751e8b465ee728b) (PreviewImporter) -> (artifact id: '9e221370ec2c4b85ea830c74d0537728') in 0.0344251 seconds
Number of updated asset objects reloaded before import = 0Number of asset objects unloaded after import = 11

========================================================================
Received Import Request.
  Time since last request: 6.914947 seconds.
  path: Assets/Animation/NPC/Exchanger/ExchangeNPC.prefab
  artifactKey: Guid(8cc54a37232f6ce498d9366528af15a9) Importer(815301076,1909f56bfc062723c751e8b465ee728b)
Start importing Assets/Animation/NPC/Exchanger/ExchangeNPC.prefab using Guid(8cc54a37232f6ce498d9366528af15a9) Importer(815301076,1909f56bfc062723c751e8b465ee728b) (PreviewImporter) -> (artifact id: 'a2ddb7f3d92e7a1fae98b7f02a814170') in 0.4832716 seconds
Number of updated asset objects reloaded before import = 0Number of asset objects unloaded after import = 5075

========================================================================
Received Import Request.
  Time since last request: 2.931209 seconds.
  path: Assets/Animation/NPC/Exchanger/ExchangeNPC.prefab
  artifactKey: Guid(8cc54a37232f6ce498d9366528af15a9) Importer(815301076,1909f56bfc062723c751e8b465ee728b)
Start importing Assets/Animation/NPC/Exchanger/ExchangeNPC.prefab using Guid(8cc54a37232f6ce498d9366528af15a9) Importer(815301076,1909f56bfc062723c751e8b465ee728b) (PreviewImporter) -> (artifact id: 'aa4470d2dcee1f481c9ad5745f9f1bc9') in 0.4855373 seconds
Number of updated asset objects reloaded before import = 0Number of asset objects unloaded after import = 5075

========================================================================
Received Import Request.
  Time since last request: 1.328141 seconds.
  path: Assets/Animation/NPC/Exchanger/ExchangeNPC.prefab
  artifactKey: Guid(8cc54a37232f6ce498d9366528af15a9) Importer(815301076,1909f56bfc062723c751e8b465ee728b)
Start importing Assets/Animation/NPC/Exchanger/ExchangeNPC.prefab using Guid(8cc54a37232f6ce498d9366528af15a9) Importer(815301076,1909f56bfc062723c751e8b465ee728b) (PreviewImporter) -> (artifact id: '11e3845becc6f14020b0c13d60bdeea7') in 0.4733852 seconds
Number of updated asset objects reloaded before import = 0Number of asset objects unloaded after import = 5075

========================================================================
Received Import Request.
  Time since last request: 3.662992 seconds.
  path: Assets/Animation/NPC/Exchanger/ExchangeNPC.prefab
  artifactKey: Guid(8cc54a37232f6ce498d9366528af15a9) Importer(815301076,1909f56bfc062723c751e8b465ee728b)
Start importing Assets/Animation/NPC/Exchanger/ExchangeNPC.prefab using Guid(8cc54a37232f6ce498d9366528af15a9) Importer(815301076,1909f56bfc062723c751e8b465ee728b) (PreviewImporter) -> (artifact id: '40f988a224ea3cd361a91ab43ed055af') in 0.4743188 seconds
Number of updated asset objects reloaded before import = 0Number of asset objects unloaded after import = 5075

========================================================================
Received Import Request.
  Time since last request: 2.873291 seconds.
  path: Assets/Animation/NPC/Exchanger/ExchangeNPC.prefab
  artifactKey: Guid(8cc54a37232f6ce498d9366528af15a9) Importer(815301076,1909f56bfc062723c751e8b465ee728b)
Start importing Assets/Animation/NPC/Exchanger/ExchangeNPC.prefab using Guid(8cc54a37232f6ce498d9366528af15a9) Importer(815301076,1909f56bfc062723c751e8b465ee728b) (PreviewImporter) -> (artifact id: 'b3a08f49226592ec706137b4705f62d1') in 0.470181 seconds
Number of updated asset objects reloaded before import = 0Number of asset objects unloaded after import = 5075

========================================================================
Received Import Request.
  Time since last request: 4.072292 seconds.
  path: Assets/Animation/NPC/Exchanger/ExchangeNPC.prefab
  artifactKey: Guid(8cc54a37232f6ce498d9366528af15a9) Importer(815301076,1909f56bfc062723c751e8b465ee728b)
Start importing Assets/Animation/NPC/Exchanger/ExchangeNPC.prefab using Guid(8cc54a37232f6ce498d9366528af15a9) Importer(815301076,1909f56bfc062723c751e8b465ee728b) (PreviewImporter) -> (artifact id: '31be4e2269f015630197f98ccd4983c4') in 0.4863745 seconds
Number of updated asset objects reloaded before import = 0Number of asset objects unloaded after import = 5075

========================================================================
Received Import Request.
  Time since last request: 6.506083 seconds.
  path: Assets/Resources/400+ Rpg items16x16/tile312.png
  artifactKey: Guid(7c5beb78f69e091438f458e4bbb919e4) Importer(815301076,1909f56bfc062723c751e8b465ee728b)
Start importing Assets/Resources/400+ Rpg items16x16/tile312.png using Guid(7c5beb78f69e091438f458e4bbb919e4) Importer(815301076,1909f56bfc062723c751e8b465ee728b) (PreviewImporter) -> (artifact id: '3d9b775c01206b82bbf1de080d55326c') in 0.5116054 seconds
Number of updated asset objects reloaded before import = 0Number of asset objects unloaded after import = 5028

========================================================================
Received Import Request.
  Time since last request: 0.000049 seconds.
  path: Assets/Resources/400+ Rpg items16x16/tile353.png
  artifactKey: Guid(d6e39be84e7d3d446b75197675443478) Importer(815301076,1909f56bfc062723c751e8b465ee728b)
Start importing Assets/Resources/400+ Rpg items16x16/tile353.png using Guid(d6e39be84e7d3d446b75197675443478) Importer(815301076,1909f56bfc062723c751e8b465ee728b) (PreviewImporter) -> (artifact id: 'a252531352dcf2139a82203e08c78ed3') in 0.5209126 seconds
Number of updated asset objects reloaded before import = 0Number of asset objects unloaded after import = 5028

========================================================================
Received Import Request.
  Time since last request: 0.000064 seconds.
  path: Assets/Resources/400+ Rpg items16x16/tile326.png
  artifactKey: Guid(55ff950179c96be4db0687d716fe911b) Importer(815301076,1909f56bfc062723c751e8b465ee728b)
Start importing Assets/Resources/400+ Rpg items16x16/tile326.png using Guid(55ff950179c96be4db0687d716fe911b) Importer(815301076,1909f56bfc062723c751e8b465ee728b) (PreviewImporter) -> (artifact id: 'fc57c7d78a641ee43a6c3117f6f0e873') in 0.5549133 seconds
Number of updated asset objects reloaded before import = 0Number of asset objects unloaded after import = 5028

========================================================================
Received Import Request.
  Time since last request: 0.000038 seconds.
  path: Assets/Resources/400+ Rpg items16x16/tile351.png
  artifactKey: Guid(d5c304c71e5044e4597e8fbe6eb7fa02) Importer(815301076,1909f56bfc062723c751e8b465ee728b)
Start importing Assets/Resources/400+ Rpg items16x16/tile351.png using Guid(d5c304c71e5044e4597e8fbe6eb7fa02) Importer(815301076,1909f56bfc062723c751e8b465ee728b) (PreviewImporter) -> (artifact id: '1348d38997549b864c08e4398fc72724') in 0.5275199 seconds
Number of updated asset objects reloaded before import = 0Number of asset objects unloaded after import = 5028

========================================================================
Received Import Request.
  Time since last request: 0.000049 seconds.
  path: Assets/Resources/Tower/DungeonTileset.png
  artifactKey: Guid(488432b0e9cac3646ab960517596b637) Importer(815301076,1909f56bfc062723c751e8b465ee728b)
Start importing Assets/Resources/Tower/DungeonTileset.png using Guid(488432b0e9cac3646ab960517596b637) Importer(815301076,1909f56bfc062723c751e8b465ee728b) (PreviewImporter) -> (artifact id: 'd54fc173b7d87a88f8eea9ca0622a2bb') in 1.082908 seconds
Number of updated asset objects reloaded before import = 0Number of asset objects unloaded after import = 5028

========================================================================
Received Import Request.
  Time since last request: 0.000051 seconds.
  path: Assets/Resources/400+ Rpg items16x16/tile349.png
  artifactKey: Guid(a8b625c23281d364bbea89ea6a381f0c) Importer(815301076,1909f56bfc062723c751e8b465ee728b)
Start importing Assets/Resources/400+ Rpg items16x16/tile349.png using Guid(a8b625c23281d364bbea89ea6a381f0c) Importer(815301076,1909f56bfc062723c751e8b465ee728b) (PreviewImporter) -> (artifact id: 'f15df316378300dbb6b746d093ab1e6e') in 0.5600383 seconds
Number of updated asset objects reloaded before import = 0Number of asset objects unloaded after import = 5028

========================================================================
Received Import Request.
  Time since last request: 0.000049 seconds.
  path: Assets/Resources/400+ Rpg items16x16/tile348.png
  artifactKey: Guid(ebf00d8bad9ca3847a0464ed6508e94a) Importer(815301076,1909f56bfc062723c751e8b465ee728b)
Start importing Assets/Resources/400+ Rpg items16x16/tile348.png using Guid(ebf00d8bad9ca3847a0464ed6508e94a) Importer(815301076,1909f56bfc062723c751e8b465ee728b) (PreviewImporter) -> (artifact id: '9ae2c4510eac4105254f2b7c5b9fbe9f') in 0.5304818 seconds
Number of updated asset objects reloaded before import = 0Number of asset objects unloaded after import = 5028

========================================================================
Received Import Request.
  Time since last request: 0.000054 seconds.
  path: Assets/Resources/400+ Rpg items16x16/tile315.png
  artifactKey: Guid(6ea5c10860503184f84152c474b09f31) Importer(815301076,1909f56bfc062723c751e8b465ee728b)
Start importing Assets/Resources/400+ Rpg items16x16/tile315.png using Guid(6ea5c10860503184f84152c474b09f31) Importer(815301076,1909f56bfc062723c751e8b465ee728b) (PreviewImporter) -> (artifact id: 'f649630f29476741aa187724c5e2756c') in 0.5322213 seconds
Number of updated asset objects reloaded before import = 0Number of asset objects unloaded after import = 5028

========================================================================
Received Import Request.
  Time since last request: 0.000068 seconds.
  path: Assets/Resources/400+ Rpg items16x16/tile354.png
  artifactKey: Guid(f8feb710194430b47b84f349572afa98) Importer(815301076,1909f56bfc062723c751e8b465ee728b)
Start importing Assets/Resources/400+ Rpg items16x16/tile354.png using Guid(f8feb710194430b47b84f349572afa98) Importer(815301076,1909f56bfc062723c751e8b465ee728b) (PreviewImporter) -> (artifact id: 'b675ffa4b14f99ae58df518eb133611b') in 0.536722 seconds
Number of updated asset objects reloaded before import = 0Number of asset objects unloaded after import = 5028

========================================================================
Received Import Request.
  Time since last request: 0.000036 seconds.
  path: Assets/Resources/400+ Rpg items16x16/tile332.png
  artifactKey: Guid(50cedb7bc98ac3745b0a0aee04997f67) Importer(815301076,1909f56bfc062723c751e8b465ee728b)
Start importing Assets/Resources/400+ Rpg items16x16/tile332.png using Guid(50cedb7bc98ac3745b0a0aee04997f67) Importer(815301076,1909f56bfc062723c751e8b465ee728b) (PreviewImporter) -> (artifact id: 'f2944baa44b421f25e20df39ce46e815') in 0.5310871 seconds
Number of updated asset objects reloaded before import = 0Number of asset objects unloaded after import = 5028

========================================================================
Received Import Request.
  Time since last request: 0.000049 seconds.
  path: Assets/Resources/400+ Rpg items16x16/tile333.png
  artifactKey: Guid(cb9414cabc2fbc946979e1a226bca7c2) Importer(815301076,1909f56bfc062723c751e8b465ee728b)
Start importing Assets/Resources/400+ Rpg items16x16/tile333.png using Guid(cb9414cabc2fbc946979e1a226bca7c2) Importer(815301076,1909f56bfc062723c751e8b465ee728b) (PreviewImporter) -> (artifact id: '2bdd3d7e570cc071925186a3e6b47b2f') in 0.5300384 seconds
Number of updated asset objects reloaded before import = 0Number of asset objects unloaded after import = 5028

========================================================================
Received Import Request.
  Time since last request: 0.000038 seconds.
  path: Assets/Resources/400+ Rpg items16x16/tile352.png
  artifactKey: Guid(9c8d672631745fe499d497963aab8e12) Importer(815301076,1909f56bfc062723c751e8b465ee728b)
Start importing Assets/Resources/400+ Rpg items16x16/tile352.png using Guid(9c8d672631745fe499d497963aab8e12) Importer(815301076,1909f56bfc062723c751e8b465ee728b) (PreviewImporter) -> (artifact id: '4f544f87806bfca5ef2abbc75161d510') in 0.5548813 seconds
Number of updated asset objects reloaded before import = 0Number of asset objects unloaded after import = 5028

========================================================================
Received Import Request.
  Time since last request: 0.000050 seconds.
  path: Assets/Resources/400+ Rpg items16x16/tile352.png
  artifactKey: Guid(9c8d672631745fe499d497963aab8e12) Importer(815301076,1909f56bfc062723c751e8b465ee728b)
Start importing Assets/Resources/400+ Rpg items16x16/tile352.png using Guid(9c8d672631745fe499d497963aab8e12) Importer(815301076,1909f56bfc062723c751e8b465ee728b) (PreviewImporter) -> (artifact id: '4f544f87806bfca5ef2abbc75161d510') in 0.5428389 seconds
Number of updated asset objects reloaded before import = 0Number of asset objects unloaded after import = 5028

========================================================================
Received Import Request.
  Time since last request: 0.000039 seconds.
  path: Assets/Resources/400+ Rpg items16x16/tile350.png
  artifactKey: Guid(71f936cfc0bcc834c86a25294a50ff0d) Importer(815301076,1909f56bfc062723c751e8b465ee728b)
Start importing Assets/Resources/400+ Rpg items16x16/tile350.png using Guid(71f936cfc0bcc834c86a25294a50ff0d) Importer(815301076,1909f56bfc062723c751e8b465ee728b) (PreviewImporter) -> (artifact id: '1d80dbd42fd6c682ec74e155834196dd') in 0.5200215 seconds
Number of updated asset objects reloaded before import = 0Number of asset objects unloaded after import = 5028

========================================================================
Received Import Request.
  Time since last request: 0.000053 seconds.
  path: Assets/Resources/400+ Rpg items16x16/tile317.png
  artifactKey: Guid(cc60ee49a3762ad42904eb446e274835) Importer(815301076,1909f56bfc062723c751e8b465ee728b)
Start importing Assets/Resources/400+ Rpg items16x16/tile317.png using Guid(cc60ee49a3762ad42904eb446e274835) Importer(815301076,1909f56bfc062723c751e8b465ee728b) (PreviewImporter) -> (artifact id: '4899c57e9ab765ea774a842f9d38e907') in 0.5382555 seconds
Number of updated asset objects reloaded before import = 0Number of asset objects unloaded after import = 5028

========================================================================
Received Import Request.
  Time since last request: 0.000043 seconds.
  path: Assets/Resources/400+ Rpg items16x16/tile321.png
  artifactKey: Guid(3eff309bfcb615e4d8f6cbac959c6405) Importer(815301076,1909f56bfc062723c751e8b465ee728b)
Start importing Assets/Resources/400+ Rpg items16x16/tile321.png using Guid(3eff309bfcb615e4d8f6cbac959c6405) Importer(815301076,1909f56bfc062723c751e8b465ee728b) (PreviewImporter) -> (artifact id: 'ac604e43aff07c0fc6615b4dad4066e9') in 0.5266765 seconds
Number of updated asset objects reloaded before import = 0Number of asset objects unloaded after import = 5028

========================================================================
Received Import Request.
  Time since last request: 0.000056 seconds.
  path: Assets/Resources/400+ Rpg items16x16/tile360.png
  artifactKey: Guid(5c3fb5ce281d6d147ae9aab7ca9b2169) Importer(815301076,1909f56bfc062723c751e8b465ee728b)
Start importing Assets/Resources/400+ Rpg items16x16/tile360.png using Guid(5c3fb5ce281d6d147ae9aab7ca9b2169) Importer(815301076,1909f56bfc062723c751e8b465ee728b) (PreviewImporter) -> (artifact id: '54cdad68e3dfbadfda737c1bb015d9b2') in 0.522418 seconds
Number of updated asset objects reloaded before import = 0Number of asset objects unloaded after import = 5028

========================================================================
Received Import Request.
  Time since last request: 0.000044 seconds.
  path: Assets/Resources/400+ Rpg items16x16/tile360.png
  artifactKey: Guid(5c3fb5ce281d6d147ae9aab7ca9b2169) Importer(815301076,1909f56bfc062723c751e8b465ee728b)
Start importing Assets/Resources/400+ Rpg items16x16/tile360.png using Guid(5c3fb5ce281d6d147ae9aab7ca9b2169) Importer(815301076,1909f56bfc062723c751e8b465ee728b) (PreviewImporter) -> (artifact id: '54cdad68e3dfbadfda737c1bb015d9b2') in 0.5360685 seconds
Number of updated asset objects reloaded before import = 0Number of asset objects unloaded after import = 5028

========================================================================
Received Import Request.
  Time since last request: 0.000055 seconds.
  path: Assets/Resources/400+ Rpg items16x16/tile336.png
  artifactKey: Guid(6c8d9cb676bc60746a1b4dbe1e6e27ae) Importer(815301076,1909f56bfc062723c751e8b465ee728b)
Start importing Assets/Resources/400+ Rpg items16x16/tile336.png using Guid(6c8d9cb676bc60746a1b4dbe1e6e27ae) Importer(815301076,1909f56bfc062723c751e8b465ee728b) (PreviewImporter) -> (artifact id: '393a943d1f0be62ba188c25da2714fc0') in 0.5276786 seconds
Number of updated asset objects reloaded before import = 0Number of asset objects unloaded after import = 5028

========================================================================
Received Import Request.
  Time since last request: 0.000047 seconds.
  path: Assets/Resources/400+ Rpg items16x16/tile327.png
  artifactKey: Guid(2d9a12057c52be740bd87cd1408d76f6) Importer(815301076,1909f56bfc062723c751e8b465ee728b)
Start importing Assets/Resources/400+ Rpg items16x16/tile327.png using Guid(2d9a12057c52be740bd87cd1408d76f6) Importer(815301076,1909f56bfc062723c751e8b465ee728b) (PreviewImporter) -> (artifact id: '8bd97c7bddb2cca079d3ea5c9e7efa21') in 0.531003 seconds
Number of updated asset objects reloaded before import = 0Number of asset objects unloaded after import = 5028

========================================================================
Received Import Request.
  Time since last request: 0.127460 seconds.
  path: Assets/Resources/400+ Rpg items16x16/tile318.png
  artifactKey: Guid(8db34a2ffd5ce144dadb62b1636e78f9) Importer(815301076,1909f56bfc062723c751e8b465ee728b)
Start importing Assets/Resources/400+ Rpg items16x16/tile318.png using Guid(8db34a2ffd5ce144dadb62b1636e78f9) Importer(815301076,1909f56bfc062723c751e8b465ee728b) (PreviewImporter) -> (artifact id: '1621f3b5848a57e08fa52a93eced36cd') in 0.5195548 seconds
Number of updated asset objects reloaded before import = 0Number of asset objects unloaded after import = 5028

========================================================================
Received Import Request.
  Time since last request: 11.701546 seconds.
  path: Assets/Resources/400+ Rpg items16x16/tile286.png
  artifactKey: Guid(1770d4609a576424e93da1402f91e81c) Importer(815301076,1909f56bfc062723c751e8b465ee728b)
Start importing Assets/Resources/400+ Rpg items16x16/tile286.png using Guid(1770d4609a576424e93da1402f91e81c) Importer(815301076,1909f56bfc062723c751e8b465ee728b) (PreviewImporter) -> (artifact id: 'ad58145f160d82d6d494e4cb354884fd') in 0.5174469 seconds
Number of updated asset objects reloaded before import = 0Number of asset objects unloaded after import = 5028

========================================================================
Received Import Request.
  Time since last request: 0.000048 seconds.
  path: Assets/Resources/400+ Rpg items16x16/tile307.png
  artifactKey: Guid(bf33d53ba7e5df543ba502211785eaeb) Importer(815301076,1909f56bfc062723c751e8b465ee728b)
Start importing Assets/Resources/400+ Rpg items16x16/tile307.png using Guid(bf33d53ba7e5df543ba502211785eaeb) Importer(815301076,1909f56bfc062723c751e8b465ee728b) (PreviewImporter) -> (artifact id: '0c44481c4ebdfd03e139443da02421db') in 0.531645 seconds
Number of updated asset objects reloaded before import = 0Number of asset objects unloaded after import = 5028

========================================================================
Received Import Request.
  Time since last request: 0.000056 seconds.
  path: Assets/Resources/400+ Rpg items16x16/tile301.png
  artifactKey: Guid(954d3a74ee4cfd34cbd3bf38f5af7b31) Importer(815301076,1909f56bfc062723c751e8b465ee728b)
Start importing Assets/Resources/400+ Rpg items16x16/tile301.png using Guid(954d3a74ee4cfd34cbd3bf38f5af7b31) Importer(815301076,1909f56bfc062723c751e8b465ee728b) (PreviewImporter) -> (artifact id: '132304ff39b8cb558e19ad254feb6552') in 0.5265353 seconds
Number of updated asset objects reloaded before import = 0Number of asset objects unloaded after import = 5028

========================================================================
Received Import Request.
  Time since last request: 0.000044 seconds.
  path: Assets/Resources/400+ Rpg items16x16/tile309.png
  artifactKey: Guid(a2c57a5997bd39b45a172dfd1c38c214) Importer(815301076,1909f56bfc062723c751e8b465ee728b)
Start importing Assets/Resources/400+ Rpg items16x16/tile309.png using Guid(a2c57a5997bd39b45a172dfd1c38c214) Importer(815301076,1909f56bfc062723c751e8b465ee728b) (PreviewImporter) -> (artifact id: '88a3719a13ff6c7209970c6ddf9d3d04') in 0.5658344 seconds
Number of updated asset objects reloaded before import = 0Number of asset objects unloaded after import = 5028

========================================================================
Received Import Request.
  Time since last request: 0.000049 seconds.
  path: Assets/Resources/400+ Rpg items16x16/tile298.png
  artifactKey: Guid(3385b50cce2e0af4b8afa84a30d44903) Importer(815301076,1909f56bfc062723c751e8b465ee728b)
Start importing Assets/Resources/400+ Rpg items16x16/tile298.png using Guid(3385b50cce2e0af4b8afa84a30d44903) Importer(815301076,1909f56bfc062723c751e8b465ee728b) (PreviewImporter) -> (artifact id: '05b517489632ece4186068d3c4051762') in 0.5806077 seconds
Number of updated asset objects reloaded before import = 0Number of asset objects unloaded after import = 5028

========================================================================
Received Import Request.
  Time since last request: 0.000040 seconds.
  path: Assets/Resources/400+ Rpg items16x16/tile289.png
  artifactKey: Guid(22b38ed3ee1016148bd34670fb60332f) Importer(815301076,1909f56bfc062723c751e8b465ee728b)
Start importing Assets/Resources/400+ Rpg items16x16/tile289.png using Guid(22b38ed3ee1016148bd34670fb60332f) Importer(815301076,1909f56bfc062723c751e8b465ee728b) (PreviewImporter) -> (artifact id: '2f29e1ab0060e840a3963a1d34ce62cf') in 0.5691156 seconds
Number of updated asset objects reloaded before import = 0Number of asset objects unloaded after import = 5028

========================================================================
Received Import Request.
  Time since last request: 0.000052 seconds.
  path: Assets/Resources/400+ Rpg items16x16/tile310.png
  artifactKey: Guid(39d225ddc1821d8438bd38f833be2d29) Importer(815301076,1909f56bfc062723c751e8b465ee728b)
Start importing Assets/Resources/400+ Rpg items16x16/tile310.png using Guid(39d225ddc1821d8438bd38f833be2d29) Importer(815301076,1909f56bfc062723c751e8b465ee728b) (PreviewImporter) -> (artifact id: 'c84c3dbbb2ddf04702da64da829b009c') in 0.5524716 seconds
Number of updated asset objects reloaded before import = 0Number of asset objects unloaded after import = 5028

========================================================================
Received Import Request.
  Time since last request: 0.000049 seconds.
  path: Assets/Resources/400+ Rpg items16x16/tile294.png
  artifactKey: Guid(34f3d288c91acbb46b6dacd051bf244e) Importer(815301076,1909f56bfc062723c751e8b465ee728b)
Start importing Assets/Resources/400+ Rpg items16x16/tile294.png using Guid(34f3d288c91acbb46b6dacd051bf244e) Importer(815301076,1909f56bfc062723c751e8b465ee728b) (PreviewImporter) -> (artifact id: '564645537558ca84c3efae5d7cd16275') in 0.5350769 seconds
Number of updated asset objects reloaded before import = 0Number of asset objects unloaded after import = 5028

========================================================================
Received Import Request.
  Time since last request: 0.000072 seconds.
  path: Assets/Resources/400+ Rpg items16x16/tile291.png
  artifactKey: Guid(e145ee2c61360944fba8ee43b5d0c416) Importer(815301076,1909f56bfc062723c751e8b465ee728b)
Start importing Assets/Resources/400+ Rpg items16x16/tile291.png using Guid(e145ee2c61360944fba8ee43b5d0c416) Importer(815301076,1909f56bfc062723c751e8b465ee728b) (PreviewImporter) -> (artifact id: '0bacb6cf5c2f0a9f89fa2b31fcd1d092') in 0.5060199 seconds
Number of updated asset objects reloaded before import = 0Number of asset objects unloaded after import = 5028

========================================================================
Received Prepare
[Licensing::Client] Successfully resolved entitlement details
Begin MonoManager ReloadAssembly
[Licensing::Client] Successfully resolved entitlement details
Duplicate assembly 'log4net.dll' with different versions detected, using 'Packages/com.unity.package-validation-suite/Lib/Editor/log4net.dll, AssemblyName=log4net, Version=2.0.8.0, Culture=neutral, PublicKeyToken=669e0ddf0bb1aa2a' and ignoring 'Packages/com.unity.collab-proxy/Lib/Editor/log4netPlastic.dll, AssemblyName=log4net, Version=1.2.15.0, Culture=neutral, PublicKeyToken=669e0ddf0bb1aa2a'.Symbol file LoadedFromMemory is not a mono symbol file
- Loaded All Assemblies, in  1.733 seconds
Refreshing native plugins compatible for Editor in 23.07 ms, found 5 plugins.
Native extension for Android target not found
Native extension for WindowsStandalone target not found
[Package Manager] Failed to launch server process. Reason: Unity was launched with the -noUpm command-line argument
[Package Manager] Unable to send message (not connected to server process).
[Package Manager] Cannot connect to Unity Package Manager local server
[Package Manager] Failed to launch server process. Reason: Unity was launched with the -noUpm command-line argument
[Package Manager] Unable to send message (not connected to server process).
[Package Manager] Cannot connect to Unity Package Manager local server
[Package Manager] Failed to launch server process. Reason: Unity was launched with the -noUpm command-line argument
[Package Manager] Unable to send message (not connected to server process).
[Package Manager] Cannot connect to Unity Package Manager local server
ScheduleIndexationOnStartup MainProcess:False IndexOnStartup:True
Mono: successfully reloaded assembly
- Finished resetting the current domain, in  1.794 seconds
Domain Reload Profiling: 3532ms
	BeginReloadAssembly (449ms)
		ExecutionOrderSort (0ms)
		DisableScriptedObjects (47ms)
		BackupInstance (0ms)
		ReleaseScriptingObjects (0ms)
		CreateAndSetChildDomain (107ms)
	RebuildCommonClasses (58ms)
	RebuildNativeTypeToScriptingClass (26ms)
	initialDomainReloadingComplete (60ms)
	LoadAllAssembliesAndSetupDomain (1143ms)
		LoadAssemblies (896ms)
		RebuildTransferFunctionScriptingTraits (0ms)
		AnalyzeDomain (439ms)
			TypeCache.Refresh (12ms)
				TypeCache.ScanAssembly (0ms)
			BuildScriptInfoCaches (401ms)
			ResolveRequiredComponents (21ms)
	FinalizeReload (1795ms)
		ReleaseScriptCaches (0ms)
		RebuildScriptCaches (0ms)
		SetupLoadedEditorAssemblies (1483ms)
			LogAssemblyErrors (0ms)
			InitializePlatformSupportModulesInManaged (14ms)
			SetLoadedEditorAssemblies (9ms)
			BeforeProcessingInitializeOnLoad (436ms)
			ProcessInitializeOnLoadAttributes (762ms)
			ProcessInitializeOnLoadMethodAttributes (259ms)
			AfterProcessingInitializeOnLoad (4ms)
			EditorAssembliesLoaded (1ms)
		ExecutionOrderSort2 (0ms)
		AwakeInstancesAfterBackupRestoration (20ms)
Refreshing native plugins compatible for Editor in 19.07 ms, found 5 plugins.
Preloading 0 native plugins for Editor in 0.00 ms.
Unloading 17 Unused Serialized files (Serialized files now loaded: 0)
Unloading 9468 unused Assets / (4.3 MB). Loaded Objects now: 10355.
Memory consumption went from 197.8 MB to 193.5 MB.
Total: 16.918400 ms (FindLiveObjects: 1.838800 ms CreateObjectMapping: 2.283000 ms MarkObjects: 8.823100 ms  DeleteObjects: 3.971900 ms)

Prepare: number of updated asset objects reloaded= 0
========================================================================
Received Prepare
[Licensing::Client] Successfully resolved entitlement details
Begin MonoManager ReloadAssembly
[Licensing::Client] Successfully resolved entitlement details
Duplicate assembly 'log4net.dll' with different versions detected, using 'Packages/com.unity.package-validation-suite/Lib/Editor/log4net.dll, AssemblyName=log4net, Version=2.0.8.0, Culture=neutral, PublicKeyToken=669e0ddf0bb1aa2a' and ignoring 'Packages/com.unity.collab-proxy/Lib/Editor/log4netPlastic.dll, AssemblyName=log4net, Version=1.2.15.0, Culture=neutral, PublicKeyToken=669e0ddf0bb1aa2a'.Symbol file LoadedFromMemory is not a mono symbol file
- Loaded All Assemblies, in  1.491 seconds
Refreshing native plugins compatible for Editor in 14.48 ms, found 5 plugins.
Native extension for Android target not found
Native extension for WindowsStandalone target not found
[Package Manager] Failed to launch server process. Reason: Unity was launched with the -noUpm command-line argument
[Package Manager] Unable to send message (not connected to server process).
[Package Manager] Cannot connect to Unity Package Manager local server
[Package Manager] Failed to launch server process. Reason: Unity was launched with the -noUpm command-line argument
[Package Manager] Unable to send message (not connected to server process).
[Package Manager] Cannot connect to Unity Package Manager local server
[Package Manager] Failed to launch server process. Reason: Unity was launched with the -noUpm command-line argument
[Package Manager] Unable to send message (not connected to server process).
[Package Manager] Cannot connect to Unity Package Manager local server
ScheduleIndexationOnStartup MainProcess:False IndexOnStartup:True
Mono: successfully reloaded assembly
- Finished resetting the current domain, in  1.468 seconds
Domain Reload Profiling: 2963ms
	BeginReloadAssembly (340ms)
		ExecutionOrderSort (0ms)
		DisableScriptedObjects (22ms)
		BackupInstance (0ms)
		ReleaseScriptingObjects (0ms)
		CreateAndSetChildDomain (74ms)
	RebuildCommonClasses (84ms)
	RebuildNativeTypeToScriptingClass (23ms)
	initialDomainReloadingComplete (42ms)
	LoadAllAssembliesAndSetupDomain (1006ms)
		LoadAssemblies (702ms)
		RebuildTransferFunctionScriptingTraits (0ms)
		AnalyzeDomain (457ms)
			TypeCache.Refresh (12ms)
				TypeCache.ScanAssembly (0ms)
			BuildScriptInfoCaches (417ms)
			ResolveRequiredComponents (22ms)
	FinalizeReload (1469ms)
		ReleaseScriptCaches (0ms)
		RebuildScriptCaches (0ms)
		SetupLoadedEditorAssemblies (1183ms)
			LogAssemblyErrors (0ms)
			InitializePlatformSupportModulesInManaged (11ms)
			SetLoadedEditorAssemblies (9ms)
			BeforeProcessingInitializeOnLoad (275ms)
			ProcessInitializeOnLoadAttributes (634ms)
			ProcessInitializeOnLoadMethodAttributes (251ms)
			AfterProcessingInitializeOnLoad (4ms)
			EditorAssembliesLoaded (1ms)
		ExecutionOrderSort2 (0ms)
		AwakeInstancesAfterBackupRestoration (20ms)
Refreshing native plugins compatible for Editor in 17.55 ms, found 5 plugins.
Preloading 0 native plugins for Editor in 0.00 ms.
Unloading 17 Unused Serialized files (Serialized files now loaded: 0)
Unloading 9466 unused Assets / (5.7 MB). Loaded Objects now: 10361.
Memory consumption went from 199.5 MB to 193.8 MB.
Total: 16.004800 ms (FindLiveObjects: 1.437200 ms CreateObjectMapping: 0.983100 ms MarkObjects: 8.579300 ms  DeleteObjects: 5.003500 ms)

Prepare: number of updated asset objects reloaded= 0
========================================================================
Received Import Request.
  Time since last request: 206.638950 seconds.
  path: Assets/Prefabs/ChestReward.prefab
  artifactKey: Guid(20afad8f6fc1691498116622a5149ee4) Importer(815301076,1909f56bfc062723c751e8b465ee728b)
Start importing Assets/Prefabs/ChestReward.prefab using Guid(20afad8f6fc1691498116622a5149ee4) Importer(815301076,1909f56bfc062723c751e8b465ee728b) (PreviewImporter) -> (artifact id: 'bc9031495ca20be04992e82bd9b1ac3e') in 1.9663476 seconds
Number of updated asset objects reloaded before import = 0Number of asset objects unloaded after import = 5052

========================================================================
Received Import Request.
  Time since last request: 0.000054 seconds.
  path: Assets/Prefabs/LevelBoss.prefab
  artifactKey: Guid(6321081257c9ec348bf61d7bf96c97a4) Importer(815301076,1909f56bfc062723c751e8b465ee728b)
Start importing Assets/Prefabs/LevelBoss.prefab using Guid(6321081257c9ec348bf61d7bf96c97a4) Importer(815301076,1909f56bfc062723c751e8b465ee728b) (PreviewImporter) -> (artifact id: 'b9042163d9bca537672f9804fd026456') in 0.6069024 seconds
Number of updated asset objects reloaded before import = 0Number of asset objects unloaded after import = 5084

========================================================================
Received Import Request.
  Time since last request: 0.000065 seconds.
  path: Assets/Prefabs/ExitDoorToOpenWorld.prefab
  artifactKey: Guid(411b8d095431622459ea2d6ad9988f88) Importer(815301076,1909f56bfc062723c751e8b465ee728b)
Start importing Assets/Prefabs/ExitDoorToOpenWorld.prefab using Guid(411b8d095431622459ea2d6ad9988f88) Importer(815301076,1909f56bfc062723c751e8b465ee728b) (PreviewImporter) -> (artifact id: 'd4ecda2e6758b557bb6f5b84fa1ec239') in 0.5610695 seconds
Number of updated asset objects reloaded before import = 0Number of asset objects unloaded after import = 5038

========================================================================
Received Import Request.
  Time since last request: 0.000046 seconds.
  path: Assets/Prefabs/NextFloorDoor.prefab
  artifactKey: Guid(acac662dfcbe7bb4cadbfdc149a7ba98) Importer(815301076,1909f56bfc062723c751e8b465ee728b)
Start importing Assets/Prefabs/NextFloorDoor.prefab using Guid(acac662dfcbe7bb4cadbfdc149a7ba98) Importer(815301076,1909f56bfc062723c751e8b465ee728b) (PreviewImporter) -> (artifact id: '113a264595b71a593cf9c58f94203882') in 0.5941662 seconds
Number of updated asset objects reloaded before import = 0Number of asset objects unloaded after import = 5035

========================================================================
Received Prepare
[Licensing::Client] Successfully resolved entitlement details
Begin MonoManager ReloadAssembly
[Licensing::Client] Successfully resolved entitlement details
Duplicate assembly 'log4net.dll' with different versions detected, using 'Packages/com.unity.package-validation-suite/Lib/Editor/log4net.dll, AssemblyName=log4net, Version=2.0.8.0, Culture=neutral, PublicKeyToken=669e0ddf0bb1aa2a' and ignoring 'Packages/com.unity.collab-proxy/Lib/Editor/log4netPlastic.dll, AssemblyName=log4net, Version=1.2.15.0, Culture=neutral, PublicKeyToken=669e0ddf0bb1aa2a'.Symbol file LoadedFromMemory is not a mono symbol file
- Loaded All Assemblies, in  1.440 seconds
Refreshing native plugins compatible for Editor in 14.09 ms, found 5 plugins.
Native extension for Android target not found
Native extension for WindowsStandalone target not found
[Package Manager] Failed to launch server process. Reason: Unity was launched with the -noUpm command-line argument
[Package Manager] Unable to send message (not connected to server process).
[Package Manager] Cannot connect to Unity Package Manager local server
[Package Manager] Failed to launch server process. Reason: Unity was launched with the -noUpm command-line argument
[Package Manager] Unable to send message (not connected to server process).
[Package Manager] Cannot connect to Unity Package Manager local server
[Package Manager] Failed to launch server process. Reason: Unity was launched with the -noUpm command-line argument
[Package Manager] Unable to send message (not connected to server process).
[Package Manager] Cannot connect to Unity Package Manager local server
ScheduleIndexationOnStartup MainProcess:False IndexOnStartup:True
Mono: successfully reloaded assembly
- Finished resetting the current domain, in  1.395 seconds
Domain Reload Profiling: 2840ms
	BeginReloadAssembly (382ms)
		ExecutionOrderSort (0ms)
		DisableScriptedObjects (47ms)
		BackupInstance (0ms)
		ReleaseScriptingObjects (0ms)
		CreateAndSetChildDomain (94ms)
	RebuildCommonClasses (53ms)
	RebuildNativeTypeToScriptingClass (22ms)
	initialDomainReloadingComplete (40ms)
	LoadAllAssembliesAndSetupDomain (947ms)
		LoadAssemblies (678ms)
		RebuildTransferFunctionScriptingTraits (0ms)
		AnalyzeDomain (425ms)
			TypeCache.Refresh (11ms)
				TypeCache.ScanAssembly (0ms)
			BuildScriptInfoCaches (388ms)
			ResolveRequiredComponents (21ms)
	FinalizeReload (1395ms)
		ReleaseScriptCaches (0ms)
		RebuildScriptCaches (0ms)
		SetupLoadedEditorAssemblies (1112ms)
			LogAssemblyErrors (0ms)
			InitializePlatformSupportModulesInManaged (11ms)
			SetLoadedEditorAssemblies (7ms)
			BeforeProcessingInitializeOnLoad (237ms)
			ProcessInitializeOnLoadAttributes (599ms)
			ProcessInitializeOnLoadMethodAttributes (249ms)
			AfterProcessingInitializeOnLoad (8ms)
			EditorAssembliesLoaded (1ms)
		ExecutionOrderSort2 (0ms)
		AwakeInstancesAfterBackupRestoration (27ms)
Refreshing native plugins compatible for Editor in 15.39 ms, found 5 plugins.
Preloading 0 native plugins for Editor in 0.00 ms.
Unloading 17 Unused Serialized files (Serialized files now loaded: 0)
Unloading 9468 unused Assets / (5.5 MB). Loaded Objects now: 10387.
Memory consumption went from 199.9 MB to 194.4 MB.
Total: 16.458100 ms (FindLiveObjects: 1.435200 ms CreateObjectMapping: 1.395100 ms MarkObjects: 9.605300 ms  DeleteObjects: 4.020900 ms)

Prepare: number of updated asset objects reloaded= 0
Editor requested this worker to shutdown with reason: Scaling down because of idle timeout
AssetImportWorker is now disconnected from the server
Process exiting
Exiting without the bug reporter. Application will terminate with return code 0