[Licensing::Module] Trying to connect to existing licensing client channel...
Built from '6000.3/staging' branch; Version is '6000.3.13f1 (8c4f11e4fb20) revision 9195281'; Using compiler version '194234433'; Build Type 'Release'
OS: 'Windows 10  (10.0.19045) 64bit Professional' Language: 'uk' Physical Memory: 16334 MB
BatchMode: 1, IsHumanControllingUs: 0, StartBugReporterOnCrash: 0, Is64bit: 1
[Licensing::IpcConnector] Successfully connected to: "LicenseClient-limon" at "2026-05-03T16:05:20.126474Z"
System  architecture: x64
Process architecture: x64
Date: 2026-05-03T16:05:20Z

COMMAND LINE ARGUMENTS:
D:\Unity\6000.3.13f1\Editor\Unity.exe
-adb2
-batchMode
-noUpm
-name
AssetImportWorker8
-projectPath
D:/GameDev/DarkPixels-main
-logFile
Logs/AssetImportWorker8.log
-srvPort
50763
-licensingIpc
LicenseClient-limon
-job-worker-count
5
-background-job-worker-count
8
-gc-helper-count
1
-name
AssetImport
Successfully changed project path to: D:/GameDev/DarkPixels-main
D:/GameDev/DarkPixels-main
[UnityMemory] Configuration Parameters - Can be set up in boot.config
    "memorysetup-temp-allocator-size-nav-mesh-worker=65536"
    "memorysetup-temp-allocator-size-audio-worker=65536"
    "memorysetup-temp-allocator-size-gfx=262144"
    "memorysetup-allocator-temp-initial-block-size-main=262144"
    "memorysetup-allocator-temp-initial-block-size-worker=262144"
    "memorysetup-temp-allocator-size-background-worker=32768"
    "memorysetup-temp-allocator-size-job-worker=262144"
    "memorysetup-temp-allocator-size-preload-manager=33554432"
    "memorysetup-temp-allocator-size-gi-baking-worker=262144"
    "memorysetup-temp-allocator-size-gi-baking-worker=262144"
    "memorysetup-temp-allocator-size-gi-baking-worker=262144"
    "memorysetup-temp-allocator-size-gi-baking-worker=262144"
    "memorysetup-temp-allocator-size-gi-baking-worker=262144"
    "memorysetup-bucket-allocator-granularity=16"
    "memorysetup-bucket-allocator-bucket-count=8"
    "memorysetup-bucket-allocator-block-size=33554432"
    "memorysetup-bucket-allocator-block-count=8"
    "memorysetup-main-allocator-block-size=16777216"
    "memorysetup-thread-allocator-block-size=16777216"
    "memorysetup-gfx-main-allocator-block-size=16777216"
    "memorysetup-gfx-thread-allocator-block-size=16777216"
    "memorysetup-cache-allocator-block-size=4194304"
    "memorysetup-typetree-allocator-block-size=2097152"
    "memorysetup-profiler-bucket-allocator-granularity=16"
    "memorysetup-profiler-bucket-allocator-bucket-count=8"
    "memorysetup-profiler-bucket-allocator-block-size=33554432"
    "memorysetup-profiler-bucket-allocator-block-count=8"
    "memorysetup-profiler-allocator-block-size=16777216"
    "memorysetup-profiler-editor-allocator-block-size=1048576"
    "memorysetup-temp-allocator-size-main=16777216"
    "memorysetup-job-temp-allocator-block-size=2097152"
    "memorysetup-job-temp-allocator-block-size-background=1048576"
    "memorysetup-job-temp-allocator-reduction-small-platforms=262144"
    "memorysetup-temp-allocator-size-cloud-worker=32768"
Player connection [16360]  Target information:

Player connection [16360]  * "[IP] 192.168.0.28 [Port] 0 [Flags] 2 [Guid] 2242756443 [EditorId] 2242756443 [Version] 1048832 [Id] WindowsEditor(7,DESKTOP-4DD92S9) [Debug] 1 [PackageName] WindowsEditor [ProjectName] Editor" 

Player connection [16360] Host joined multi-casting on [225.0.0.222:54997]...
Player connection [16360] Host joined alternative multi-casting on [225.0.0.222:34997]...
JobSystem: Creating JobQueue using job-worker-count value 5
Input System module state changed to: Initialized.
[Physics::Module] Initialized fallback backend.
[Physics::Module] Id: 0xdecafbad
Library Redirect Path: Library/
[Physics::Module] Selected backend.
[Physics::Module] Name: PhysX
[Physics::Module] Id: 0xf2b8ea05
[Physics::Module] SDK Version: 4.1.2
[Physics::Module] Integration Version: 1.0.0
[Physics::Module] Threading Mode: Multi-Threaded
Refreshing native plugins compatible for Editor in 23.65 ms, found 5 plugins.
Preloading 0 native plugins for Editor in 0.00 ms.
Initialize engine version: 6000.3.13f1 (8c4f11e4fb20)
[Subsystems] Discovering subsystems at path D:/Unity/6000.3.13f1/Editor/Data/Resources/UnitySubsystems
[Subsystems] Discovering subsystems at path D:/GameDev/DarkPixels-main/Assets
GfxDevice: creating device client; kGfxThreadingModeNonThreaded
Direct3D:
    Version:  Direct3D 11.0 [level 11.1]
    Renderer: Radeon RX 590 Series (ID=0x67df)
    Vendor:   ATI
    VRAM:     8170 MB
    Driver:   31.0.21923.1000
Initialize mono
Mono path[0] = 'D:/Unity/6000.3.13f1/Editor/Data/Managed'
Mono path[1] = 'D:/Unity/6000.3.13f1/Editor/Data/MonoBleedingEdge/lib/mono/unityjit-win32'
Mono config path = 'D:/Unity/6000.3.13f1/Editor/Data/MonoBleedingEdge/etc'
Using monoOptions --debugger-agent=transport=dt_socket,embedding=1,server=y,suspend=n,address=127.0.0.1:56500
Begin MonoManager ReloadAssembly
Registering precompiled unity dll's ...
Register platform support module: D:/Unity/6000.3.13f1/Editor/Data/PlaybackEngines/WindowsStandaloneSupport/UnityEditor.WindowsStandalone.Extensions.dll
[Licensing::Module] Licensing is not yet initialized.
[Licensing::Client] Error: HandshakeResponse reported an error:
	ResponseCode: 505
	ResponseStatus: Unsupported protocol version '1.18.1'.
[Licensing::Module] Error: Failed to handshake to channel: "LicenseClient-limon"
[Licensing::IpcConnector] LicenseClient-limon channel disconnected successfully.
[Licensing::IpcConnector] Successfully connected to: "LicenseClient-limon-6000.3.13" at "2026-05-03T16:05:21.8500904Z"
[Licensing::Client] Handshaking with LicensingClient:
  Version:                 1.18.1+9fbee8e
  Session Id:              c8cc0fcd359e4ce88b80d1ee9889a597
  Correlation Id:          a7b0843120699c34e64f9f6022ab042a
  External correlation Id: 7840623033158186157
  Machine Id:              4D8GW8ETA38K6LsA7GOMWmqZxN4=
[Licensing::Module] Successfully connected to LicensingClient on channel: "LicenseClient-limon-6000.3.13" (connect: 0.00s, validation: 0.00s, handshake: 1.61s)
[Licensing::IpcConnector] Successfully connected to: "LicenseClient-limon-6000.3.13-notifications" at "2026-05-03T16:05:23.4651578Z"
[Licensing::Module] Licensing Background thread has ended after 3.34s
[Licensing::Module] Licensing is initialized (took 2.18s).
[Licensing::Client] Successfully resolved entitlement details
[Licensing::Module] License group:
  Id: 7971680487528-UnityPersXXXX
  Product: Unity Personal
  Type: Assigned
  Expiration: Unlimited
Register platform support module: D:/Unity/6000.3.13f1/Editor/Data/PlaybackEngines/AndroidPlayer/UnityEditor.Android.Extensions.dll
Registered in 2.187158 seconds.
- Loaded All Assemblies, in  2.991 seconds
Native extension for Android target not found
Native extension for WindowsStandalone target not found
Package Manager log level set to [2]
[Package Manager] Failed to launch server process. Reason: Unity was launched with the -noUpm command-line argument
[Package Manager] Unable to send message (not connected to server process).
[Package Manager] Cannot connect to Unity Package Manager local server
ScheduleIndexationOnStartup MainProcess:False IndexOnStartup:True
Mono: successfully reloaded assembly
- Finished resetting the current domain, in  0.934 seconds
Domain Reload Profiling: 3924ms
	BeginReloadAssembly (235ms)
		ExecutionOrderSort (0ms)
		DisableScriptedObjects (0ms)
		BackupInstance (0ms)
		ReleaseScriptingObjects (0ms)
		CreateAndSetChildDomain (1ms)
	RebuildCommonClasses (106ms)
	RebuildNativeTypeToScriptingClass (37ms)
	initialDomainReloadingComplete (2267ms)
	LoadAllAssembliesAndSetupDomain (344ms)
		LoadAssemblies (235ms)
		RebuildTransferFunctionScriptingTraits (0ms)
		AnalyzeDomain (337ms)
			TypeCache.Refresh (335ms)
				TypeCache.ScanAssembly (313ms)
			BuildScriptInfoCaches (0ms)
			ResolveRequiredComponents (1ms)
	FinalizeReload (935ms)
		ReleaseScriptCaches (0ms)
		RebuildScriptCaches (0ms)
		SetupLoadedEditorAssemblies (810ms)
			LogAssemblyErrors (0ms)
			InitializePlatformSupportModulesInManaged (144ms)
			SetLoadedEditorAssemblies (7ms)
			BeforeProcessingInitializeOnLoad (187ms)
			ProcessInitializeOnLoadAttributes (296ms)
			ProcessInitializeOnLoadMethodAttributes (175ms)
			AfterProcessingInitializeOnLoad (0ms)
			EditorAssembliesLoaded (0ms)
		ExecutionOrderSort2 (0ms)
		AwakeInstancesAfterBackupRestoration (0ms)
========================================================================
Worker process is ready to serve import requests
Import Worker Mode flag is 0x00
Begin MonoManager ReloadAssembly
[Licensing::Client] Successfully resolved entitlement details
Duplicate assembly 'log4net.dll' with different versions detected, using 'Packages/com.unity.package-validation-suite/Lib/Editor/log4net.dll, AssemblyName=log4net, Version=2.0.8.0, Culture=neutral, PublicKeyToken=669e0ddf0bb1aa2a' and ignoring 'Packages/com.unity.collab-proxy/Lib/Editor/log4netPlastic.dll, AssemblyName=log4net, Version=1.2.15.0, Culture=neutral, PublicKeyToken=669e0ddf0bb1aa2a'.Symbol file LoadedFromMemory is not a mono symbol file
- Loaded All Assemblies, in  1.818 seconds
Refreshing native plugins compatible for Editor in 18.45 ms, found 5 plugins.
Native extension for Android target not found
Native extension for WindowsStandalone target not found
[Package Manager] Failed to launch server process. Reason: Unity was launched with the -noUpm command-line argument
[Package Manager] Unable to send message (not connected to server process).
[Package Manager] Cannot connect to Unity Package Manager local server
[Package Manager] Failed to launch server process. Reason: Unity was launched with the -noUpm command-line argument
[Package Manager] Unable to send message (not connected to server process).
[Package Manager] Cannot connect to Unity Package Manager local server
Refreshing native plugins compatible for Editor in 15.15 ms, found 5 plugins.
[Package Manager] Failed to launch server process. Reason: Unity was launched with the -noUpm command-line argument
[Package Manager] Unable to send message (not connected to server process).
[Package Manager] Cannot connect to Unity Package Manager local server
ScheduleIndexationOnStartup MainProcess:False IndexOnStartup:True
Mono: successfully reloaded assembly
- Finished resetting the current domain, in  2.022 seconds
Domain Reload Profiling: 3838ms
	BeginReloadAssembly (335ms)
		ExecutionOrderSort (0ms)
		DisableScriptedObjects (18ms)
		BackupInstance (0ms)
		ReleaseScriptingObjects (0ms)
		CreateAndSetChildDomain (41ms)
	RebuildCommonClasses (90ms)
	RebuildNativeTypeToScriptingClass (34ms)
	initialDomainReloadingComplete (70ms)
	LoadAllAssembliesAndSetupDomain (1286ms)
		LoadAssemblies (784ms)
		RebuildTransferFunctionScriptingTraits (0ms)
		AnalyzeDomain (694ms)
			TypeCache.Refresh (465ms)
				TypeCache.ScanAssembly (431ms)
			BuildScriptInfoCaches (197ms)
			ResolveRequiredComponents (25ms)
	FinalizeReload (2023ms)
		ReleaseScriptCaches (0ms)
		RebuildScriptCaches (0ms)
		SetupLoadedEditorAssemblies (1699ms)
			LogAssemblyErrors (0ms)
			InitializePlatformSupportModulesInManaged (18ms)
			SetLoadedEditorAssemblies (11ms)
			BeforeProcessingInitializeOnLoad (334ms)
			ProcessInitializeOnLoadAttributes (801ms)
			ProcessInitializeOnLoadMethodAttributes (527ms)
			AfterProcessingInitializeOnLoad (6ms)
			EditorAssembliesLoaded (1ms)
		ExecutionOrderSort2 (0ms)
		AwakeInstancesAfterBackupRestoration (18ms)
Launched and connected shader compiler UnityShaderCompiler.exe after 0.02 seconds
Refreshing native plugins compatible for Editor in 15.34 ms, found 5 plugins.
Preloading 0 native plugins for Editor in 0.00 ms.
Unloading 17 Unused Serialized files (Serialized files now loaded: 0)
Unloading 9444 unused Assets / (5.2 MB). Loaded Objects now: 10250.
Memory consumption went from 177.0 MB to 171.8 MB.
Total: 17.483000 ms (FindLiveObjects: 1.359400 ms CreateObjectMapping: 1.454100 ms MarkObjects: 9.950600 ms  DeleteObjects: 4.717400 ms)

========================================================================
Received Import Request.
  Time since last request: 6291.634023 seconds.
  path: Assets/Resources/Items_Level/Wals_Floor_Dungeon_1.png
  artifactKey: Guid(770e84b1cc609944ba11e9df7825d097) Importer(815301076,1909f56bfc062723c751e8b465ee728b)
Start importing Assets/Resources/Items_Level/Wals_Floor_Dungeon_1.png using Guid(770e84b1cc609944ba11e9df7825d097) Importer(815301076,1909f56bfc062723c751e8b465ee728b) (PreviewImporter) -> (artifact id: 'aa588ba668b9f3fdd9ef63148e27c2b6') in 0.6730644 seconds
Number of updated asset objects reloaded before import = 0Number of asset objects unloaded after import = 5047

========================================================================
Received Import Request.
  Time since last request: 0.000048 seconds.
  path: Assets/Resources/400+ Rpg items16x16/tile308.png
  artifactKey: Guid(463568ba8e9e9bd49a85cb7b2c587597) Importer(815301076,1909f56bfc062723c751e8b465ee728b)
Start importing Assets/Resources/400+ Rpg items16x16/tile308.png using Guid(463568ba8e9e9bd49a85cb7b2c587597) Importer(815301076,1909f56bfc062723c751e8b465ee728b) (PreviewImporter) -> (artifact id: '168ea6aa8e3d7d7d6800e21b2b331009') in 0.4963646 seconds
Number of updated asset objects reloaded before import = 0Number of asset objects unloaded after import = 5047

========================================================================
Received Import Request.
  Time since last request: 0.000036 seconds.
  path: Assets/Resources/400+ Rpg items16x16/tile398.png
  artifactKey: Guid(eba9115808bbc1b49812a089425255ca) Importer(815301076,1909f56bfc062723c751e8b465ee728b)
Start importing Assets/Resources/400+ Rpg items16x16/tile398.png using Guid(eba9115808bbc1b49812a089425255ca) Importer(815301076,1909f56bfc062723c751e8b465ee728b) (PreviewImporter) -> (artifact id: '59f3900b8c1fabce826b844e4d6c9a52') in 0.4986045 seconds
Number of updated asset objects reloaded before import = 0Number of asset objects unloaded after import = 5047

========================================================================
Received Import Request.
  Time since last request: 0.000043 seconds.
  path: Assets/Resources/400+ Rpg items16x16/tile309.png
  artifactKey: Guid(a2c57a5997bd39b45a172dfd1c38c214) Importer(815301076,1909f56bfc062723c751e8b465ee728b)
Start importing Assets/Resources/400+ Rpg items16x16/tile309.png using Guid(a2c57a5997bd39b45a172dfd1c38c214) Importer(815301076,1909f56bfc062723c751e8b465ee728b) (PreviewImporter) -> (artifact id: '951fc1f5b9cf71f2e92b745e3562def4') in 0.495414 seconds
Number of updated asset objects reloaded before import = 0Number of asset objects unloaded after import = 5047

========================================================================
Received Import Request.
  Time since last request: 0.000034 seconds.
  path: Assets/Resources/Pixel_UI/Settings.png
  artifactKey: Guid(45aab7f7947429346addbc75039f87b5) Importer(815301076,1909f56bfc062723c751e8b465ee728b)
Start importing Assets/Resources/Pixel_UI/Settings.png using Guid(45aab7f7947429346addbc75039f87b5) Importer(815301076,1909f56bfc062723c751e8b465ee728b) (PreviewImporter) -> (artifact id: '1a4d787e5c2019484c39e0891f831b80') in 0.6621095 seconds
Number of updated asset objects reloaded before import = 0Number of asset objects unloaded after import = 5047

========================================================================
Received Import Request.
  Time since last request: 0.000045 seconds.
  path: Assets/Pixel Monster Pack/32x32 monsters/wolf-black.png
  artifactKey: Guid(e62c76c496528234a8b52eb179ea6350) Importer(815301076,1909f56bfc062723c751e8b465ee728b)
Start importing Assets/Pixel Monster Pack/32x32 monsters/wolf-black.png using Guid(e62c76c496528234a8b52eb179ea6350) Importer(815301076,1909f56bfc062723c751e8b465ee728b) (PreviewImporter) -> (artifact id: '2caf47f34013815d356e29a9cf2f63f0') in 0.4944022 seconds
Number of updated asset objects reloaded before import = 0Number of asset objects unloaded after import = 5047

========================================================================
Received Import Request.
  Time since last request: 0.000034 seconds.
  path: Assets/StarterAssets/Mobile/UI/UI_Circle_Faded.png
  artifactKey: Guid(90ded0611e490aa4ba6961afbfc2280d) Importer(815301076,1909f56bfc062723c751e8b465ee728b)
Start importing Assets/StarterAssets/Mobile/UI/UI_Circle_Faded.png using Guid(90ded0611e490aa4ba6961afbfc2280d) Importer(815301076,1909f56bfc062723c751e8b465ee728b) (PreviewImporter) -> (artifact id: '3a1ee19b01406e82a88e81c8625c6caa') in 0.0790115 seconds
Number of updated asset objects reloaded before import = 0Number of asset objects unloaded after import = 3

========================================================================
Received Import Request.
  Time since last request: 0.000035 seconds.
  path: Assets/Resources/400+ Rpg items16x16/tile285.png
  artifactKey: Guid(8cf8aa74d9703384abbe5fa7b4a064ca) Importer(815301076,1909f56bfc062723c751e8b465ee728b)
Start importing Assets/Resources/400+ Rpg items16x16/tile285.png using Guid(8cf8aa74d9703384abbe5fa7b4a064ca) Importer(815301076,1909f56bfc062723c751e8b465ee728b) (PreviewImporter) -> (artifact id: 'c51854bb7e5b3e90cbf365bb83e5c306') in 0.4615981 seconds
Number of updated asset objects reloaded before import = 0Number of asset objects unloaded after import = 5047

========================================================================
Received Import Request.
  Time since last request: 0.000037 seconds.
  path: Assets/Resources/400+ Rpg items16x16/tile434.png
  artifactKey: Guid(5b99f912b1cb14c4388548316b2b7216) Importer(815301076,1909f56bfc062723c751e8b465ee728b)
Start importing Assets/Resources/400+ Rpg items16x16/tile434.png using Guid(5b99f912b1cb14c4388548316b2b7216) Importer(815301076,1909f56bfc062723c751e8b465ee728b) (PreviewImporter) -> (artifact id: 'e8e2b56ef7a6fddb660e650c861cd2bb') in 0.4984109 seconds
Number of updated asset objects reloaded before import = 0Number of asset objects unloaded after import = 5047

========================================================================
Received Import Request.
  Time since last request: 0.000058 seconds.
  path: Assets/Resources/400+ Rpg items16x16/tile418.png
  artifactKey: Guid(9aee91ee8e7fd854ea24e33bcac0aea5) Importer(815301076,1909f56bfc062723c751e8b465ee728b)
Start importing Assets/Resources/400+ Rpg items16x16/tile418.png using Guid(9aee91ee8e7fd854ea24e33bcac0aea5) Importer(815301076,1909f56bfc062723c751e8b465ee728b) (PreviewImporter) -> (artifact id: 'eac5e9e93c65b6b39072dac0dd17f9a8') in 0.519002 seconds
Number of updated asset objects reloaded before import = 0Number of asset objects unloaded after import = 5047

========================================================================
Received Import Request.
  Time since last request: 0.000037 seconds.
  path: Assets/Resources/400+ Rpg items16x16/tile444.png
  artifactKey: Guid(b0de17865504c164987d9b51393f1ac8) Importer(815301076,1909f56bfc062723c751e8b465ee728b)
Start importing Assets/Resources/400+ Rpg items16x16/tile444.png using Guid(b0de17865504c164987d9b51393f1ac8) Importer(815301076,1909f56bfc062723c751e8b465ee728b) (PreviewImporter) -> (artifact id: 'c54f2ba569a57b999f96623130d86a7b') in 0.4690896 seconds
Number of updated asset objects reloaded before import = 0Number of asset objects unloaded after import = 5047

========================================================================
Received Import Request.
  Time since last request: 0.000047 seconds.
  path: Assets/Resources/400+ Rpg items16x16/tile409.png
  artifactKey: Guid(2801bf9956f3c42409e07c658e88c486) Importer(815301076,1909f56bfc062723c751e8b465ee728b)
Start importing Assets/Resources/400+ Rpg items16x16/tile409.png using Guid(2801bf9956f3c42409e07c658e88c486) Importer(815301076,1909f56bfc062723c751e8b465ee728b) (PreviewImporter) -> (artifact id: 'a886ea5ce6a79c86b467e8beb54a8766') in 0.4735651 seconds
Number of updated asset objects reloaded before import = 0Number of asset objects unloaded after import = 5047

========================================================================
Received Import Request.
  Time since last request: 0.000046 seconds.
  path: Assets/Resources/Tower/Dungeon_Tileset (2).png
  artifactKey: Guid(fcea670019b698449887342c5c558606) Importer(815301076,1909f56bfc062723c751e8b465ee728b)
Start importing Assets/Resources/Tower/Dungeon_Tileset (2).png using Guid(fcea670019b698449887342c5c558606) Importer(815301076,1909f56bfc062723c751e8b465ee728b) (PreviewImporter) -> (artifact id: '0fd3bc4b2eda695de814a413c2d19fe0') in 1.0555839 seconds
Number of updated asset objects reloaded before import = 0Number of asset objects unloaded after import = 5047

========================================================================
Received Import Request.
  Time since last request: 0.000046 seconds.
  path: Assets/Pixel Monster Pack/32x32 monsters/wolf-blue.png
  artifactKey: Guid(80a17c7c339458145b8c7750fa6b0dc9) Importer(815301076,1909f56bfc062723c751e8b465ee728b)
Start importing Assets/Pixel Monster Pack/32x32 monsters/wolf-blue.png using Guid(80a17c7c339458145b8c7750fa6b0dc9) Importer(815301076,1909f56bfc062723c751e8b465ee728b) (PreviewImporter) -> (artifact id: 'fe6ecfeffb4a24208313a22cc6b18b43') in 0.492628 seconds
Number of updated asset objects reloaded before import = 0Number of asset objects unloaded after import = 5047

========================================================================
Received Import Request.
  Time since last request: 0.000042 seconds.
  path: Assets/Resources/400+ Rpg items16x16/tile422.png
  artifactKey: Guid(1056966d61944b643a395476ae01b943) Importer(815301076,1909f56bfc062723c751e8b465ee728b)
Start importing Assets/Resources/400+ Rpg items16x16/tile422.png using Guid(1056966d61944b643a395476ae01b943) Importer(815301076,1909f56bfc062723c751e8b465ee728b) (PreviewImporter) -> (artifact id: '9b5942f7ef4ea9e75c833c2c8c2a291c') in 0.4796543 seconds
Number of updated asset objects reloaded before import = 0Number of asset objects unloaded after import = 5047

========================================================================
Received Import Request.
  Time since last request: 0.000060 seconds.
  path: Assets/Resources/Items_Level/Wals_border_Ground.png
  artifactKey: Guid(d535f5ef6417c7e41bbbbace6b9752cb) Importer(815301076,1909f56bfc062723c751e8b465ee728b)
Start importing Assets/Resources/Items_Level/Wals_border_Ground.png using Guid(d535f5ef6417c7e41bbbbace6b9752cb) Importer(815301076,1909f56bfc062723c751e8b465ee728b) (PreviewImporter) -> (artifact id: 'd40b63e99b8fd8097f65d7ec82a4bdd4') in 0.6193433 seconds
Number of updated asset objects reloaded before import = 0Number of asset objects unloaded after import = 5047

========================================================================
Received Import Request.
  Time since last request: 0.000034 seconds.
  path: Assets/Resources/400+ Rpg items16x16/tile314.png
  artifactKey: Guid(048fa649013888148b1a5d0e786e5355) Importer(815301076,1909f56bfc062723c751e8b465ee728b)
Start importing Assets/Resources/400+ Rpg items16x16/tile314.png using Guid(048fa649013888148b1a5d0e786e5355) Importer(815301076,1909f56bfc062723c751e8b465ee728b) (PreviewImporter) -> (artifact id: '9302378d22b9b5a4803a0d32f36db444') in 0.5056557 seconds
Number of updated asset objects reloaded before import = 0Number of asset objects unloaded after import = 5047

========================================================================
Received Import Request.
  Time since last request: 0.000041 seconds.
  path: Assets/Resources/Fish/C - Misc/Worm.png
  artifactKey: Guid(502e45a0752dcc046b7e372640166e4e) Importer(815301076,1909f56bfc062723c751e8b465ee728b)
Start importing Assets/Resources/Fish/C - Misc/Worm.png using Guid(502e45a0752dcc046b7e372640166e4e) Importer(815301076,1909f56bfc062723c751e8b465ee728b) (PreviewImporter) -> (artifact id: 'd5f561b8d5c377eeb08d4cc763b4d818') in 0.5124651 seconds
Number of updated asset objects reloaded before import = 0Number of asset objects unloaded after import = 5047

========================================================================
Received Import Request.
  Time since last request: 0.000033 seconds.
  path: Assets/Resources/400+ Rpg items16x16/tile302.png
  artifactKey: Guid(5afce2cd98940144a9d189314a8b302b) Importer(815301076,1909f56bfc062723c751e8b465ee728b)
Start importing Assets/Resources/400+ Rpg items16x16/tile302.png using Guid(5afce2cd98940144a9d189314a8b302b) Importer(815301076,1909f56bfc062723c751e8b465ee728b) (PreviewImporter) -> (artifact id: '449a9037ac91e35e638ca3de43295c11') in 0.521579 seconds
Number of updated asset objects reloaded before import = 0Number of asset objects unloaded after import = 5047

========================================================================
Received Import Request.
  Time since last request: 0.000041 seconds.
  path: Assets/Resources/400+ Rpg items16x16/tile439.png
  artifactKey: Guid(580b5eff8c864e34a9272c30c4a90921) Importer(815301076,1909f56bfc062723c751e8b465ee728b)
Start importing Assets/Resources/400+ Rpg items16x16/tile439.png using Guid(580b5eff8c864e34a9272c30c4a90921) Importer(815301076,1909f56bfc062723c751e8b465ee728b) (PreviewImporter) -> (artifact id: 'f7a5b097f74d459dbfc01d77586dd57e') in 0.4850518 seconds
Number of updated asset objects reloaded before import = 0Number of asset objects unloaded after import = 5047

========================================================================
Received Import Request.
  Time since last request: 0.000032 seconds.
  path: Assets/Resources/400+ Rpg items16x16/tile402.png
  artifactKey: Guid(7f6b3c1198dc84640ad4c9fa627bddc5) Importer(815301076,1909f56bfc062723c751e8b465ee728b)
Start importing Assets/Resources/400+ Rpg items16x16/tile402.png using Guid(7f6b3c1198dc84640ad4c9fa627bddc5) Importer(815301076,1909f56bfc062723c751e8b465ee728b) (PreviewImporter) -> (artifact id: 'db4e3440508f432c8769c886b45d1326') in 0.495923 seconds
Number of updated asset objects reloaded before import = 0Number of asset objects unloaded after import = 5047

========================================================================
Received Import Request.
  Time since last request: 0.000044 seconds.
  path: Assets/Resources/400+ Rpg items16x16/tile297.png
  artifactKey: Guid(d4148a3ad21367344840617be6285e02) Importer(815301076,1909f56bfc062723c751e8b465ee728b)
Start importing Assets/Resources/400+ Rpg items16x16/tile297.png using Guid(d4148a3ad21367344840617be6285e02) Importer(815301076,1909f56bfc062723c751e8b465ee728b) (PreviewImporter) -> (artifact id: '3be9eee316d9cbb419596d3a925d21ba') in 0.4786812 seconds
Number of updated asset objects reloaded before import = 0Number of asset objects unloaded after import = 5047

========================================================================
Received Import Request.
  Time since last request: 0.000043 seconds.
  path: Assets/Pixel Monster Pack/64x64 monsters/wolf-blue.png
  artifactKey: Guid(b62415e6f267a5a40a5031a36b39938b) Importer(815301076,1909f56bfc062723c751e8b465ee728b)
Start importing Assets/Pixel Monster Pack/64x64 monsters/wolf-blue.png using Guid(b62415e6f267a5a40a5031a36b39938b) Importer(815301076,1909f56bfc062723c751e8b465ee728b) (PreviewImporter) -> (artifact id: 'f30fe9d1ad0fec800e5d226048b45775') in 0.462694 seconds
Number of updated asset objects reloaded before import = 0Number of asset objects unloaded after import = 5047

========================================================================
Received Import Request.
  Time since last request: 0.000063 seconds.
  path: Assets/Resources/400+ Rpg items16x16/tile421.png
  artifactKey: Guid(6f843b5a2e381614ab55053b24196c68) Importer(815301076,1909f56bfc062723c751e8b465ee728b)
Start importing Assets/Resources/400+ Rpg items16x16/tile421.png using Guid(6f843b5a2e381614ab55053b24196c68) Importer(815301076,1909f56bfc062723c751e8b465ee728b) (PreviewImporter) -> (artifact id: 'a828fed8532987cc656d087a0876f258') in 0.4615384 seconds
Number of updated asset objects reloaded before import = 0Number of asset objects unloaded after import = 5047

========================================================================
Received Import Request.
  Time since last request: 0.000037 seconds.
  path: Assets/Pixel Monster Pack/32x32 monsters/worm-white.png
  artifactKey: Guid(804ceab9b19850742a982912a38f392a) Importer(815301076,1909f56bfc062723c751e8b465ee728b)
Start importing Assets/Pixel Monster Pack/32x32 monsters/worm-white.png using Guid(804ceab9b19850742a982912a38f392a) Importer(815301076,1909f56bfc062723c751e8b465ee728b) (PreviewImporter) -> (artifact id: '3f685a84ec8eeb870d03b28a755ecccf') in 0.4562067 seconds
Number of updated asset objects reloaded before import = 0Number of asset objects unloaded after import = 5047

========================================================================
Received Import Request.
  Time since last request: 0.000045 seconds.
  path: Assets/Resources/400+ Rpg items16x16/tile290.png
  artifactKey: Guid(ff7c66a8e8e65f9468d3753f361a7d14) Importer(815301076,1909f56bfc062723c751e8b465ee728b)
Start importing Assets/Resources/400+ Rpg items16x16/tile290.png using Guid(ff7c66a8e8e65f9468d3753f361a7d14) Importer(815301076,1909f56bfc062723c751e8b465ee728b) (PreviewImporter) -> (artifact id: 'bad29c0d94a4f086931d404a7d43c9ac') in 0.5192872 seconds
Number of updated asset objects reloaded before import = 0Number of asset objects unloaded after import = 5047

========================================================================
Received Import Request.
  Time since last request: 0.000036 seconds.
  path: Assets/Resources/400+ Rpg items16x16/tile443.png
  artifactKey: Guid(2b424d0713228314f8042114a377f741) Importer(815301076,1909f56bfc062723c751e8b465ee728b)
Start importing Assets/Resources/400+ Rpg items16x16/tile443.png using Guid(2b424d0713228314f8042114a377f741) Importer(815301076,1909f56bfc062723c751e8b465ee728b) (PreviewImporter) -> (artifact id: '8a5579944670f11ca6e853079da39947') in 0.492568 seconds
Number of updated asset objects reloaded before import = 0Number of asset objects unloaded after import = 5047

========================================================================
Received Import Request.
  Time since last request: 0.000052 seconds.
  path: Assets/Resources/400+ Rpg items16x16/tile446.png
  artifactKey: Guid(1834d82aab71d0640b80882dc15fa593) Importer(815301076,1909f56bfc062723c751e8b465ee728b)
Start importing Assets/Resources/400+ Rpg items16x16/tile446.png using Guid(1834d82aab71d0640b80882dc15fa593) Importer(815301076,1909f56bfc062723c751e8b465ee728b) (PreviewImporter) -> (artifact id: 'ff7a83130a57418157a9ce4ad2de1fac') in 0.4814526 seconds
Number of updated asset objects reloaded before import = 0Number of asset objects unloaded after import = 5047

========================================================================
Received Import Request.
  Time since last request: 0.000050 seconds.
  path: Assets/Resources/400+ Rpg items16x16/tile299.png
  artifactKey: Guid(a395cf9bfdf572343b29400ba2c3fc94) Importer(815301076,1909f56bfc062723c751e8b465ee728b)
Start importing Assets/Resources/400+ Rpg items16x16/tile299.png using Guid(a395cf9bfdf572343b29400ba2c3fc94) Importer(815301076,1909f56bfc062723c751e8b465ee728b) (PreviewImporter) -> (artifact id: '7fb4269944962b3cd8a5c87f05004b61') in 0.4913205 seconds
Number of updated asset objects reloaded before import = 0Number of asset objects unloaded after import = 5047

========================================================================
Received Import Request.
  Time since last request: 0.000042 seconds.
  path: Assets/Resources/400+ Rpg items16x16/tile292.png
  artifactKey: Guid(762a7ca242f41794087bc7f2bbe3594e) Importer(815301076,1909f56bfc062723c751e8b465ee728b)
Start importing Assets/Resources/400+ Rpg items16x16/tile292.png using Guid(762a7ca242f41794087bc7f2bbe3594e) Importer(815301076,1909f56bfc062723c751e8b465ee728b) (PreviewImporter) -> (artifact id: 'e65c7e8c297ffb8b1fc1438bc5721214') in 0.4939829 seconds
Number of updated asset objects reloaded before import = 0Number of asset objects unloaded after import = 5047

========================================================================
Received Import Request.
  Time since last request: 0.000036 seconds.
  path: Assets/Pixel Monster Pack/32x32 monsters/wolf-white.png
  artifactKey: Guid(e573449b0ffb8814e84905c16467421e) Importer(815301076,1909f56bfc062723c751e8b465ee728b)
Start importing Assets/Pixel Monster Pack/32x32 monsters/wolf-white.png using Guid(e573449b0ffb8814e84905c16467421e) Importer(815301076,1909f56bfc062723c751e8b465ee728b) (PreviewImporter) -> (artifact id: '0eb2f7ed9b393c4350a35f3cb01fc3b6') in 0.4756368 seconds
Number of updated asset objects reloaded before import = 0Number of asset objects unloaded after import = 5047

========================================================================
Received Import Request.
  Time since last request: 0.000040 seconds.
  path: Assets/Resources/400+ Rpg items16x16/tile412.png
  artifactKey: Guid(6961b6b45e06905448b7ceabe5f5bc11) Importer(815301076,1909f56bfc062723c751e8b465ee728b)
Start importing Assets/Resources/400+ Rpg items16x16/tile412.png using Guid(6961b6b45e06905448b7ceabe5f5bc11) Importer(815301076,1909f56bfc062723c751e8b465ee728b) (PreviewImporter) -> (artifact id: '3c265742d2d767bbd7c1587f94f721da') in 0.4616792 seconds
Number of updated asset objects reloaded before import = 0Number of asset objects unloaded after import = 5047

Editor requested this worker to shutdown with reason: Scaling down because of idle timeout
AssetImportWorker is now disconnected from the server
Process exiting
Exiting without the bug reporter. Application will terminate with return code 0